200.200.200.1 - - [11/Dec/2023:00:04:57 +0300] "POST /core/wp-cron.php?doing_wp_cron=1702242297.2202599048614501953125 HTTP/1.1" 200 259 "-" "WordPress/6.2.2; http://c.whatsapp.net"
200.200.200.253 - - [11/Dec/2023:00:04:56 +0300] "POST /chat HTTP/1.1" 408 487 "-" "Mozilla/5.0 (compatible; WAChat/1.2; +http://www.whatsapp.com/contact)"
200.200.200.253 - - [11/Dec/2023:00:05:08 +0300] "POST /chat HTTP/1.1" 408 487 "-" "Mozilla/5.0 (compatible; WAChat/1.2; +http://www.whatsapp.com/contact)"
200.200.200.1 - - [11/Dec/2023:00:09:39 +0300] "POST /core/wp-cron.php?doing_wp_cron=1702242579.4868290424346923828125 HTTP/1.1" 200 259 "-" "WordPress/6.2.2; http://connectivitycheck.platform.hicloud.com"
200.200.200.52 - - [11/Dec/2023:00:09:39 +0300] "GET /generate_204_44c3a6bc-8dde-4d6a-b2dc-f73b8ea5965b HTTP/1.1" 404 41017 "-" "Mozilla/5.0 (X11; Linux x86_64) AppleWebKit/537.36 (KHTML, like Gecko) Chrome/60.0.3112.32 Safari/537.36"
200.200.200.52 - - [11/Dec/2023:00:09:39 +0300] "GET /generate_204 HTTP/1.1" 301 624 "-" "Mozilla/5.0 (X11; Linux x86_64) AppleWebKit/537.36 (KHTML, like Gecko) Chrome/60.0.3112.32 Safari/537.36"
200.200.200.147 - - [11/Dec/2023:00:10:13 +0300] "GET /generate_204_dabc4d70-ef8e-49e7-b484-10f0c3bea43d HTTP/1.1" 404 41017 "-" "Mozilla/5.0 (X11; Linux x86_64) AppleWebKit/537.36 (KHTML, like Gecko) Chrome/60.0.3112.32 Safari/537.36"
200.200.200.147 - - [11/Dec/2023:00:10:13 +0300] "GET /generate_204 HTTP/1.1" 301 624 "-" "Mozilla/5.0 (X11; Linux x86_64) AppleWebKit/537.36 (KHTML, like Gecko) Chrome/60.0.3112.32 Safari/537.36"
200.200.200.1 - - [11/Dec/2023:00:20:02 +0300] "POST /core/wp-cron.php?doing_wp_cron=1702243202.1212420463562011718750 HTTP/1.1" 200 259 "-" "WordPress/6.2.2; http://aurorawifi.ru"
200.200.200.246 - - [11/Dec/2023:00:20:01 +0300] "GET / HTTP/1.1" 200 9839 "-" "Mozilla/5.0 (Linux; Android 11; Lenovo K12 Pro Build/RZCS31.Q2-57-12-14; wv) AppleWebKit/537.36 (KHTML, like Gecko) Version/4.0 Chrome/119.0.6045.193 Mobile Safari/537.36"
200.200.200.246 - - [11/Dec/2023:00:20:02 +0300] "GET /wp-content/plugins/wifly-authlogging/ext/bootstrap.css?ver=6.2.2 HTTP/1.1" 200 27867 "http://aurorawifi.ru/" "Mozilla/5.0 (Linux; Android 11; Lenovo K12 Pro Build/RZCS31.Q2-57-12-14; wv) AppleWebKit/537.36 (KHTML, like Gecko) Version/4.0 Chrome/119.0.6045.193 Mobile Safari/537.36"
200.200.200.246 - - [11/Dec/2023:00:20:02 +0300] "GET /core/wp-includes/css/dist/block-library/style.min.css?ver=6.2.2 HTTP/1.1" 200 13076 "http://aurorawifi.ru/" "Mozilla/5.0 (Linux; Android 11; Lenovo K12 Pro Build/RZCS31.Q2-57-12-14; wv) AppleWebKit/537.36 (KHTML, like Gecko) Version/4.0 Chrome/119.0.6045.193 Mobile Safari/537.36"
200.200.200.246 - - [11/Dec/2023:00:20:02 +0300] "GET /wp-content/themes/wifly/assets/css/form.css?ver=1691923366 HTTP/1.1" 200 1321 "http://aurorawifi.ru/" "Mozilla/5.0 (Linux; Android 11; Lenovo K12 Pro Build/RZCS31.Q2-57-12-14; wv) AppleWebKit/537.36 (KHTML, like Gecko) Version/4.0 Chrome/119.0.6045.193 Mobile Safari/537.36"
200.200.200.246 - - [11/Dec/2023:00:20:02 +0300] "GET /wp-content/themes/wifly/assets/css/normalize.css?ver=1691923366 HTTP/1.1" 200 2076 "http://aurorawifi.ru/" "Mozilla/5.0 (Linux; Android 11; Lenovo K12 Pro Build/RZCS31.Q2-57-12-14; wv) AppleWebKit/537.36 (KHTML, like Gecko) Version/4.0 Chrome/119.0.6045.193 Mobile Safari/537.36"
200.200.200.246 - - [11/Dec/2023:00:20:02 +0300] "GET /wp-content/themes/wifly/assets/css/fonts.css?ver=1691923366 HTTP/1.1" 200 481 "http://aurorawifi.ru/" "Mozilla/5.0 (Linux; Android 11; Lenovo K12 Pro Build/RZCS31.Q2-57-12-14; wv) AppleWebKit/537.36 (KHTML, like Gecko) Version/4.0 Chrome/119.0.6045.193 Mobile Safari/537.36"
200.200.200.246 - - [11/Dec/2023:00:20:02 +0300] "GET /wp-content/themes/wifly/assets/css/app.css?ver=1701247277 HTTP/1.1" 200 8295 "http://aurorawifi.ru/" "Mozilla/5.0 (Linux; Android 11; Lenovo K12 Pro Build/RZCS31.Q2-57-12-14; wv) AppleWebKit/537.36 (KHTML, like Gecko) Version/4.0 Chrome/119.0.6045.193 Mobile Safari/537.36"
200.200.200.246 - - [11/Dec/2023:00:20:02 +0300] "GET /wp-content/plugins/wp-statistics/assets/js/tracker.js?ver=6.2.2 HTTP/1.1" 200 949 "http://aurorawifi.ru/" "Mozilla/5.0 (Linux; Android 11; Lenovo K12 Pro Build/RZCS31.Q2-57-12-14; wv) AppleWebKit/537.36 (KHTML, like Gecko) Version/4.0 Chrome/119.0.6045.193 Mobile Safari/537.36"
200.200.200.246 - - [11/Dec/2023:00:20:02 +0300] "GET /wp-content/plugins/wifly-authlogging/ext/bootstrap.js?ver=6.2.2 HTTP/1.1" 200 23678 "http://aurorawifi.ru/" "Mozilla/5.0 (Linux; Android 11; Lenovo K12 Pro Build/RZCS31.Q2-57-12-14; wv) AppleWebKit/537.36 (KHTML, like Gecko) Version/4.0 Chrome/119.0.6045.193 Mobile Safari/537.36"
200.200.200.246 - - [11/Dec/2023:00:20:02 +0300] "GET /core/wp-includes/js/jquery/jquery-migrate.min.js?ver=3.4.0 HTTP/1.1" 200 5146 "http://aurorawifi.ru/" "Mozilla/5.0 (Linux; Android 11; Lenovo K12 Pro Build/RZCS31.Q2-57-12-14; wv) AppleWebKit/537.36 (KHTML, like Gecko) Version/4.0 Chrome/119.0.6045.193 Mobile Safari/537.36"
200.200.200.246 - - [11/Dec/2023:00:20:02 +0300] "GET /core/wp-includes/js/jquery/jquery.min.js?ver=3.6.4 HTTP/1.1" 200 31402 "http://aurorawifi.ru/" "Mozilla/5.0 (Linux; Android 11; Lenovo K12 Pro Build/RZCS31.Q2-57-12-14; wv) AppleWebKit/537.36 (KHTML, like Gecko) Version/4.0 Chrome/119.0.6045.193 Mobile Safari/537.36"
200.200.200.246 - - [11/Dec/2023:00:20:02 +0300] "GET /wp-content/uploads/2023/10/idea.png HTTP/1.1" 200 374775 "http://aurorawifi.ru/" "Mozilla/5.0 (Linux; Android 11; Lenovo K12 Pro Build/RZCS31.Q2-57-12-14; wv) AppleWebKit/537.36 (KHTML, like Gecko) Version/4.0 Chrome/119.0.6045.193 Mobile Safari/537.36"
200.200.200.246 - - [11/Dec/2023:00:20:02 +0300] "GET /wp-content/themes/wifly/assets/js/infinite-scroll.pkgd.js?ver=1691923366 HTTP/1.1" 200 12973 "http://aurorawifi.ru/" "Mozilla/5.0 (Linux; Android 11; Lenovo K12 Pro Build/RZCS31.Q2-57-12-14; wv) AppleWebKit/537.36 (KHTML, like Gecko) Version/4.0 Chrome/119.0.6045.193 Mobile Safari/537.36"
200.200.200.246 - - [11/Dec/2023:00:20:03 +0300] "GET /wp-content/themes/wifly/assets/js/app.js?ver=1700154778 HTTP/1.1" 200 6308 "http://aurorawifi.ru/" "Mozilla/5.0 (Linux; Android 11; Lenovo K12 Pro Build/RZCS31.Q2-57-12-14; wv) AppleWebKit/537.36 (KHTML, like Gecko) Version/4.0 Chrome/119.0.6045.193 Mobile Safari/537.36"
200.200.200.246 - - [11/Dec/2023:00:20:03 +0300] "GET /wp-content/themes/wifly/assets/js/scripts.js?ver=1.0.013443345681235 HTTP/1.1" 200 5041 "http://aurorawifi.ru/" "Mozilla/5.0 (Linux; Android 11; Lenovo K12 Pro Build/RZCS31.Q2-57-12-14; wv) AppleWebKit/537.36 (KHTML, like Gecko) Version/4.0 Chrome/119.0.6045.193 Mobile Safari/537.36"
200.200.200.246 - - [11/Dec/2023:00:20:03 +0300] "GET /jquery.device.detector.js HTTP/1.1" 200 4875 "http://aurorawifi.ru/" "Mozilla/5.0 (Linux; Android 11; Lenovo K12 Pro Build/RZCS31.Q2-57-12-14; wv) AppleWebKit/537.36 (KHTML, like Gecko) Version/4.0 Chrome/119.0.6045.193 Mobile Safari/537.36"
200.200.200.246 - - [11/Dec/2023:00:20:03 +0300] "GET /wp-content/uploads/2023/11/logo_white.png HTTP/1.1" 200 6908 "http://aurorawifi.ru/" "Mozilla/5.0 (Linux; Android 11; Lenovo K12 Pro Build/RZCS31.Q2-57-12-14; wv) AppleWebKit/537.36 (KHTML, like Gecko) Version/4.0 Chrome/119.0.6045.193 Mobile Safari/537.36"
200.200.200.246 - - [11/Dec/2023:00:20:03 +0300] "GET /wp-content/fonts/montserrat/JTUHjIg1_i6t8kCHKm4532VJOt5-QNFgpCuM73w9aXx-p7K4GLvztg.woff HTTP/1.1" 200 11327 "http://aurorawifi.ru/" "Mozilla/5.0 (Linux; Android 11; Lenovo K12 Pro Build/RZCS31.Q2-57-12-14; wv) AppleWebKit/537.36 (KHTML, like Gecko) Version/4.0 Chrome/119.0.6045.193 Mobile Safari/537.36"
200.200.200.246 - - [11/Dec/2023:00:20:03 +0300] "GET /wp-content/fonts/montserrat/JTUHjIg1_i6t8kCHKm4532VJOt5-QNFgpCuM73w5aXx-p7K4GLs.woff HTTP/1.1" 200 19619 "http://aurorawifi.ru/" "Mozilla/5.0 (Linux; Android 11; Lenovo K12 Pro Build/RZCS31.Q2-57-12-14; wv) AppleWebKit/537.36 (KHTML, like Gecko) Version/4.0 Chrome/119.0.6045.193 Mobile Safari/537.36"
200.200.200.246 - - [11/Dec/2023:00:20:03 +0300] "GET /wp-content/uploads/2023/09/cloud-mobile.jpg HTTP/1.1" 200 17885 "http://aurorawifi.ru/" "Mozilla/5.0 (Linux; Android 11; Lenovo K12 Pro Build/RZCS31.Q2-57-12-14; wv) AppleWebKit/537.36 (KHTML, like Gecko) Version/4.0 Chrome/119.0.6045.193 Mobile Safari/537.36"
200.200.200.246 - - [11/Dec/2023:00:20:03 +0300] "GET /wp-content/uploads/2023/10/aurora-airlines-logo-512x512-1-3.png HTTP/1.1" 200 7394 "http://aurorawifi.ru/" "Mozilla/5.0 (Linux; Android 11; Lenovo K12 Pro Build/RZCS31.Q2-57-12-14; wv) AppleWebKit/537.36 (KHTML, like Gecko) Version/4.0 Chrome/119.0.6045.193 Mobile Safari/537.36"
200.200.200.246 - - [11/Dec/2023:00:20:03 +0300] "GET /wp-content/themes/wifly/assets/images/cross.svg HTTP/1.1" 200 1295 "http://aurorawifi.ru/wp-content/themes/wifly/assets/css/app.css?ver=1701247277" "Mozilla/5.0 (Linux; Android 11; Lenovo K12 Pro Build/RZCS31.Q2-57-12-14; wv) AppleWebKit/537.36 (KHTML, like Gecko) Version/4.0 Chrome/119.0.6045.193 Mobile Safari/537.36"
200.200.200.246 - - [11/Dec/2023:00:20:03 +0300] "GET /wp-content/uploads/2023/10/greater_than_light.svg HTTP/1.1" 200 2447 "http://aurorawifi.ru/" "Mozilla/5.0 (Linux; Android 11; Lenovo K12 Pro Build/RZCS31.Q2-57-12-14; wv) AppleWebKit/537.36 (KHTML, like Gecko) Version/4.0 Chrome/119.0.6045.193 Mobile Safari/537.36"
200.200.200.246 - - [11/Dec/2023:00:20:03 +0300] "GET /wp-content/uploads/2023/10/logo_moroshka.svg HTTP/1.1" 200 1831240 "http://aurorawifi.ru/" "Mozilla/5.0 (Linux; Android 11; Lenovo K12 Pro Build/RZCS31.Q2-57-12-14; wv) AppleWebKit/537.36 (KHTML, like Gecko) Version/4.0 Chrome/119.0.6045.193 Mobile Safari/537.36"
200.200.200.246 - - [11/Dec/2023:00:20:03 +0300] "GET /wp-content/uploads/2023/09/path7.svg HTTP/1.1" 200 2191 "http://aurorawifi.ru/" "Mozilla/5.0 (Linux; Android 11; Lenovo K12 Pro Build/RZCS31.Q2-57-12-14; wv) AppleWebKit/537.36 (KHTML, like Gecko) Version/4.0 Chrome/119.0.6045.193 Mobile Safari/537.36"
::1 - - [11/Dec/2023:00:20:11 +0300] "OPTIONS * HTTP/1.0" 200 126 "-" "Apache/2.4.41 (Ubuntu) (internal dummy connection)"
200.200.200.246 - - [11/Dec/2023:00:20:17 +0300] "POST /chat HTTP/1.1" 408 487 "-" "Mozilla/5.0 (compatible; WAChat/1.2; +http://www.whatsapp.com/contact)"
200.200.200.1 - - [11/Dec/2023:00:20:28 +0300] "POST /core/wp-cron.php?doing_wp_cron=1702243228.1448268890380859375000 HTTP/1.1" 200 259 "-" "WordPress/6.2.2; http://c.whatsapp.net"
200.200.200.246 - - [11/Dec/2023:00:20:27 +0300] "POST /chat HTTP/1.1" 408 487 "-" "Mozilla/5.0 (compatible; WAChat/1.2; +http://www.whatsapp.com/contact)"
200.200.200.246 - - [11/Dec/2023:00:20:53 +0300] "POST /chat HTTP/1.1" 408 487 "-" "Mozilla/5.0 (compatible; WAChat/1.2; +http://www.whatsapp.com/contact)"
200.200.200.246 - - [11/Dec/2023:00:21:14 +0300] "POST /chat HTTP/1.1" 408 487 "-" "Mozilla/5.0 (compatible; WAChat/1.2; +http://www.whatsapp.com/contact)"
200.200.200.246 - - [11/Dec/2023:00:21:25 +0300] "POST /chat HTTP/1.1" 408 487 "-" "Mozilla/5.0 (compatible; WAChat/1.2; +http://www.whatsapp.com/contact)"
200.200.200.1 - - [11/Dec/2023:00:21:51 +0300] "POST /core/wp-cron.php?doing_wp_cron=1702243311.7222659587860107421875 HTTP/1.1" 200 259 "-" "WordPress/6.2.2; http://c.whatsapp.net"
200.200.200.246 - - [11/Dec/2023:00:21:51 +0300] "POST /chat HTTP/1.1" 408 487 "-" "Mozilla/5.0 (compatible; WAChat/1.2; +http://www.whatsapp.com/contact)"
200.200.200.246 - - [11/Dec/2023:00:22:02 +0300] "POST /chat HTTP/1.1" 408 487 "-" "Mozilla/5.0 (compatible; WAChat/1.2; +http://www.whatsapp.com/contact)"
200.200.200.246 - - [11/Dec/2023:00:22:13 +0300] "POST /chat HTTP/1.1" 408 487 "-" "Mozilla/5.0 (compatible; WAChat/1.2; +http://www.whatsapp.com/contact)"
200.200.200.1 - - [11/Dec/2023:00:22:39 +0300] "POST /core/wp-cron.php?doing_wp_cron=1702243359.5384869575500488281250 HTTP/1.1" 200 259 "-" "WordPress/6.2.2; http://c.whatsapp.net"
200.200.200.246 - - [11/Dec/2023:00:22:39 +0300] "POST /chat HTTP/1.1" 408 487 "-" "Mozilla/5.0 (compatible; WAChat/1.2; +http://www.whatsapp.com/contact)"
200.200.200.224 - - [11/Dec/2023:00:22:54 +0300] "GET / HTTP/1.1" 200 9839 "-" "Mozilla/5.0 (Linux; Android 10; SM-J600F Build/QP1A.190711.020; wv) AppleWebKit/537.36 (KHTML, like Gecko) Version/4.0 Chrome/118.0.0.0 Mobile Safari/537.36"
200.200.200.224 - - [11/Dec/2023:00:22:55 +0300] "GET /wp-content/plugins/wifly-authlogging/ext/bootstrap.css?ver=6.2.2 HTTP/1.1" 200 27867 "http://aurorawifi.ru/" "Mozilla/5.0 (Linux; Android 10; SM-J600F Build/QP1A.190711.020; wv) AppleWebKit/537.36 (KHTML, like Gecko) Version/4.0 Chrome/118.0.0.0 Mobile Safari/537.36"
200.200.200.224 - - [11/Dec/2023:00:22:55 +0300] "GET /wp-content/themes/wifly/assets/css/form.css?ver=1691923366 HTTP/1.1" 200 1321 "http://aurorawifi.ru/" "Mozilla/5.0 (Linux; Android 10; SM-J600F Build/QP1A.190711.020; wv) AppleWebKit/537.36 (KHTML, like Gecko) Version/4.0 Chrome/118.0.0.0 Mobile Safari/537.36"
200.200.200.224 - - [11/Dec/2023:00:22:55 +0300] "GET /core/wp-includes/css/dist/block-library/style.min.css?ver=6.2.2 HTTP/1.1" 200 13076 "http://aurorawifi.ru/" "Mozilla/5.0 (Linux; Android 10; SM-J600F Build/QP1A.190711.020; wv) AppleWebKit/537.36 (KHTML, like Gecko) Version/4.0 Chrome/118.0.0.0 Mobile Safari/537.36"
200.200.200.224 - - [11/Dec/2023:00:22:55 +0300] "GET /wp-content/themes/wifly/assets/css/fonts.css?ver=1691923366 HTTP/1.1" 200 481 "http://aurorawifi.ru/" "Mozilla/5.0 (Linux; Android 10; SM-J600F Build/QP1A.190711.020; wv) AppleWebKit/537.36 (KHTML, like Gecko) Version/4.0 Chrome/118.0.0.0 Mobile Safari/537.36"
200.200.200.224 - - [11/Dec/2023:00:22:55 +0300] "GET /wp-content/themes/wifly/assets/css/normalize.css?ver=1691923366 HTTP/1.1" 200 2076 "http://aurorawifi.ru/" "Mozilla/5.0 (Linux; Android 10; SM-J600F Build/QP1A.190711.020; wv) AppleWebKit/537.36 (KHTML, like Gecko) Version/4.0 Chrome/118.0.0.0 Mobile Safari/537.36"
200.200.200.224 - - [11/Dec/2023:00:22:55 +0300] "GET /wp-content/themes/wifly/assets/css/app.css?ver=1701247277 HTTP/1.1" 200 8295 "http://aurorawifi.ru/" "Mozilla/5.0 (Linux; Android 10; SM-J600F Build/QP1A.190711.020; wv) AppleWebKit/537.36 (KHTML, like Gecko) Version/4.0 Chrome/118.0.0.0 Mobile Safari/537.36"
200.200.200.224 - - [11/Dec/2023:00:22:55 +0300] "GET /core/wp-includes/js/jquery/jquery-migrate.min.js?ver=3.4.0 HTTP/1.1" 200 5146 "http://aurorawifi.ru/" "Mozilla/5.0 (Linux; Android 10; SM-J600F Build/QP1A.190711.020; wv) AppleWebKit/537.36 (KHTML, like Gecko) Version/4.0 Chrome/118.0.0.0 Mobile Safari/537.36"
200.200.200.224 - - [11/Dec/2023:00:22:55 +0300] "GET /wp-content/plugins/wp-statistics/assets/js/tracker.js?ver=6.2.2 HTTP/1.1" 200 949 "http://aurorawifi.ru/" "Mozilla/5.0 (Linux; Android 10; SM-J600F Build/QP1A.190711.020; wv) AppleWebKit/537.36 (KHTML, like Gecko) Version/4.0 Chrome/118.0.0.0 Mobile Safari/537.36"
200.200.200.224 - - [11/Dec/2023:00:22:55 +0300] "GET /wp-content/plugins/wifly-authlogging/ext/bootstrap.js?ver=6.2.2 HTTP/1.1" 200 23678 "http://aurorawifi.ru/" "Mozilla/5.0 (Linux; Android 10; SM-J600F Build/QP1A.190711.020; wv) AppleWebKit/537.36 (KHTML, like Gecko) Version/4.0 Chrome/118.0.0.0 Mobile Safari/537.36"
200.200.200.224 - - [11/Dec/2023:00:22:55 +0300] "GET /core/wp-includes/js/jquery/jquery.min.js?ver=3.6.4 HTTP/1.1" 200 31402 "http://aurorawifi.ru/" "Mozilla/5.0 (Linux; Android 10; SM-J600F Build/QP1A.190711.020; wv) AppleWebKit/537.36 (KHTML, like Gecko) Version/4.0 Chrome/118.0.0.0 Mobile Safari/537.36"
200.200.200.224 - - [11/Dec/2023:00:22:55 +0300] "GET /wp-content/themes/wifly/assets/js/infinite-scroll.pkgd.js?ver=1691923366 HTTP/1.1" 200 12973 "http://aurorawifi.ru/" "Mozilla/5.0 (Linux; Android 10; SM-J600F Build/QP1A.190711.020; wv) AppleWebKit/537.36 (KHTML, like Gecko) Version/4.0 Chrome/118.0.0.0 Mobile Safari/537.36"
200.200.200.224 - - [11/Dec/2023:00:22:55 +0300] "GET /wp-content/uploads/2023/10/idea.png HTTP/1.1" 200 374775 "http://aurorawifi.ru/" "Mozilla/5.0 (Linux; Android 10; SM-J600F Build/QP1A.190711.020; wv) AppleWebKit/537.36 (KHTML, like Gecko) Version/4.0 Chrome/118.0.0.0 Mobile Safari/537.36"
200.200.200.224 - - [11/Dec/2023:00:22:55 +0300] "GET /wp-content/themes/wifly/assets/js/app.js?ver=1700154778 HTTP/1.1" 200 6308 "http://aurorawifi.ru/" "Mozilla/5.0 (Linux; Android 10; SM-J600F Build/QP1A.190711.020; wv) AppleWebKit/537.36 (KHTML, like Gecko) Version/4.0 Chrome/118.0.0.0 Mobile Safari/537.36"
200.200.200.224 - - [11/Dec/2023:00:22:55 +0300] "GET /wp-content/themes/wifly/assets/js/scripts.js?ver=1.0.013443345681235 HTTP/1.1" 200 5041 "http://aurorawifi.ru/" "Mozilla/5.0 (Linux; Android 10; SM-J600F Build/QP1A.190711.020; wv) AppleWebKit/537.36 (KHTML, like Gecko) Version/4.0 Chrome/118.0.0.0 Mobile Safari/537.36"
200.200.200.224 - - [11/Dec/2023:00:22:55 +0300] "GET /jquery.device.detector.js HTTP/1.1" 200 4875 "http://aurorawifi.ru/" "Mozilla/5.0 (Linux; Android 10; SM-J600F Build/QP1A.190711.020; wv) AppleWebKit/537.36 (KHTML, like Gecko) Version/4.0 Chrome/118.0.0.0 Mobile Safari/537.36"
200.200.200.224 - - [11/Dec/2023:00:22:55 +0300] "GET /core/wp-includes/js/wp-emoji-release.min.js?ver=6.2.2 HTTP/1.1" 200 5390 "http://aurorawifi.ru/" "Mozilla/5.0 (Linux; Android 10; SM-J600F Build/QP1A.190711.020; wv) AppleWebKit/537.36 (KHTML, like Gecko) Version/4.0 Chrome/118.0.0.0 Mobile Safari/537.36"
200.200.200.224 - - [11/Dec/2023:00:22:55 +0300] "GET /wp-content/uploads/2023/11/logo_white.png HTTP/1.1" 200 6908 "http://aurorawifi.ru/" "Mozilla/5.0 (Linux; Android 10; SM-J600F Build/QP1A.190711.020; wv) AppleWebKit/537.36 (KHTML, like Gecko) Version/4.0 Chrome/118.0.0.0 Mobile Safari/537.36"
200.200.200.224 - - [11/Dec/2023:00:22:55 +0300] "GET /wp-content/uploads/2023/09/cloud-mobile.jpg HTTP/1.1" 200 17885 "http://aurorawifi.ru/" "Mozilla/5.0 (Linux; Android 10; SM-J600F Build/QP1A.190711.020; wv) AppleWebKit/537.36 (KHTML, like Gecko) Version/4.0 Chrome/118.0.0.0 Mobile Safari/537.36"
200.200.200.224 - - [11/Dec/2023:00:22:55 +0300] "GET /wp-content/fonts/montserrat/JTUHjIg1_i6t8kCHKm4532VJOt5-QNFgpCuM73w9aXx-p7K4GLvztg.woff HTTP/1.1" 200 11327 "http://aurorawifi.ru/" "Mozilla/5.0 (Linux; Android 10; SM-J600F Build/QP1A.190711.020; wv) AppleWebKit/537.36 (KHTML, like Gecko) Version/4.0 Chrome/118.0.0.0 Mobile Safari/537.36"
200.200.200.224 - - [11/Dec/2023:00:22:55 +0300] "GET /wp-content/fonts/montserrat/JTUHjIg1_i6t8kCHKm4532VJOt5-QNFgpCuM73w5aXx-p7K4GLs.woff HTTP/1.1" 200 19619 "http://aurorawifi.ru/" "Mozilla/5.0 (Linux; Android 10; SM-J600F Build/QP1A.190711.020; wv) AppleWebKit/537.36 (KHTML, like Gecko) Version/4.0 Chrome/118.0.0.0 Mobile Safari/537.36"
200.200.200.224 - - [11/Dec/2023:00:22:55 +0300] "GET /wp-content/uploads/2023/10/aurora-airlines-logo-512x512-1-3.png HTTP/1.1" 200 7394 "http://aurorawifi.ru/" "Mozilla/5.0 (Linux; Android 10; SM-J600F Build/QP1A.190711.020; wv) AppleWebKit/537.36 (KHTML, like Gecko) Version/4.0 Chrome/118.0.0.0 Mobile Safari/537.36"
200.200.200.224 - - [11/Dec/2023:00:22:55 +0300] "GET /wp-content/themes/wifly/assets/images/cross.svg HTTP/1.1" 200 1295 "http://aurorawifi.ru/wp-content/themes/wifly/assets/css/app.css?ver=1701247277" "Mozilla/5.0 (Linux; Android 10; SM-J600F Build/QP1A.190711.020; wv) AppleWebKit/537.36 (KHTML, like Gecko) Version/4.0 Chrome/118.0.0.0 Mobile Safari/537.36"
200.200.200.224 - - [11/Dec/2023:00:22:55 +0300] "GET /wp-content/uploads/2023/10/greater_than_light.svg HTTP/1.1" 200 2447 "http://aurorawifi.ru/" "Mozilla/5.0 (Linux; Android 10; SM-J600F Build/QP1A.190711.020; wv) AppleWebKit/537.36 (KHTML, like Gecko) Version/4.0 Chrome/118.0.0.0 Mobile Safari/537.36"
200.200.200.224 - - [11/Dec/2023:00:22:55 +0300] "GET /wp-content/uploads/2023/10/logo_moroshka.svg HTTP/1.1" 200 1831240 "http://aurorawifi.ru/" "Mozilla/5.0 (Linux; Android 10; SM-J600F Build/QP1A.190711.020; wv) AppleWebKit/537.36 (KHTML, like Gecko) Version/4.0 Chrome/118.0.0.0 Mobile Safari/537.36"
200.200.200.224 - - [11/Dec/2023:00:22:56 +0300] "GET /wp-content/uploads/2023/09/path7.svg HTTP/1.1" 200 2191 "http://aurorawifi.ru/" "Mozilla/5.0 (Linux; Android 10; SM-J600F Build/QP1A.190711.020; wv) AppleWebKit/537.36 (KHTML, like Gecko) Version/4.0 Chrome/118.0.0.0 Mobile Safari/537.36"
200.200.200.246 - - [11/Dec/2023:00:22:50 +0300] "POST /chat HTTP/1.1" 408 487 "-" "Mozilla/5.0 (compatible; WAChat/1.2; +http://www.whatsapp.com/contact)"
::1 - - [11/Dec/2023:00:23:03 +0300] "OPTIONS * HTTP/1.0" 200 126 "-" "Apache/2.4.41 (Ubuntu) (internal dummy connection)"
::1 - - [11/Dec/2023:00:23:04 +0300] "OPTIONS * HTTP/1.0" 200 126 "-" "Apache/2.4.41 (Ubuntu) (internal dummy connection)"
200.200.200.246 - - [11/Dec/2023:00:23:01 +0300] "POST /chat HTTP/1.1" 408 487 "-" "Mozilla/5.0 (compatible; WAChat/1.2; +http://www.whatsapp.com/contact)"
::1 - - [11/Dec/2023:00:23:12 +0300] "OPTIONS * HTTP/1.0" 200 126 "-" "Apache/2.4.41 (Ubuntu) (internal dummy connection)"
200.200.200.224 - - [11/Dec/2023:00:23:17 +0300] "GET / HTTP/1.1" 200 9839 "-" "Mozilla/5.0 (Linux; Android 10; SM-J600F Build/QP1A.190711.020; wv) AppleWebKit/537.36 (KHTML, like Gecko) Version/4.0 Chrome/118.0.0.0 Mobile Safari/537.36"
200.200.200.224 - - [11/Dec/2023:00:23:22 +0300] "POST /chat HTTP/1.1" 408 487 "-" "Mozilla/5.0 (compatible; WAChat/1.2; +http://www.whatsapp.com/contact)"
200.200.200.1 - - [11/Dec/2023:00:23:34 +0300] "POST /core/wp-cron.php?doing_wp_cron=1702243414.1322259902954101562500 HTTP/1.1" 200 259 "-" "WordPress/6.2.2; http://c.whatsapp.net"
200.200.200.246 - - [11/Dec/2023:00:23:27 +0300] "POST /chat HTTP/1.1" 408 487 "-" "Mozilla/5.0 (compatible; WAChat/1.2; +http://www.whatsapp.com/contact)"
200.200.200.224 - - [11/Dec/2023:00:23:33 +0300] "POST /chat HTTP/1.1" 408 487 "-" "Mozilla/5.0 (compatible; WAChat/1.2; +http://www.whatsapp.com/contact)"
200.200.200.246 - - [11/Dec/2023:00:23:38 +0300] "POST /chat HTTP/1.1" 408 487 "-" "Mozilla/5.0 (compatible; WAChat/1.2; +http://www.whatsapp.com/contact)"
200.200.200.1 - - [11/Dec/2023:00:23:49 +0300] "POST /core/wp-cron.php?doing_wp_cron=1702243429.2126181125640869140625 HTTP/1.1" 200 259 "-" "WordPress/6.2.2; http://c.whatsapp.net"
200.200.200.246 - - [11/Dec/2023:00:23:48 +0300] "POST /chat HTTP/1.1" 408 487 "-" "Mozilla/5.0 (compatible; WAChat/1.2; +http://www.whatsapp.com/contact)"
200.200.200.246 - - [11/Dec/2023:00:24:14 +0300] "POST /chat HTTP/1.1" 408 487 "-" "Mozilla/5.0 (compatible; WAChat/1.2; +http://www.whatsapp.com/contact)"
200.200.200.1 - - [11/Dec/2023:00:24:34 +0300] "POST /core/wp-cron.php?doing_wp_cron=1702243474.5253338813781738281250 HTTP/1.1" 200 259 "-" "WordPress/6.2.2; http://www.litres.ru"
200.200.200.246 - - [11/Dec/2023:00:24:34 +0300] "GET /static/mobile_apps/android_read/partners.json HTTP/1.1" 404 40120 "-" "okhttp/4.10.0"
200.200.200.246 - - [11/Dec/2023:00:24:25 +0300] "POST /chat HTTP/1.1" 408 487 "-" "Mozilla/5.0 (compatible; WAChat/1.2; +http://www.whatsapp.com/contact)"
200.200.200.246 - - [11/Dec/2023:00:24:36 +0300] "POST /chat HTTP/1.1" 408 487 "-" "Mozilla/5.0 (compatible; WAChat/1.2; +http://www.whatsapp.com/contact)"
200.200.200.224 - - [11/Dec/2023:00:24:45 +0300] "POST /chat HTTP/1.1" 408 487 "-" "Mozilla/5.0 (compatible; WAChat/1.2; +http://www.whatsapp.com/contact)"
200.200.200.246 - - [11/Dec/2023:00:25:02 +0300] "POST /chat HTTP/1.1" 408 487 "-" "Mozilla/5.0 (compatible; WAChat/1.2; +http://www.whatsapp.com/contact)"
200.200.200.246 - - [11/Dec/2023:00:25:13 +0300] "POST /chat HTTP/1.1" 408 487 "-" "Mozilla/5.0 (compatible; WAChat/1.2; +http://www.whatsapp.com/contact)"
200.200.200.246 - - [11/Dec/2023:00:25:23 +0300] "POST /chat HTTP/1.1" 408 487 "-" "Mozilla/5.0 (compatible; WAChat/1.2; +http://www.whatsapp.com/contact)"
200.200.200.1 - - [11/Dec/2023:00:25:46 +0300] "POST /core/wp-cron.php?doing_wp_cron=1702243546.1398210525512695312500 HTTP/1.1" 200 259 "-" "WordPress/6.2.2; http://www.litres.ru"
200.200.200.246 - - [11/Dec/2023:00:25:45 +0300] "GET /static/mobile_apps/android_read/partners.json HTTP/1.1" 404 40120 "-" "okhttp/4.10.0"
200.200.200.246 - - [11/Dec/2023:00:25:49 +0300] "POST /chat HTTP/1.1" 408 487 "-" "Mozilla/5.0 (compatible; WAChat/1.2; +http://www.whatsapp.com/contact)"
200.200.200.246 - - [11/Dec/2023:00:26:00 +0300] "POST /chat HTTP/1.1" 408 487 "-" "Mozilla/5.0 (compatible; WAChat/1.2; +http://www.whatsapp.com/contact)"
200.200.200.246 - - [11/Dec/2023:00:26:11 +0300] "POST /chat HTTP/1.1" 408 487 "-" "Mozilla/5.0 (compatible; WAChat/1.2; +http://www.whatsapp.com/contact)"
200.200.200.1 - - [11/Dec/2023:00:26:34 +0300] "POST /core/wp-cron.php?doing_wp_cron=1702243594.8512530326843261718750 HTTP/1.1" 200 259 "-" "WordPress/6.2.2; http://c.whatsapp.net"
200.200.200.246 - - [11/Dec/2023:00:26:43 +0300] "GET /static/mobile_apps/android_read/partners.json HTTP/1.1" 404 40120 "-" "okhttp/4.10.0"
200.200.200.224 - - [11/Dec/2023:00:26:34 +0300] "POST /chat HTTP/1.1" 408 487 "-" "Mozilla/5.0 (compatible; WAChat/1.2; +http://www.whatsapp.com/contact)"
200.200.200.246 - - [11/Dec/2023:00:26:37 +0300] "POST /chat HTTP/1.1" 408 487 "-" "Mozilla/5.0 (compatible; WAChat/1.2; +http://www.whatsapp.com/contact)"
200.200.200.224 - - [11/Dec/2023:00:26:48 +0300] "GET / HTTP/1.1" 200 9839 "-" "Mozilla/5.0 (Linux; Android 10; SM-J600F Build/QP1A.190711.020; wv) AppleWebKit/537.36 (KHTML, like Gecko) Version/4.0 Chrome/118.0.0.0 Mobile Safari/537.36"
200.200.200.224 - - [11/Dec/2023:00:26:49 +0300] "GET /wp-content/themes/wifly/assets/css/form.css?ver=1691923366 HTTP/1.1" 200 1321 "http://aurorawifi.ru/" "Mozilla/5.0 (Linux; Android 10; SM-J600F Build/QP1A.190711.020; wv) AppleWebKit/537.36 (KHTML, like Gecko) Version/4.0 Chrome/118.0.0.0 Mobile Safari/537.36"
200.200.200.224 - - [11/Dec/2023:00:26:49 +0300] "GET /core/wp-includes/css/dist/block-library/style.min.css?ver=6.2.2 HTTP/1.1" 200 13076 "http://aurorawifi.ru/" "Mozilla/5.0 (Linux; Android 10; SM-J600F Build/QP1A.190711.020; wv) AppleWebKit/537.36 (KHTML, like Gecko) Version/4.0 Chrome/118.0.0.0 Mobile Safari/537.36"
200.200.200.224 - - [11/Dec/2023:00:26:49 +0300] "GET /wp-content/plugins/wifly-authlogging/ext/bootstrap.css?ver=6.2.2 HTTP/1.1" 200 27867 "http://aurorawifi.ru/" "Mozilla/5.0 (Linux; Android 10; SM-J600F Build/QP1A.190711.020; wv) AppleWebKit/537.36 (KHTML, like Gecko) Version/4.0 Chrome/118.0.0.0 Mobile Safari/537.36"
200.200.200.224 - - [11/Dec/2023:00:26:49 +0300] "GET /wp-content/themes/wifly/assets/css/normalize.css?ver=1691923366 HTTP/1.1" 200 2076 "http://aurorawifi.ru/" "Mozilla/5.0 (Linux; Android 10; SM-J600F Build/QP1A.190711.020; wv) AppleWebKit/537.36 (KHTML, like Gecko) Version/4.0 Chrome/118.0.0.0 Mobile Safari/537.36"
200.200.200.224 - - [11/Dec/2023:00:26:49 +0300] "GET /wp-content/themes/wifly/assets/css/fonts.css?ver=1691923366 HTTP/1.1" 200 481 "http://aurorawifi.ru/" "Mozilla/5.0 (Linux; Android 10; SM-J600F Build/QP1A.190711.020; wv) AppleWebKit/537.36 (KHTML, like Gecko) Version/4.0 Chrome/118.0.0.0 Mobile Safari/537.36"
200.200.200.224 - - [11/Dec/2023:00:26:49 +0300] "GET /wp-content/themes/wifly/assets/css/app.css?ver=1701247277 HTTP/1.1" 200 8294 "http://aurorawifi.ru/" "Mozilla/5.0 (Linux; Android 10; SM-J600F Build/QP1A.190711.020; wv) AppleWebKit/537.36 (KHTML, like Gecko) Version/4.0 Chrome/118.0.0.0 Mobile Safari/537.36"
200.200.200.224 - - [11/Dec/2023:00:26:49 +0300] "GET /wp-content/plugins/wifly-authlogging/ext/bootstrap.js?ver=6.2.2 HTTP/1.1" 200 23679 "http://aurorawifi.ru/" "Mozilla/5.0 (Linux; Android 10; SM-J600F Build/QP1A.190711.020; wv) AppleWebKit/537.36 (KHTML, like Gecko) Version/4.0 Chrome/118.0.0.0 Mobile Safari/537.36"
200.200.200.224 - - [11/Dec/2023:00:26:49 +0300] "GET /core/wp-includes/js/jquery/jquery-migrate.min.js?ver=3.4.0 HTTP/1.1" 200 5146 "http://aurorawifi.ru/" "Mozilla/5.0 (Linux; Android 10; SM-J600F Build/QP1A.190711.020; wv) AppleWebKit/537.36 (KHTML, like Gecko) Version/4.0 Chrome/118.0.0.0 Mobile Safari/537.36"
200.200.200.224 - - [11/Dec/2023:00:26:49 +0300] "GET /core/wp-includes/js/jquery/jquery.min.js?ver=3.6.4 HTTP/1.1" 200 31402 "http://aurorawifi.ru/" "Mozilla/5.0 (Linux; Android 10; SM-J600F Build/QP1A.190711.020; wv) AppleWebKit/537.36 (KHTML, like Gecko) Version/4.0 Chrome/118.0.0.0 Mobile Safari/537.36"
200.200.200.224 - - [11/Dec/2023:00:26:49 +0300] "GET /wp-content/plugins/wp-statistics/assets/js/tracker.js?ver=6.2.2 HTTP/1.1" 200 949 "http://aurorawifi.ru/" "Mozilla/5.0 (Linux; Android 10; SM-J600F Build/QP1A.190711.020; wv) AppleWebKit/537.36 (KHTML, like Gecko) Version/4.0 Chrome/118.0.0.0 Mobile Safari/537.36"
200.200.200.224 - - [11/Dec/2023:00:26:49 +0300] "GET /wp-content/themes/wifly/assets/js/infinite-scroll.pkgd.js?ver=1691923366 HTTP/1.1" 200 12973 "http://aurorawifi.ru/" "Mozilla/5.0 (Linux; Android 10; SM-J600F Build/QP1A.190711.020; wv) AppleWebKit/537.36 (KHTML, like Gecko) Version/4.0 Chrome/118.0.0.0 Mobile Safari/537.36"
200.200.200.224 - - [11/Dec/2023:00:26:49 +0300] "GET /wp-content/uploads/2023/10/idea.png HTTP/1.1" 200 374775 "http://aurorawifi.ru/" "Mozilla/5.0 (Linux; Android 10; SM-J600F Build/QP1A.190711.020; wv) AppleWebKit/537.36 (KHTML, like Gecko) Version/4.0 Chrome/118.0.0.0 Mobile Safari/537.36"
200.200.200.224 - - [11/Dec/2023:00:26:49 +0300] "GET /wp-content/themes/wifly/assets/js/app.js?ver=1700154778 HTTP/1.1" 200 6308 "http://aurorawifi.ru/" "Mozilla/5.0 (Linux; Android 10; SM-J600F Build/QP1A.190711.020; wv) AppleWebKit/537.36 (KHTML, like Gecko) Version/4.0 Chrome/118.0.0.0 Mobile Safari/537.36"
200.200.200.224 - - [11/Dec/2023:00:26:49 +0300] "GET /wp-content/themes/wifly/assets/js/scripts.js?ver=1.0.013443345681235 HTTP/1.1" 200 5041 "http://aurorawifi.ru/" "Mozilla/5.0 (Linux; Android 10; SM-J600F Build/QP1A.190711.020; wv) AppleWebKit/537.36 (KHTML, like Gecko) Version/4.0 Chrome/118.0.0.0 Mobile Safari/537.36"
200.200.200.224 - - [11/Dec/2023:00:26:50 +0300] "GET /jquery.device.detector.js HTTP/1.1" 200 4875 "http://aurorawifi.ru/" "Mozilla/5.0 (Linux; Android 10; SM-J600F Build/QP1A.190711.020; wv) AppleWebKit/537.36 (KHTML, like Gecko) Version/4.0 Chrome/118.0.0.0 Mobile Safari/537.36"
200.200.200.224 - - [11/Dec/2023:00:26:50 +0300] "GET /core/wp-includes/js/wp-emoji-release.min.js?ver=6.2.2 HTTP/1.1" 200 5390 "http://aurorawifi.ru/" "Mozilla/5.0 (Linux; Android 10; SM-J600F Build/QP1A.190711.020; wv) AppleWebKit/537.36 (KHTML, like Gecko) Version/4.0 Chrome/118.0.0.0 Mobile Safari/537.36"
200.200.200.224 - - [11/Dec/2023:00:26:50 +0300] "GET /wp-content/uploads/2023/11/logo_white.png HTTP/1.1" 200 6908 "http://aurorawifi.ru/" "Mozilla/5.0 (Linux; Android 10; SM-J600F Build/QP1A.190711.020; wv) AppleWebKit/537.36 (KHTML, like Gecko) Version/4.0 Chrome/118.0.0.0 Mobile Safari/537.36"
200.200.200.224 - - [11/Dec/2023:00:26:50 +0300] "GET /wp-content/uploads/2023/09/cloud-mobile.jpg HTTP/1.1" 200 17885 "http://aurorawifi.ru/" "Mozilla/5.0 (Linux; Android 10; SM-J600F Build/QP1A.190711.020; wv) AppleWebKit/537.36 (KHTML, like Gecko) Version/4.0 Chrome/118.0.0.0 Mobile Safari/537.36"
200.200.200.224 - - [11/Dec/2023:00:26:50 +0300] "GET /wp-content/fonts/montserrat/JTUHjIg1_i6t8kCHKm4532VJOt5-QNFgpCuM73w9aXx-p7K4GLvztg.woff HTTP/1.1" 200 11327 "http://aurorawifi.ru/" "Mozilla/5.0 (Linux; Android 10; SM-J600F Build/QP1A.190711.020; wv) AppleWebKit/537.36 (KHTML, like Gecko) Version/4.0 Chrome/118.0.0.0 Mobile Safari/537.36"
200.200.200.224 - - [11/Dec/2023:00:26:50 +0300] "GET /wp-content/fonts/montserrat/JTUHjIg1_i6t8kCHKm4532VJOt5-QNFgpCuM73w5aXx-p7K4GLs.woff HTTP/1.1" 200 19619 "http://aurorawifi.ru/" "Mozilla/5.0 (Linux; Android 10; SM-J600F Build/QP1A.190711.020; wv) AppleWebKit/537.36 (KHTML, like Gecko) Version/4.0 Chrome/118.0.0.0 Mobile Safari/537.36"
200.200.200.224 - - [11/Dec/2023:00:26:50 +0300] "GET /wp-content/uploads/2023/10/aurora-airlines-logo-512x512-1-3.png HTTP/1.1" 200 7394 "http://aurorawifi.ru/" "Mozilla/5.0 (Linux; Android 10; SM-J600F Build/QP1A.190711.020; wv) AppleWebKit/537.36 (KHTML, like Gecko) Version/4.0 Chrome/118.0.0.0 Mobile Safari/537.36"
200.200.200.224 - - [11/Dec/2023:00:26:50 +0300] "GET /wp-content/themes/wifly/assets/images/cross.svg HTTP/1.1" 200 1295 "http://aurorawifi.ru/wp-content/themes/wifly/assets/css/app.css?ver=1701247277" "Mozilla/5.0 (Linux; Android 10; SM-J600F Build/QP1A.190711.020; wv) AppleWebKit/537.36 (KHTML, like Gecko) Version/4.0 Chrome/118.0.0.0 Mobile Safari/537.36"
200.200.200.224 - - [11/Dec/2023:00:26:50 +0300] "GET /wp-content/uploads/2023/10/greater_than_light.svg HTTP/1.1" 200 2447 "http://aurorawifi.ru/" "Mozilla/5.0 (Linux; Android 10; SM-J600F Build/QP1A.190711.020; wv) AppleWebKit/537.36 (KHTML, like Gecko) Version/4.0 Chrome/118.0.0.0 Mobile Safari/537.36"
200.200.200.224 - - [11/Dec/2023:00:26:50 +0300] "GET /wp-content/uploads/2023/10/logo_moroshka.svg HTTP/1.1" 200 1831240 "http://aurorawifi.ru/" "Mozilla/5.0 (Linux; Android 10; SM-J600F Build/QP1A.190711.020; wv) AppleWebKit/537.36 (KHTML, like Gecko) Version/4.0 Chrome/118.0.0.0 Mobile Safari/537.36"
200.200.200.224 - - [11/Dec/2023:00:26:52 +0300] "GET /wp-content/uploads/2023/09/path7.svg HTTP/1.1" 200 2191 "http://aurorawifi.ru/" "Mozilla/5.0 (Linux; Android 10; SM-J600F Build/QP1A.190711.020; wv) AppleWebKit/537.36 (KHTML, like Gecko) Version/4.0 Chrome/118.0.0.0 Mobile Safari/537.36"
200.200.200.224 - - [11/Dec/2023:00:26:45 +0300] "POST /chat HTTP/1.1" 408 487 "-" "Mozilla/5.0 (compatible; WAChat/1.2; +http://www.whatsapp.com/contact)"
::1 - - [11/Dec/2023:00:26:58 +0300] "OPTIONS * HTTP/1.0" 200 126 "-" "Apache/2.4.41 (Ubuntu) (internal dummy connection)"
::1 - - [11/Dec/2023:00:26:59 +0300] "OPTIONS * HTTP/1.0" 200 126 "-" "Apache/2.4.41 (Ubuntu) (internal dummy connection)"
::1 - - [11/Dec/2023:00:27:00 +0300] "OPTIONS * HTTP/1.0" 200 126 "-" "Apache/2.4.41 (Ubuntu) (internal dummy connection)"
::1 - - [11/Dec/2023:00:27:01 +0300] "OPTIONS * HTTP/1.0" 200 126 "-" "Apache/2.4.41 (Ubuntu) (internal dummy connection)"
200.200.200.224 - - [11/Dec/2023:00:27:09 +0300] "GET /main/ HTTP/1.1" 200 11452 "http://aurorawifi.ru/" "Mozilla/5.0 (Linux; Android 10; SM-J600F Build/QP1A.190711.020; wv) AppleWebKit/537.36 (KHTML, like Gecko) Version/4.0 Chrome/118.0.0.0 Mobile Safari/537.36"
200.200.200.224 - - [11/Dec/2023:00:27:09 +0300] "GET /wp-content/themes/wifly/assets/css/swiper.css?ver=0.1.2 HTTP/1.1" 200 5187 "http://aurorawifi.ru/main/" "Mozilla/5.0 (Linux; Android 10; SM-J600F Build/QP1A.190711.020; wv) AppleWebKit/537.36 (KHTML, like Gecko) Version/4.0 Chrome/118.0.0.0 Mobile Safari/537.36"
200.200.200.224 - - [11/Dec/2023:00:27:09 +0300] "GET /wp-content/themes/wifly/assets/js/swiper.js?ver=0.1.2 HTTP/1.1" 200 39410 "http://aurorawifi.ru/main/" "Mozilla/5.0 (Linux; Android 10; SM-J600F Build/QP1A.190711.020; wv) AppleWebKit/537.36 (KHTML, like Gecko) Version/4.0 Chrome/118.0.0.0 Mobile Safari/537.36"
200.200.200.224 - - [11/Dec/2023:00:27:10 +0300] "GET /wp-content/uploads/2023/07/1.jpeg HTTP/1.1" 200 198373 "http://aurorawifi.ru/main/" "Mozilla/5.0 (Linux; Android 10; SM-J600F Build/QP1A.190711.020; wv) AppleWebKit/537.36 (KHTML, like Gecko) Version/4.0 Chrome/118.0.0.0 Mobile Safari/537.36"
200.200.200.224 - - [11/Dec/2023:00:27:10 +0300] "GET /wp-content/uploads/2023/11/1572530542.283682_97ea2d7bc40546d19998368c85873416.jpg HTTP/1.1" 200 262484 "http://aurorawifi.ru/main/" "Mozilla/5.0 (Linux; Android 10; SM-J600F Build/QP1A.190711.020; wv) AppleWebKit/537.36 (KHTML, like Gecko) Version/4.0 Chrome/118.0.0.0 Mobile Safari/537.36"
200.200.200.224 - - [11/Dec/2023:00:27:10 +0300] "GET /wp-content/uploads/2023/08/vnezonyd.jpg HTTP/1.1" 200 121200 "http://aurorawifi.ru/main/" "Mozilla/5.0 (Linux; Android 10; SM-J600F Build/QP1A.190711.020; wv) AppleWebKit/537.36 (KHTML, like Gecko) Version/4.0 Chrome/118.0.0.0 Mobile Safari/537.36"
200.200.200.224 - - [11/Dec/2023:00:27:10 +0300] "GET /wp-content/uploads/2023/08/11-1.jpg HTTP/1.1" 200 99439 "http://aurorawifi.ru/main/" "Mozilla/5.0 (Linux; Android 10; SM-J600F Build/QP1A.190711.020; wv) AppleWebKit/537.36 (KHTML, like Gecko) Version/4.0 Chrome/118.0.0.0 Mobile Safari/537.36"
200.200.200.224 - - [11/Dec/2023:00:27:10 +0300] "GET /wp-content/uploads/2023/07/4.jpeg HTTP/1.1" 200 229731 "http://aurorawifi.ru/main/" "Mozilla/5.0 (Linux; Android 10; SM-J600F Build/QP1A.190711.020; wv) AppleWebKit/537.36 (KHTML, like Gecko) Version/4.0 Chrome/118.0.0.0 Mobile Safari/537.36"
200.200.200.224 - - [11/Dec/2023:00:27:10 +0300] "GET /wp-content/themes/wifly/assets/images/slider-prev.svg HTTP/1.1" 200 782 "http://aurorawifi.ru/wp-content/themes/wifly/assets/css/app.css?ver=1701247277" "Mozilla/5.0 (Linux; Android 10; SM-J600F Build/QP1A.190711.020; wv) AppleWebKit/537.36 (KHTML, like Gecko) Version/4.0 Chrome/118.0.0.0 Mobile Safari/537.36"
200.200.200.224 - - [11/Dec/2023:00:27:10 +0300] "GET /wp-content/uploads/2023/10/kids.svg HTTP/1.1" 200 3423 "http://aurorawifi.ru/main/" "Mozilla/5.0 (Linux; Android 10; SM-J600F Build/QP1A.190711.020; wv) AppleWebKit/537.36 (KHTML, like Gecko) Version/4.0 Chrome/118.0.0.0 Mobile Safari/537.36"
200.200.200.224 - - [11/Dec/2023:00:27:10 +0300] "GET /wp-content/uploads/2023/10/filmy.svg HTTP/1.1" 200 3007 "http://aurorawifi.ru/main/" "Mozilla/5.0 (Linux; Android 10; SM-J600F Build/QP1A.190711.020; wv) AppleWebKit/537.36 (KHTML, like Gecko) Version/4.0 Chrome/118.0.0.0 Mobile Safari/537.36"
200.200.200.224 - - [11/Dec/2023:00:27:10 +0300] "GET /wp-content/themes/wifly/assets/images/slider-next.svg HTTP/1.1" 200 790 "http://aurorawifi.ru/wp-content/themes/wifly/assets/css/app.css?ver=1701247277" "Mozilla/5.0 (Linux; Android 10; SM-J600F Build/QP1A.190711.020; wv) AppleWebKit/537.36 (KHTML, like Gecko) Version/4.0 Chrome/118.0.0.0 Mobile Safari/537.36"
200.200.200.224 - - [11/Dec/2023:00:27:10 +0300] "GET /wp-content/uploads/2023/11/%EF%BF%BD%EF%BF%BD%E0%AE%AA%EF%BF%BD%EF%BF%BD-%EF%BF%BD%E0%A8%AF-768x768.png HTTP/1.1" 200 198483 "http://aurorawifi.ru/main/" "Mozilla/5.0 (Linux; Android 10; SM-J600F Build/QP1A.190711.020; wv) AppleWebKit/537.36 (KHTML, like Gecko) Version/4.0 Chrome/118.0.0.0 Mobile Safari/537.36"
200.200.200.224 - - [11/Dec/2023:00:27:10 +0300] "GET /wp-content/uploads/2023/08/600x900-9.webp HTTP/1.1" 200 114356 "http://aurorawifi.ru/main/" "Mozilla/5.0 (Linux; Android 10; SM-J600F Build/QP1A.190711.020; wv) AppleWebKit/537.36 (KHTML, like Gecko) Version/4.0 Chrome/118.0.0.0 Mobile Safari/537.36"
200.200.200.224 - - [11/Dec/2023:00:27:10 +0300] "GET /wp-content/uploads/2023/08/600x900-16.webp HTTP/1.1" 200 37336 "http://aurorawifi.ru/main/" "Mozilla/5.0 (Linux; Android 10; SM-J600F Build/QP1A.190711.020; wv) AppleWebKit/537.36 (KHTML, like Gecko) Version/4.0 Chrome/118.0.0.0 Mobile Safari/537.36"
200.200.200.224 - - [11/Dec/2023:00:27:10 +0300] "GET /wp-content/uploads/2023/08/cvetnjashki-768x576-1.png HTTP/1.1" 200 552129 "http://aurorawifi.ru/main/" "Mozilla/5.0 (Linux; Android 10; SM-J600F Build/QP1A.190711.020; wv) AppleWebKit/537.36 (KHTML, like Gecko) Version/4.0 Chrome/118.0.0.0 Mobile Safari/537.36"
200.200.200.224 - - [11/Dec/2023:00:27:10 +0300] "GET /wp-content/uploads/2023/10/game.svg HTTP/1.1" 200 4367 "http://aurorawifi.ru/main/" "Mozilla/5.0 (Linux; Android 10; SM-J600F Build/QP1A.190711.020; wv) AppleWebKit/537.36 (KHTML, like Gecko) Version/4.0 Chrome/118.0.0.0 Mobile Safari/537.36"
200.200.200.224 - - [11/Dec/2023:00:27:10 +0300] "GET /wp-content/uploads/2023/10/music.svg HTTP/1.1" 200 12574 "http://aurorawifi.ru/main/" "Mozilla/5.0 (Linux; Android 10; SM-J600F Build/QP1A.190711.020; wv) AppleWebKit/537.36 (KHTML, like Gecko) Version/4.0 Chrome/118.0.0.0 Mobile Safari/537.36"
200.200.200.224 - - [11/Dec/2023:00:27:10 +0300] "GET /wp-content/uploads/2023/10/book.svg HTTP/1.1" 200 5450 "http://aurorawifi.ru/main/" "Mozilla/5.0 (Linux; Android 10; SM-J600F Build/QP1A.190711.020; wv) AppleWebKit/537.36 (KHTML, like Gecko) Version/4.0 Chrome/118.0.0.0 Mobile Safari/537.36"
200.200.200.224 - - [11/Dec/2023:00:27:10 +0300] "GET /wp-content/uploads/2023/11/logo_music.svg HTTP/1.1" 200 2712 "http://aurorawifi.ru/main/" "Mozilla/5.0 (Linux; Android 10; SM-J600F Build/QP1A.190711.020; wv) AppleWebKit/537.36 (KHTML, like Gecko) Version/4.0 Chrome/118.0.0.0 Mobile Safari/537.36"
200.200.200.224 - - [11/Dec/2023:00:27:10 +0300] "GET /wp-content/uploads/2023/08/3840x-3.webp HTTP/1.1" 200 441440 "http://aurorawifi.ru/main/" "Mozilla/5.0 (Linux; Android 10; SM-J600F Build/QP1A.190711.020; wv) AppleWebKit/537.36 (KHTML, like Gecko) Version/4.0 Chrome/118.0.0.0 Mobile Safari/537.36"
200.200.200.224 - - [11/Dec/2023:00:27:11 +0300] "GET /wp-content/uploads/2023/08/%EF%BF%BD%E0%AD%A5%EF%BF%BD%EF%BF%BD-%EF%BF%BD-%EF%BF%BD%EF%BF%BD%EF%BF%BD%EF%BF%BD%EF%BF%BD%E2%A8%AD%EF%BF%BD-768x768.png HTTP/1.1" 200 702526 "http://aurorawifi.ru/main/" "Mozilla/5.0 (Linux; Android 10; SM-J600F Build/QP1A.190711.020; wv) AppleWebKit/537.36 (KHTML, like Gecko) Version/4.0 Chrome/118.0.0.0 Mobile Safari/537.36"
200.200.200.224 - - [11/Dec/2023:00:27:10 +0300] "GET /wp-content/uploads/2023/10/logo_moroshka_aurora.svg HTTP/1.1" 200 1841499 "http://aurorawifi.ru/main/" "Mozilla/5.0 (Linux; Android 10; SM-J600F Build/QP1A.190711.020; wv) AppleWebKit/537.36 (KHTML, like Gecko) Version/4.0 Chrome/118.0.0.0 Mobile Safari/537.36"
200.200.200.224 - - [11/Dec/2023:00:27:14 +0300] "GET /provider/filmy-i-serialy/ HTTP/1.1" 200 12170 "http://aurorawifi.ru/main/" "Mozilla/5.0 (Linux; Android 10; SM-J600F Build/QP1A.190711.020; wv) AppleWebKit/537.36 (KHTML, like Gecko) Version/4.0 Chrome/118.0.0.0 Mobile Safari/537.36"
200.200.200.224 - - [11/Dec/2023:00:27:14 +0300] "GET /wp-content/uploads/2023/11/640px-plakat_k_filmu_vesyolye_rebyata.jpg HTTP/1.1" 200 167667 "http://aurorawifi.ru/provider/filmy-i-serialy/" "Mozilla/5.0 (Linux; Android 10; SM-J600F Build/QP1A.190711.020; wv) AppleWebKit/537.36 (KHTML, like Gecko) Version/4.0 Chrome/118.0.0.0 Mobile Safari/537.36"
200.200.200.224 - - [11/Dec/2023:00:27:15 +0300] "GET /wp-content/uploads/2023/11/podpiska_levelone-768x768.jpg HTTP/1.1" 200 29182 "http://aurorawifi.ru/provider/filmy-i-serialy/" "Mozilla/5.0 (Linux; Android 10; SM-J600F Build/QP1A.190711.020; wv) AppleWebKit/537.36 (KHTML, like Gecko) Version/4.0 Chrome/118.0.0.0 Mobile Safari/537.36"
200.200.200.224 - - [11/Dec/2023:00:27:15 +0300] "GET /wp-content/uploads/2023/11/600x900.jpg HTTP/1.1" 200 185662 "http://aurorawifi.ru/provider/filmy-i-serialy/" "Mozilla/5.0 (Linux; Android 10; SM-J600F Build/QP1A.190711.020; wv) AppleWebKit/537.36 (KHTML, like Gecko) Version/4.0 Chrome/118.0.0.0 Mobile Safari/537.36"
200.200.200.224 - - [11/Dec/2023:00:27:15 +0300] "GET /wp-content/uploads/2023/11/1607444951.219247_df8d1a2e5b7a48278dd64f1556a30a3a-768x1086.jpg HTTP/1.1" 200 115011 "http://aurorawifi.ru/provider/filmy-i-serialy/" "Mozilla/5.0 (Linux; Android 10; SM-J600F Build/QP1A.190711.020; wv) AppleWebKit/537.36 (KHTML, like Gecko) Version/4.0 Chrome/118.0.0.0 Mobile Safari/537.36"
200.200.200.224 - - [11/Dec/2023:00:27:15 +0300] "GET /wp-content/uploads/2023/11/1562596976.994977_2e5b327c2e24479bb65fb663d4eb8a2e.jpg HTTP/1.1" 200 117064 "http://aurorawifi.ru/provider/filmy-i-serialy/" "Mozilla/5.0 (Linux; Android 10; SM-J600F Build/QP1A.190711.020; wv) AppleWebKit/537.36 (KHTML, like Gecko) Version/4.0 Chrome/118.0.0.0 Mobile Safari/537.36"
200.200.200.224 - - [11/Dec/2023:00:27:15 +0300] "GET /wp-content/uploads/2023/11/1655819520.863888_c4327c1b586b46fbac9b773b1cd1a208-768x1040.jpg HTTP/1.1" 200 121883 "http://aurorawifi.ru/provider/filmy-i-serialy/" "Mozilla/5.0 (Linux; Android 10; SM-J600F Build/QP1A.190711.020; wv) AppleWebKit/537.36 (KHTML, like Gecko) Version/4.0 Chrome/118.0.0.0 Mobile Safari/537.36"
200.200.200.224 - - [11/Dec/2023:00:27:15 +0300] "GET /wp-content/uploads/2023/11/1675157262.994236_e9288aa148914eb78d3f22b391adc2cf-768x1087.jpg HTTP/1.1" 200 65072 "http://aurorawifi.ru/provider/filmy-i-serialy/" "Mozilla/5.0 (Linux; Android 10; SM-J600F Build/QP1A.190711.020; wv) AppleWebKit/537.36 (KHTML, like Gecko) Version/4.0 Chrome/118.0.0.0 Mobile Safari/537.36"
200.200.200.224 - - [11/Dec/2023:00:27:15 +0300] "GET /wp-content/uploads/2023/11/1691156401.629498_60b9bbf4155e412ebe929c1f14df75ab-768x1087.jpg HTTP/1.1" 200 194437 "http://aurorawifi.ru/provider/filmy-i-serialy/" "Mozilla/5.0 (Linux; Android 10; SM-J600F Build/QP1A.190711.020; wv) AppleWebKit/537.36 (KHTML, like Gecko) Version/4.0 Chrome/118.0.0.0 Mobile Safari/537.36"
200.200.200.224 - - [11/Dec/2023:00:27:15 +0300] "GET /wp-content/uploads/2023/11/600x900-_2_.jpg HTTP/1.1" 200 119296 "http://aurorawifi.ru/provider/filmy-i-serialy/" "Mozilla/5.0 (Linux; Android 10; SM-J600F Build/QP1A.190711.020; wv) AppleWebKit/537.36 (KHTML, like Gecko) Version/4.0 Chrome/118.0.0.0 Mobile Safari/537.36"
200.200.200.224 - - [11/Dec/2023:00:27:15 +0300] "GET /wp-content/uploads/2023/11/600x900-_1_.jpg HTTP/1.1" 200 160173 "http://aurorawifi.ru/provider/filmy-i-serialy/" "Mozilla/5.0 (Linux; Android 10; SM-J600F Build/QP1A.190711.020; wv) AppleWebKit/537.36 (KHTML, like Gecko) Version/4.0 Chrome/118.0.0.0 Mobile Safari/537.36"
200.200.200.224 - - [11/Dec/2023:00:27:15 +0300] "GET /wp-content/uploads/2023/11/1674194440.732356_b3ef99a3adfa4d81a2e592a7b7220217-768x1086.jpg HTTP/1.1" 200 106939 "http://aurorawifi.ru/provider/filmy-i-serialy/" "Mozilla/5.0 (Linux; Android 10; SM-J600F Build/QP1A.190711.020; wv) AppleWebKit/537.36 (KHTML, like Gecko) Version/4.0 Chrome/118.0.0.0 Mobile Safari/537.36"
200.200.200.224 - - [11/Dec/2023:00:27:15 +0300] "GET /wp-content/uploads/2023/11/1597835521.641903_5a165528ae5b45c7ab918176a9248c96-768x1086.jpg HTTP/1.1" 200 202428 "http://aurorawifi.ru/provider/filmy-i-serialy/" "Mozilla/5.0 (Linux; Android 10; SM-J600F Build/QP1A.190711.020; wv) AppleWebKit/537.36 (KHTML, like Gecko) Version/4.0 Chrome/118.0.0.0 Mobile Safari/537.36"
200.200.200.224 - - [11/Dec/2023:00:27:15 +0300] "GET /wp-content/uploads/2023/11/1670515987.368918_3b9b85740144401599ea093309ff90b9-768x1152.jpg HTTP/1.1" 200 153140 "http://aurorawifi.ru/provider/filmy-i-serialy/" "Mozilla/5.0 (Linux; Android 10; SM-J600F Build/QP1A.190711.020; wv) AppleWebKit/537.36 (KHTML, like Gecko) Version/4.0 Chrome/118.0.0.0 Mobile Safari/537.36"
200.200.200.224 - - [11/Dec/2023:00:27:15 +0300] "GET /wp-content/uploads/2023/11/1674195360.433097_cd54ccf993364c8c9ed954e0206c1d4a-768x1137.jpg HTTP/1.1" 200 100890 "http://aurorawifi.ru/provider/filmy-i-serialy/" "Mozilla/5.0 (Linux; Android 10; SM-J600F Build/QP1A.190711.020; wv) AppleWebKit/537.36 (KHTML, like Gecko) Version/4.0 Chrome/118.0.0.0 Mobile Safari/537.36"
200.200.200.224 - - [11/Dec/2023:00:27:15 +0300] "GET /wp-content/uploads/2023/11/1674195923.346899_e1670a43b3e646c2886fa9c1ec5e2bba-768x1086.jpg HTTP/1.1" 200 76422 "http://aurorawifi.ru/provider/filmy-i-serialy/" "Mozilla/5.0 (Linux; Android 10; SM-J600F Build/QP1A.190711.020; wv) AppleWebKit/537.36 (KHTML, like Gecko) Version/4.0 Chrome/118.0.0.0 Mobile Safari/537.36"
200.200.200.224 - - [11/Dec/2023:00:27:15 +0300] "GET /wp-content/uploads/2023/11/300x450-_2_.jpeg HTTP/1.1" 200 32658 "http://aurorawifi.ru/provider/filmy-i-serialy/" "Mozilla/5.0 (Linux; Android 10; SM-J600F Build/QP1A.190711.020; wv) AppleWebKit/537.36 (KHTML, like Gecko) Version/4.0 Chrome/118.0.0.0 Mobile Safari/537.36"
200.200.200.224 - - [11/Dec/2023:00:27:15 +0300] "GET /wp-content/uploads/2023/07/vertinskij.-odinokij.jpg HTTP/1.1" 200 34730 "http://aurorawifi.ru/provider/filmy-i-serialy/" "Mozilla/5.0 (Linux; Android 10; SM-J600F Build/QP1A.190711.020; wv) AppleWebKit/537.36 (KHTML, like Gecko) Version/4.0 Chrome/118.0.0.0 Mobile Safari/537.36"
200.200.200.224 - - [11/Dec/2023:00:27:15 +0300] "GET /wp-content/uploads/2023/11/zagruzhennoe3.jpg HTTP/1.1" 200 160418 "http://aurorawifi.ru/provider/filmy-i-serialy/" "Mozilla/5.0 (Linux; Android 10; SM-J600F Build/QP1A.190711.020; wv) AppleWebKit/537.36 (KHTML, like Gecko) Version/4.0 Chrome/118.0.0.0 Mobile Safari/537.36"
200.200.200.224 - - [11/Dec/2023:00:27:15 +0300] "GET /wp-content/uploads/2023/08/8-1.jpg HTTP/1.1" 200 146334 "http://aurorawifi.ru/provider/filmy-i-serialy/" "Mozilla/5.0 (Linux; Android 10; SM-J600F Build/QP1A.190711.020; wv) AppleWebKit/537.36 (KHTML, like Gecko) Version/4.0 Chrome/118.0.0.0 Mobile Safari/537.36"
::1 - - [11/Dec/2023:00:27:23 +0300] "OPTIONS * HTTP/1.0" 200 126 "-" "Apache/2.4.41 (Ubuntu) (internal dummy connection)"
200.200.200.1 - - [11/Dec/2023:00:27:32 +0300] "POST /core/wp-cron.php?doing_wp_cron=1702243652.1166410446166992187500 HTTP/1.1" 200 259 "-" "WordPress/6.2.2; http://aurorawifi.ru"
200.200.200.224 - - [11/Dec/2023:00:27:31 +0300] "GET /provider/filmy-i-serialy/page/2/ HTTP/1.1" 200 11710 "http://aurorawifi.ru/provider/filmy-i-serialy/" "Mozilla/5.0 (Linux; Android 10; SM-J600F Build/QP1A.190711.020; wv) AppleWebKit/537.36 (KHTML, like Gecko) Version/4.0 Chrome/118.0.0.0 Mobile Safari/537.36"
200.200.200.224 - - [11/Dec/2023:00:27:32 +0300] "GET /wp-content/uploads/2023/08/9-1.jpg HTTP/1.1" 200 158272 "http://aurorawifi.ru/provider/filmy-i-serialy/" "Mozilla/5.0 (Linux; Android 10; SM-J600F Build/QP1A.190711.020; wv) AppleWebKit/537.36 (KHTML, like Gecko) Version/4.0 Chrome/118.0.0.0 Mobile Safari/537.36"
200.200.200.224 - - [11/Dec/2023:00:27:32 +0300] "GET /wp-content/uploads/2023/08/5-1.jpg HTTP/1.1" 200 98557 "http://aurorawifi.ru/provider/filmy-i-serialy/" "Mozilla/5.0 (Linux; Android 10; SM-J600F Build/QP1A.190711.020; wv) AppleWebKit/537.36 (KHTML, like Gecko) Version/4.0 Chrome/118.0.0.0 Mobile Safari/537.36"
200.200.200.224 - - [11/Dec/2023:00:27:32 +0300] "GET /wp-content/uploads/2023/08/6-1.jpg HTTP/1.1" 200 105404 "http://aurorawifi.ru/provider/filmy-i-serialy/" "Mozilla/5.0 (Linux; Android 10; SM-J600F Build/QP1A.190711.020; wv) AppleWebKit/537.36 (KHTML, like Gecko) Version/4.0 Chrome/118.0.0.0 Mobile Safari/537.36"
