200.200.200.224 - - [11/Dec/2023:00:27:32 +0300] "GET /wp-content/uploads/2023/08/7-1.jpg HTTP/1.1" 200 101715 "http://aurorawifi.ru/provider/filmy-i-serialy/" "Mozilla/5.0 (Linux; Android 10; SM-J600F Build/QP1A.190711.020; wv) AppleWebKit/537.36 (KHTML, like Gecko) Version/4.0 Chrome/118.0.0.0 Mobile Safari/537.36"
200.200.200.224 - - [11/Dec/2023:00:27:32 +0300] "GET /wp-content/uploads/2023/08/4-1.jpg HTTP/1.1" 200 117320 "http://aurorawifi.ru/provider/filmy-i-serialy/" "Mozilla/5.0 (Linux; Android 10; SM-J600F Build/QP1A.190711.020; wv) AppleWebKit/537.36 (KHTML, like Gecko) Version/4.0 Chrome/118.0.0.0 Mobile Safari/537.36"
200.200.200.224 - - [11/Dec/2023:00:27:32 +0300] "GET /wp-content/uploads/2023/08/marusyafor.jpg HTTP/1.1" 200 154040 "http://aurorawifi.ru/provider/filmy-i-serialy/" "Mozilla/5.0 (Linux; Android 10; SM-J600F Build/QP1A.190711.020; wv) AppleWebKit/537.36 (KHTML, like Gecko) Version/4.0 Chrome/118.0.0.0 Mobile Safari/537.36"
200.200.200.224 - - [11/Dec/2023:00:27:32 +0300] "GET /wp-content/uploads/2023/08/chymovoyng.jpg HTTP/1.1" 200 187213 "http://aurorawifi.ru/provider/filmy-i-serialy/" "Mozilla/5.0 (Linux; Android 10; SM-J600F Build/QP1A.190711.020; wv) AppleWebKit/537.36 (KHTML, like Gecko) Version/4.0 Chrome/118.0.0.0 Mobile Safari/537.36"
200.200.200.224 - - [11/Dec/2023:00:27:32 +0300] "GET /wp-content/uploads/2023/08/147acfb37c3d95b49aee6f8d04aa114c.1024_klvn0uk-768x1116.jpg HTTP/1.1" 200 150947 "http://aurorawifi.ru/provider/filmy-i-serialy/" "Mozilla/5.0 (Linux; Android 10; SM-J600F Build/QP1A.190711.020; wv) AppleWebKit/537.36 (KHTML, like Gecko) Version/4.0 Chrome/118.0.0.0 Mobile Safari/537.36"
200.200.200.224 - - [11/Dec/2023:00:27:33 +0300] "GET /wp-content/uploads/2023/08/600x900-17.webp HTTP/1.1" 200 92057 "http://aurorawifi.ru/provider/filmy-i-serialy/" "Mozilla/5.0 (Linux; Android 10; SM-J600F Build/QP1A.190711.020; wv) AppleWebKit/537.36 (KHTML, like Gecko) Version/4.0 Chrome/118.0.0.0 Mobile Safari/537.36"
200.200.200.224 - - [11/Dec/2023:00:27:33 +0300] "GET /wp-content/uploads/2023/08/3840x.webp HTTP/1.1" 200 151886 "http://aurorawifi.ru/provider/filmy-i-serialy/" "Mozilla/5.0 (Linux; Android 10; SM-J600F Build/QP1A.190711.020; wv) AppleWebKit/537.36 (KHTML, like Gecko) Version/4.0 Chrome/118.0.0.0 Mobile Safari/537.36"
200.200.200.224 - - [11/Dec/2023:00:27:33 +0300] "GET /wp-content/uploads/2023/08/3840x-2.webp HTTP/1.1" 200 81883 "http://aurorawifi.ru/provider/filmy-i-serialy/" "Mozilla/5.0 (Linux; Android 10; SM-J600F Build/QP1A.190711.020; wv) AppleWebKit/537.36 (KHTML, like Gecko) Version/4.0 Chrome/118.0.0.0 Mobile Safari/537.36"
200.200.200.224 - - [11/Dec/2023:00:27:33 +0300] "GET /wp-content/uploads/2023/08/25-1.jpg HTTP/1.1" 200 141739 "http://aurorawifi.ru/provider/filmy-i-serialy/" "Mozilla/5.0 (Linux; Android 10; SM-J600F Build/QP1A.190711.020; wv) AppleWebKit/537.36 (KHTML, like Gecko) Version/4.0 Chrome/118.0.0.0 Mobile Safari/537.36"
200.200.200.224 - - [11/Dec/2023:00:27:33 +0300] "GET /wp-content/uploads/2023/08/24-1.jpg HTTP/1.1" 200 122947 "http://aurorawifi.ru/provider/filmy-i-serialy/" "Mozilla/5.0 (Linux; Android 10; SM-J600F Build/QP1A.190711.020; wv) AppleWebKit/537.36 (KHTML, like Gecko) Version/4.0 Chrome/118.0.0.0 Mobile Safari/537.36"
200.200.200.224 - - [11/Dec/2023:00:27:33 +0300] "GET /wp-content/uploads/2023/08/2-4.jpg HTTP/1.1" 200 105500 "http://aurorawifi.ru/provider/filmy-i-serialy/" "Mozilla/5.0 (Linux; Android 10; SM-J600F Build/QP1A.190711.020; wv) AppleWebKit/537.36 (KHTML, like Gecko) Version/4.0 Chrome/118.0.0.0 Mobile Safari/537.36"
200.200.200.224 - - [11/Dec/2023:00:27:33 +0300] "GET /wp-content/uploads/2023/08/1-12.jpg HTTP/1.1" 200 130315 "http://aurorawifi.ru/provider/filmy-i-serialy/" "Mozilla/5.0 (Linux; Android 10; SM-J600F Build/QP1A.190711.020; wv) AppleWebKit/537.36 (KHTML, like Gecko) Version/4.0 Chrome/118.0.0.0 Mobile Safari/537.36"
200.200.200.224 - - [11/Dec/2023:00:27:33 +0300] "GET /wp-content/uploads/2023/07/kashhej-bessmertnyj.jpg HTTP/1.1" 200 169658 "http://aurorawifi.ru/provider/filmy-i-serialy/" "Mozilla/5.0 (Linux; Android 10; SM-J600F Build/QP1A.190711.020; wv) AppleWebKit/537.36 (KHTML, like Gecko) Version/4.0 Chrome/118.0.0.0 Mobile Safari/537.36"
::1 - - [11/Dec/2023:00:27:41 +0300] "OPTIONS * HTTP/1.0" 200 126 "-" "Apache/2.4.41 (Ubuntu) (internal dummy connection)"
200.200.200.224 - - [11/Dec/2023:00:27:44 +0300] "GET /wp-json/wp-statistics/v2/online?wp_statistics_hit_rest=yes&track_all=0&current_page_type=tax&current_page_id=2925&search_query&page_uri=L3Byb3ZpZGVyL2ZpbG15LWktc2VyaWFseS8 HTTP/1.1" 200 626 "http://aurorawifi.ru/provider/filmy-i-serialy/page/2/" "Mozilla/5.0 (Linux; Android 10; SM-J600F Build/QP1A.190711.020; wv) AppleWebKit/537.36 (KHTML, like Gecko) Version/4.0 Chrome/118.0.0.0 Mobile Safari/537.36"
200.200.200.224 - - [11/Dec/2023:00:27:52 +0300] "GET /provider/filmy-i-serialy/page/3/ HTTP/1.1" 200 11392 "http://aurorawifi.ru/provider/filmy-i-serialy/page/2/" "Mozilla/5.0 (Linux; Android 10; SM-J600F Build/QP1A.190711.020; wv) AppleWebKit/537.36 (KHTML, like Gecko) Version/4.0 Chrome/118.0.0.0 Mobile Safari/537.36"
200.200.200.224 - - [11/Dec/2023:00:27:53 +0300] "GET /wp-content/uploads/2023/07/ivan-groznyj.jpg HTTP/1.1" 200 101256 "http://aurorawifi.ru/provider/filmy-i-serialy/page/2/" "Mozilla/5.0 (Linux; Android 10; SM-J600F Build/QP1A.190711.020; wv) AppleWebKit/537.36 (KHTML, like Gecko) Version/4.0 Chrome/118.0.0.0 Mobile Safari/537.36"
200.200.200.224 - - [11/Dec/2023:00:27:53 +0300] "GET /wp-content/uploads/2023/08/600x900-14.webp HTTP/1.1" 200 61561 "http://aurorawifi.ru/provider/filmy-i-serialy/page/2/" "Mozilla/5.0 (Linux; Android 10; SM-J600F Build/QP1A.190711.020; wv) AppleWebKit/537.36 (KHTML, like Gecko) Version/4.0 Chrome/118.0.0.0 Mobile Safari/537.36"
200.200.200.224 - - [11/Dec/2023:00:27:53 +0300] "GET /wp-content/uploads/2023/07/nebesnyj-tihohod.jpg HTTP/1.1" 200 153680 "http://aurorawifi.ru/provider/filmy-i-serialy/page/2/" "Mozilla/5.0 (Linux; Android 10; SM-J600F Build/QP1A.190711.020; wv) AppleWebKit/537.36 (KHTML, like Gecko) Version/4.0 Chrome/118.0.0.0 Mobile Safari/537.36"
200.200.200.224 - - [11/Dec/2023:00:27:53 +0300] "GET /wp-content/uploads/2023/07/pyshka.jpg HTTP/1.1" 200 87853 "http://aurorawifi.ru/provider/filmy-i-serialy/page/2/" "Mozilla/5.0 (Linux; Android 10; SM-J600F Build/QP1A.190711.020; wv) AppleWebKit/537.36 (KHTML, like Gecko) Version/4.0 Chrome/118.0.0.0 Mobile Safari/537.36"
200.200.200.224 - - [11/Dec/2023:00:27:53 +0300] "GET /wp-content/uploads/2023/07/bespridannicza.jpg HTTP/1.1" 200 131766 "http://aurorawifi.ru/provider/filmy-i-serialy/page/2/" "Mozilla/5.0 (Linux; Android 10; SM-J600F Build/QP1A.190711.020; wv) AppleWebKit/537.36 (KHTML, like Gecko) Version/4.0 Chrome/118.0.0.0 Mobile Safari/537.36"
200.200.200.224 - - [11/Dec/2023:00:27:53 +0300] "GET /wp-content/uploads/2023/07/po-shhuchemu-velenyu.jpg HTTP/1.1" 200 508943 "http://aurorawifi.ru/provider/filmy-i-serialy/page/2/" "Mozilla/5.0 (Linux; Android 10; SM-J600F Build/QP1A.190711.020; wv) AppleWebKit/537.36 (KHTML, like Gecko) Version/4.0 Chrome/118.0.0.0 Mobile Safari/537.36"
200.200.200.224 - - [11/Dec/2023:00:27:53 +0300] "GET /wp-content/uploads/2023/07/medved.jpg HTTP/1.1" 200 144681 "http://aurorawifi.ru/provider/filmy-i-serialy/page/2/" "Mozilla/5.0 (Linux; Android 10; SM-J600F Build/QP1A.190711.020; wv) AppleWebKit/537.36 (KHTML, like Gecko) Version/4.0 Chrome/118.0.0.0 Mobile Safari/537.36"
200.200.200.246 - - [11/Dec/2023:00:27:43 +0300] "POST /chat HTTP/1.1" 408 487 "-" "Mozilla/5.0 (compatible; WAChat/1.2; +http://www.whatsapp.com/contact)"
200.200.200.224 - - [11/Dec/2023:00:27:53 +0300] "GET /wp-content/uploads/2023/08/600x900-13.webp HTTP/1.1" 200 81221 "http://aurorawifi.ru/provider/filmy-i-serialy/page/2/" "Mozilla/5.0 (Linux; Android 10; SM-J600F Build/QP1A.190711.020; wv) AppleWebKit/537.36 (KHTML, like Gecko) Version/4.0 Chrome/118.0.0.0 Mobile Safari/537.36"
200.200.200.224 - - [11/Dec/2023:00:27:54 +0300] "GET /wp-content/uploads/2023/08/600x900-11.webp HTTP/1.1" 200 96157 "http://aurorawifi.ru/provider/filmy-i-serialy/page/2/" "Mozilla/5.0 (Linux; Android 10; SM-J600F Build/QP1A.190711.020; wv) AppleWebKit/537.36 (KHTML, like Gecko) Version/4.0 Chrome/118.0.0.0 Mobile Safari/537.36"
200.200.200.224 - - [11/Dec/2023:00:27:54 +0300] "GET /wp-content/uploads/2023/08/600x900-10.webp HTTP/1.1" 200 66149 "http://aurorawifi.ru/provider/filmy-i-serialy/page/2/" "Mozilla/5.0 (Linux; Android 10; SM-J600F Build/QP1A.190711.020; wv) AppleWebKit/537.36 (KHTML, like Gecko) Version/4.0 Chrome/118.0.0.0 Mobile Safari/537.36"
200.200.200.224 - - [11/Dec/2023:00:27:54 +0300] "GET /wp-content/uploads/2023/08/600x900-12.webp HTTP/1.1" 200 189020 "http://aurorawifi.ru/provider/filmy-i-serialy/page/2/" "Mozilla/5.0 (Linux; Android 10; SM-J600F Build/QP1A.190711.020; wv) AppleWebKit/537.36 (KHTML, like Gecko) Version/4.0 Chrome/118.0.0.0 Mobile Safari/537.36"
200.200.200.224 - - [11/Dec/2023:00:27:54 +0300] "GET /wp-content/uploads/2023/08/600x900-8.webp HTTP/1.1" 200 74897 "http://aurorawifi.ru/provider/filmy-i-serialy/page/2/" "Mozilla/5.0 (Linux; Android 10; SM-J600F Build/QP1A.190711.020; wv) AppleWebKit/537.36 (KHTML, like Gecko) Version/4.0 Chrome/118.0.0.0 Mobile Safari/537.36"
200.200.200.224 - - [11/Dec/2023:00:27:54 +0300] "GET /wp-content/uploads/2023/08/dolzhnik-424x600-1.jpg HTTP/1.1" 200 69956 "http://aurorawifi.ru/provider/filmy-i-serialy/page/2/" "Mozilla/5.0 (Linux; Android 10; SM-J600F Build/QP1A.190711.020; wv) AppleWebKit/537.36 (KHTML, like Gecko) Version/4.0 Chrome/118.0.0.0 Mobile Safari/537.36"
200.200.200.224 - - [11/Dec/2023:00:27:54 +0300] "GET /wp-content/uploads/2023/07/ledyanaya-istoriya.jpg HTTP/1.1" 200 113927 "http://aurorawifi.ru/provider/filmy-i-serialy/page/2/" "Mozilla/5.0 (Linux; Android 10; SM-J600F Build/QP1A.190711.020; wv) AppleWebKit/537.36 (KHTML, like Gecko) Version/4.0 Chrome/118.0.0.0 Mobile Safari/537.36"
200.200.200.224 - - [11/Dec/2023:00:27:54 +0300] "GET /wp-content/uploads/2023/08/600x900-7.webp HTTP/1.1" 200 69447 "http://aurorawifi.ru/provider/filmy-i-serialy/page/2/" "Mozilla/5.0 (Linux; Android 10; SM-J600F Build/QP1A.190711.020; wv) AppleWebKit/537.36 (KHTML, like Gecko) Version/4.0 Chrome/118.0.0.0 Mobile Safari/537.36"
200.200.200.224 - - [11/Dec/2023:00:27:54 +0300] "GET /wp-content/uploads/2023/08/600x900-6.webp HTTP/1.1" 200 99179 "http://aurorawifi.ru/provider/filmy-i-serialy/page/2/" "Mozilla/5.0 (Linux; Android 10; SM-J600F Build/QP1A.190711.020; wv) AppleWebKit/537.36 (KHTML, like Gecko) Version/4.0 Chrome/118.0.0.0 Mobile Safari/537.36"
200.200.200.224 - - [11/Dec/2023:00:27:54 +0300] "GET /wp-content/uploads/2023/08/600x900-5.webp HTTP/1.1" 200 138082 "http://aurorawifi.ru/provider/filmy-i-serialy/page/2/" "Mozilla/5.0 (Linux; Android 10; SM-J600F Build/QP1A.190711.020; wv) AppleWebKit/537.36 (KHTML, like Gecko) Version/4.0 Chrome/118.0.0.0 Mobile Safari/537.36"
200.200.200.224 - - [11/Dec/2023:00:27:54 +0300] "GET /wp-content/uploads/2023/08/600x900-4.webp HTTP/1.1" 200 80941 "http://aurorawifi.ru/provider/filmy-i-serialy/page/2/" "Mozilla/5.0 (Linux; Android 10; SM-J600F Build/QP1A.190711.020; wv) AppleWebKit/537.36 (KHTML, like Gecko) Version/4.0 Chrome/118.0.0.0 Mobile Safari/537.36"
200.200.200.224 - - [11/Dec/2023:00:27:54 +0300] "GET /wp-content/uploads/2023/08/600x900-3.webp HTTP/1.1" 200 111940 "http://aurorawifi.ru/provider/filmy-i-serialy/page/2/" "Mozilla/5.0 (Linux; Android 10; SM-J600F Build/QP1A.190711.020; wv) AppleWebKit/537.36 (KHTML, like Gecko) Version/4.0 Chrome/118.0.0.0 Mobile Safari/537.36"
::1 - - [11/Dec/2023:00:28:02 +0300] "OPTIONS * HTTP/1.0" 200 126 "-" "Apache/2.4.41 (Ubuntu) (internal dummy connection)"
200.200.200.246 - - [11/Dec/2023:00:27:53 +0300] "POST /chat HTTP/1.1" 408 487 "-" "Mozilla/5.0 (compatible; WAChat/1.2; +http://www.whatsapp.com/contact)"
::1 - - [11/Dec/2023:00:28:05 +0300] "OPTIONS * HTTP/1.0" 200 126 "-" "Apache/2.4.41 (Ubuntu) (internal dummy connection)"
200.200.200.224 - - [11/Dec/2023:00:28:05 +0300] "GET /provider/filmy-i-serialy/page/4/ HTTP/1.1" 200 10111 "http://aurorawifi.ru/provider/filmy-i-serialy/page/3/" "Mozilla/5.0 (Linux; Android 10; SM-J600F Build/QP1A.190711.020; wv) AppleWebKit/537.36 (KHTML, like Gecko) Version/4.0 Chrome/118.0.0.0 Mobile Safari/537.36"
200.200.200.224 - - [11/Dec/2023:00:28:05 +0300] "GET /wp-content/uploads/2023/08/600x900.webp HTTP/1.1" 200 171342 "http://aurorawifi.ru/provider/filmy-i-serialy/page/3/" "Mozilla/5.0 (Linux; Android 10; SM-J600F Build/QP1A.190711.020; wv) AppleWebKit/537.36 (KHTML, like Gecko) Version/4.0 Chrome/118.0.0.0 Mobile Safari/537.36"
200.200.200.224 - - [11/Dec/2023:00:28:07 +0300] "GET /provider/filmy-i-serialy/page/3/undefined HTTP/1.1" 404 40105 "http://aurorawifi.ru/provider/filmy-i-serialy/page/3/" "Mozilla/5.0 (Linux; Android 10; SM-J600F Build/QP1A.190711.020; wv) AppleWebKit/537.36 (KHTML, like Gecko) Version/4.0 Chrome/118.0.0.0 Mobile Safari/537.36"
200.200.200.224 - - [11/Dec/2023:00:27:56 +0300] "POST /chat HTTP/1.1" 408 487 "-" "Mozilla/5.0 (compatible; WAChat/1.2; +http://www.whatsapp.com/contact)"
200.200.200.224 - - [11/Dec/2023:00:28:14 +0300] "GET /wp-json/wp-statistics/v2/online?wp_statistics_hit_rest=yes&track_all=0&current_page_type=tax&current_page_id=2925&search_query&page_uri=L3Byb3ZpZGVyL2ZpbG15LWktc2VyaWFseS8 HTTP/1.1" 200 626 "http://aurorawifi.ru/provider/filmy-i-serialy/page/3/" "Mozilla/5.0 (Linux; Android 10; SM-J600F Build/QP1A.190711.020; wv) AppleWebKit/537.36 (KHTML, like Gecko) Version/4.0 Chrome/118.0.0.0 Mobile Safari/537.36"
200.200.200.224 - - [11/Dec/2023:00:28:07 +0300] "POST /chat HTTP/1.1" 408 487 "-" "Mozilla/5.0 (compatible; WAChat/1.2; +http://www.whatsapp.com/contact)"
200.200.200.224 - - [11/Dec/2023:00:28:18 +0300] "POST /chat HTTP/1.1" 408 487 "-" "Mozilla/5.0 (compatible; WAChat/1.2; +http://www.whatsapp.com/contact)"
::1 - - [11/Dec/2023:00:28:30 +0300] "OPTIONS * HTTP/1.0" 200 126 "-" "Apache/2.4.41 (Ubuntu) (internal dummy connection)"
200.200.200.1 - - [11/Dec/2023:00:28:45 +0300] "POST /core/wp-cron.php?doing_wp_cron=1702243725.2624828815460205078125 HTTP/1.1" 200 259 "-" "WordPress/6.2.2; http://aurorawifi.ru"
200.200.200.224 - - [11/Dec/2023:00:28:44 +0300] "GET /wp-json/wp-statistics/v2/online?wp_statistics_hit_rest=yes&track_all=0&current_page_type=tax&current_page_id=2925&search_query&page_uri=L3Byb3ZpZGVyL2ZpbG15LWktc2VyaWFseS8 HTTP/1.1" 200 626 "http://aurorawifi.ru/provider/filmy-i-serialy/page/2/" "Mozilla/5.0 (Linux; Android 10; SM-J600F Build/QP1A.190711.020; wv) AppleWebKit/537.36 (KHTML, like Gecko) Version/4.0 Chrome/118.0.0.0 Mobile Safari/537.36"
200.200.200.224 - - [11/Dec/2023:00:29:15 +0300] "GET /wp-json/wp-statistics/v2/online?wp_statistics_hit_rest=yes&track_all=0&current_page_type=tax&current_page_id=2925&search_query&page_uri=L3Byb3ZpZGVyL2ZpbG15LWktc2VyaWFseS8 HTTP/1.1" 200 626 "http://aurorawifi.ru/provider/filmy-i-serialy/" "Mozilla/5.0 (Linux; Android 10; SM-J600F Build/QP1A.190711.020; wv) AppleWebKit/537.36 (KHTML, like Gecko) Version/4.0 Chrome/118.0.0.0 Mobile Safari/537.36"
200.200.200.224 - - [11/Dec/2023:00:29:25 +0300] "GET /provider/filmy-i-serialy/filmy/ HTTP/1.1" 200 12073 "http://aurorawifi.ru/provider/filmy-i-serialy/" "Mozilla/5.0 (Linux; Android 10; SM-J600F Build/QP1A.190711.020; wv) AppleWebKit/537.36 (KHTML, like Gecko) Version/4.0 Chrome/118.0.0.0 Mobile Safari/537.36"
200.200.200.1 - - [11/Dec/2023:00:29:30 +0300] "POST /core/wp-cron.php?doing_wp_cron=1702243770.4771749973297119140625 HTTP/1.1" 200 259 "-" "WordPress/6.2.2; http://c.whatsapp.net"
200.200.200.224 - - [11/Dec/2023:00:29:30 +0300] "POST /chat HTTP/1.1" 408 487 "-" "Mozilla/5.0 (compatible; WAChat/1.2; +http://www.whatsapp.com/contact)"
200.200.200.224 - - [11/Dec/2023:00:29:41 +0300] "GET /provider/filmy-i-serialy/filmy/page/2/ HTTP/1.1" 200 11630 "http://aurorawifi.ru/provider/filmy-i-serialy/filmy/" "Mozilla/5.0 (Linux; Android 10; SM-J600F Build/QP1A.190711.020; wv) AppleWebKit/537.36 (KHTML, like Gecko) Version/4.0 Chrome/118.0.0.0 Mobile Safari/537.36"
200.200.200.224 - - [11/Dec/2023:00:29:55 +0300] "GET /wp-json/wp-statistics/v2/online?wp_statistics_hit_rest=yes&track_all=0&current_page_type=tax&current_page_id=2414&search_query&page_uri=L3Byb3ZpZGVyL2ZpbG15LWktc2VyaWFseS9maWxteS8 HTTP/1.1" 200 626 "http://aurorawifi.ru/provider/filmy-i-serialy/filmy/page/2/" "Mozilla/5.0 (Linux; Android 10; SM-J600F Build/QP1A.190711.020; wv) AppleWebKit/537.36 (KHTML, like Gecko) Version/4.0 Chrome/118.0.0.0 Mobile Safari/537.36"
200.200.200.224 - - [11/Dec/2023:00:29:58 +0300] "GET /provider/filmy-i-serialy/filmy/page/3/ HTTP/1.1" 200 10344 "http://aurorawifi.ru/provider/filmy-i-serialy/filmy/page/2/" "Mozilla/5.0 (Linux; Android 10; SM-J600F Build/QP1A.190711.020; wv) AppleWebKit/537.36 (KHTML, like Gecko) Version/4.0 Chrome/118.0.0.0 Mobile Safari/537.36"
200.200.200.224 - - [11/Dec/2023:00:30:01 +0300] "GET /provider/filmy-i-serialy/filmy/page/2/undefined HTTP/1.1" 404 40121 "http://aurorawifi.ru/provider/filmy-i-serialy/filmy/page/2/" "Mozilla/5.0 (Linux; Android 10; SM-J600F Build/QP1A.190711.020; wv) AppleWebKit/537.36 (KHTML, like Gecko) Version/4.0 Chrome/118.0.0.0 Mobile Safari/537.36"
200.200.200.224 - - [11/Dec/2023:00:29:51 +0300] "POST /chat HTTP/1.1" 408 487 "-" "Mozilla/5.0 (compatible; WAChat/1.2; +http://www.whatsapp.com/contact)"
200.200.200.224 - - [11/Dec/2023:00:30:02 +0300] "POST /chat HTTP/1.1" 408 487 "-" "Mozilla/5.0 (compatible; WAChat/1.2; +http://www.whatsapp.com/contact)"
200.200.200.224 - - [11/Dec/2023:00:30:14 +0300] "GET /provider/filmy-i-serialy/serialy/ HTTP/1.1" 200 10187 "http://aurorawifi.ru/provider/filmy-i-serialy/filmy/" "Mozilla/5.0 (Linux; Android 10; SM-J600F Build/QP1A.190711.020; wv) AppleWebKit/537.36 (KHTML, like Gecko) Version/4.0 Chrome/118.0.0.0 Mobile Safari/537.36"
200.200.200.1 - - [11/Dec/2023:00:30:45 +0300] "POST /core/wp-cron.php?doing_wp_cron=1702243845.8427340984344482421875 HTTP/1.1" 200 259 "-" "WordPress/6.2.2; http://aurorawifi.ru"
200.200.200.224 - - [11/Dec/2023:00:30:45 +0300] "GET /wp-json/wp-statistics/v2/online?wp_statistics_hit_rest=yes&track_all=0&current_page_type=tax&current_page_id=2415&search_query&page_uri=L3Byb3ZpZGVyL2ZpbG15LWktc2VyaWFseS9zZXJpYWx5Lw= HTTP/1.1" 200 626 "http://aurorawifi.ru/provider/filmy-i-serialy/serialy/" "Mozilla/5.0 (Linux; Android 10; SM-J600F Build/QP1A.190711.020; wv) AppleWebKit/537.36 (KHTML, like Gecko) Version/4.0 Chrome/118.0.0.0 Mobile Safari/537.36"
200.200.200.224 - - [11/Dec/2023:00:30:46 +0300] "GET /provider/filmy-i-serialy/ivi/ HTTP/1.1" 200 10608 "http://aurorawifi.ru/provider/filmy-i-serialy/serialy/" "Mozilla/5.0 (Linux; Android 10; SM-J600F Build/QP1A.190711.020; wv) AppleWebKit/537.36 (KHTML, like Gecko) Version/4.0 Chrome/118.0.0.0 Mobile Safari/537.36"
200.200.200.224 - - [11/Dec/2023:00:31:04 +0300] "GET /video/odin-vdoh-2/ HTTP/1.1" 200 12853 "http://aurorawifi.ru/provider/filmy-i-serialy/ivi/" "Mozilla/5.0 (Linux; Android 10; SM-J600F Build/QP1A.190711.020; wv) AppleWebKit/537.36 (KHTML, like Gecko) Version/4.0 Chrome/118.0.0.0 Mobile Safari/537.36"
200.200.200.224 - - [11/Dec/2023:00:31:05 +0300] "GET /wp-content/themes/wifly/assets/css/video-js.css?ver=1693247703 HTTP/1.1" 200 13048 "http://aurorawifi.ru/video/odin-vdoh-2/" "Mozilla/5.0 (Linux; Android 10; SM-J600F Build/QP1A.190711.020; wv) AppleWebKit/537.36 (KHTML, like Gecko) Version/4.0 Chrome/118.0.0.0 Mobile Safari/537.36"
200.200.200.224 - - [11/Dec/2023:00:31:05 +0300] "GET /wp-content/themes/wifly/assets/js/video-js.js?ver=1693247703 HTTP/1.1" 200 175135 "http://aurorawifi.ru/video/odin-vdoh-2/" "Mozilla/5.0 (Linux; Android 10; SM-J600F Build/QP1A.190711.020; wv) AppleWebKit/537.36 (KHTML, like Gecko) Version/4.0 Chrome/118.0.0.0 Mobile Safari/537.36"
200.200.200.224 - - [11/Dec/2023:00:31:05 +0300] "GET /wp-content/uploads/video/%D0%98%D0%92%D0%98/new101023/%D0%9E%D0%B4%D0%B8%D0%BD%20%D0%B2%D0%B4%D0%BE%D1%85.mp4 HTTP/1.1" 206 3686608 "http://aurorawifi.ru/video/odin-vdoh-2/" "Mozilla/5.0 (Linux; Android 10; SM-J600F Build/QP1A.190711.020; wv) AppleWebKit/537.36 (KHTML, like Gecko) Version/4.0 Chrome/118.0.0.0 Mobile Safari/537.36"
200.200.200.224 - - [11/Dec/2023:00:31:06 +0300] "GET /wp-content/uploads/video/%D0%98%D0%92%D0%98/new101023/%D0%9E%D0%B4%D0%B8%D0%BD%20%D0%B2%D0%B4%D0%BE%D1%85.mp4 HTTP/1.1" 206 360802 "http://aurorawifi.ru/video/odin-vdoh-2/" "Mozilla/5.0 (Linux; Android 10; SM-J600F Build/QP1A.190711.020; wv) AppleWebKit/537.36 (KHTML, like Gecko) Version/4.0 Chrome/118.0.0.0 Mobile Safari/537.36"
200.200.200.224 - - [11/Dec/2023:00:31:06 +0300] "GET /wp-content/uploads/video/%D0%98%D0%92%D0%98/new101023/%D0%9E%D0%B4%D0%B8%D0%BD%20%D0%B2%D0%B4%D0%BE%D1%85.mp4 HTTP/1.1" 206 10060704 "http://aurorawifi.ru/video/odin-vdoh-2/" "Mozilla/5.0 (Linux; Android 10; SM-J600F Build/QP1A.190711.020; wv) AppleWebKit/537.36 (KHTML, like Gecko) Version/4.0 Chrome/118.0.0.0 Mobile Safari/537.36"
200.200.200.224 - - [11/Dec/2023:00:31:14 +0300] "POST /chat HTTP/1.1" 408 487 "-" "Mozilla/5.0 (compatible; WAChat/1.2; +http://www.whatsapp.com/contact)"
200.200.200.1 - - [11/Dec/2023:00:31:32 +0300] "POST /core/wp-cron.php?doing_wp_cron=1702243892.4230790138244628906250 HTTP/1.1" 200 259 "-" "WordPress/6.2.2; http://aurorawifi.ru"
200.200.200.224 - - [11/Dec/2023:00:31:32 +0300] "GET /video/vne-zony-dostupa-2/ HTTP/1.1" 200 12704 "http://aurorawifi.ru/provider/filmy-i-serialy/ivi/" "Mozilla/5.0 (Linux; Android 10; SM-J600F Build/QP1A.190711.020; wv) AppleWebKit/537.36 (KHTML, like Gecko) Version/4.0 Chrome/118.0.0.0 Mobile Safari/537.36"
200.200.200.224 - - [11/Dec/2023:00:31:33 +0300] "GET /wp-content/uploads/video/%D0%98%D0%92%D0%98/new101023/%D0%92%D0%BD%D0%B5%20%D0%B7%D0%BE%D0%BD%D1%8B%20%D0%B4%D0%BE%D1%81%D1%82%D1%83%D0%BF%D0%B0.mp4 HTTP/1.1" 206 1307544 "http://aurorawifi.ru/video/vne-zony-dostupa-2/" "Mozilla/5.0 (Linux; Android 10; SM-J600F Build/QP1A.190711.020; wv) AppleWebKit/537.36 (KHTML, like Gecko) Version/4.0 Chrome/118.0.0.0 Mobile Safari/537.36"
200.200.200.224 - - [11/Dec/2023:00:31:38 +0300] "POST /chat HTTP/1.1" 408 487 "-" "Mozilla/5.0 (compatible; WAChat/1.2; +http://www.whatsapp.com/contact)"
200.200.200.224 - - [11/Dec/2023:00:31:33 +0300] "GET /wp-content/uploads/video/%D0%98%D0%92%D0%98/new101023/%D0%92%D0%BD%D0%B5%20%D0%B7%D0%BE%D0%BD%D1%8B%20%D0%B4%D0%BE%D1%81%D1%82%D1%83%D0%BF%D0%B0.mp4 HTTP/1.1" 206 11059824 "http://aurorawifi.ru/video/vne-zony-dostupa-2/" "Mozilla/5.0 (Linux; Android 10; SM-J600F Build/QP1A.190711.020; wv) AppleWebKit/537.36 (KHTML, like Gecko) Version/4.0 Chrome/118.0.0.0 Mobile Safari/537.36"
200.200.200.224 - - [11/Dec/2023:00:31:49 +0300] "POST /chat HTTP/1.1" 408 487 "-" "Mozilla/5.0 (compatible; WAChat/1.2; +http://www.whatsapp.com/contact)"
200.200.200.224 - - [11/Dec/2023:00:32:03 +0300] "GET /wp-json/wp-statistics/v2/online?wp_statistics_hit_rest=yes&track_all=1&current_page_type=post_type_video&current_page_id=13117&search_query&page_uri=L3ZpZGVvL3ZuZS16b255LWRvc3R1cGEtMi8 HTTP/1.1" 200 626 "http://aurorawifi.ru/video/vne-zony-dostupa-2/" "Mozilla/5.0 (Linux; Android 10; SM-J600F Build/QP1A.190711.020; wv) AppleWebKit/537.36 (KHTML, like Gecko) Version/4.0 Chrome/118.0.0.0 Mobile Safari/537.36"
200.200.200.1 - - [11/Dec/2023:00:32:33 +0300] "POST /core/wp-cron.php?doing_wp_cron=1702243953.2856040000915527343750 HTTP/1.1" 200 259 "-" "WordPress/6.2.2; http://aurorawifi.ru"
200.200.200.224 - - [11/Dec/2023:00:32:33 +0300] "GET /wp-json/wp-statistics/v2/online?wp_statistics_hit_rest=yes&track_all=1&current_page_type=post_type_video&current_page_id=13117&search_query&page_uri=L3ZpZGVvL3ZuZS16b255LWRvc3R1cGEtMi8 HTTP/1.1" 200 626 "http://aurorawifi.ru/video/vne-zony-dostupa-2/" "Mozilla/5.0 (Linux; Android 10; SM-J600F Build/QP1A.190711.020; wv) AppleWebKit/537.36 (KHTML, like Gecko) Version/4.0 Chrome/118.0.0.0 Mobile Safari/537.36"
200.200.200.224 - - [11/Dec/2023:00:32:53 +0300] "GET /video/spasite-kolyu-2/ HTTP/1.1" 200 12940 "http://aurorawifi.ru/provider/filmy-i-serialy/ivi/" "Mozilla/5.0 (Linux; Android 10; SM-J600F Build/QP1A.190711.020; wv) AppleWebKit/537.36 (KHTML, like Gecko) Version/4.0 Chrome/118.0.0.0 Mobile Safari/537.36"
200.200.200.224 - - [11/Dec/2023:00:32:54 +0300] "GET /wp-content/uploads/video/%D0%98%D0%92%D0%98/%D0%A1%D0%BF%D0%B0%D1%81%D0%B8%D1%82%D0%B5%20%D0%9A%D0%BE%D0%BB%D1%8E_rus_hd.mp4 HTTP/1.1" 206 1172880 "http://aurorawifi.ru/video/spasite-kolyu-2/" "Mozilla/5.0 (Linux; Android 10; SM-J600F Build/QP1A.190711.020; wv) AppleWebKit/537.36 (KHTML, like Gecko) Version/4.0 Chrome/118.0.0.0 Mobile Safari/537.36"
200.200.200.224 - - [11/Dec/2023:00:32:55 +0300] "GET /wp-content/uploads/video/%D0%98%D0%92%D0%98/%D0%A1%D0%BF%D0%B0%D1%81%D0%B8%D1%82%D0%B5%20%D0%9A%D0%BE%D0%BB%D1%8E_rus_hd.mp4 HTTP/1.1" 206 11048240 "http://aurorawifi.ru/video/spasite-kolyu-2/" "Mozilla/5.0 (Linux; Android 10; SM-J600F Build/QP1A.190711.020; wv) AppleWebKit/537.36 (KHTML, like Gecko) Version/4.0 Chrome/118.0.0.0 Mobile Safari/537.36"
200.200.200.224 - - [11/Dec/2023:00:33:01 +0300] "POST /chat HTTP/1.1" 408 487 "-" "Mozilla/5.0 (compatible; WAChat/1.2; +http://www.whatsapp.com/contact)"
200.200.200.224 - - [11/Dec/2023:00:33:20 +0300] "GET /video/po-koleno/ HTTP/1.1" 200 12940 "http://aurorawifi.ru/provider/filmy-i-serialy/ivi/" "Mozilla/5.0 (Linux; Android 10; SM-J600F Build/QP1A.190711.020; wv) AppleWebKit/537.36 (KHTML, like Gecko) Version/4.0 Chrome/118.0.0.0 Mobile Safari/537.36"
200.200.200.1 - - [11/Dec/2023:00:33:40 +0300] "POST /core/wp-cron.php?doing_wp_cron=1702244020.7282280921936035156250 HTTP/1.1" 200 259 "-" "WordPress/6.2.2; http://c.whatsapp.net"
200.200.200.224 - - [11/Dec/2023:00:33:46 +0300] "GET /provider/filmy-i-serialy/ivi/ HTTP/1.1" 200 10609 "http://aurorawifi.ru/provider/filmy-i-serialy/serialy/" "Mozilla/5.0 (Linux; Android 10; SM-J600F Build/QP1A.190711.020; wv) AppleWebKit/537.36 (KHTML, like Gecko) Version/4.0 Chrome/118.0.0.0 Mobile Safari/537.36"
200.200.200.224 - - [11/Dec/2023:00:33:40 +0300] "POST /chat HTTP/1.1" 408 487 "-" "Mozilla/5.0 (compatible; WAChat/1.2; +http://www.whatsapp.com/contact)"
200.200.200.224 - - [11/Dec/2023:00:33:58 +0300] "GET /video/ne-lechi-menya/ HTTP/1.1" 200 12486 "http://aurorawifi.ru/provider/filmy-i-serialy/ivi/" "Mozilla/5.0 (Linux; Android 10; SM-J600F Build/QP1A.190711.020; wv) AppleWebKit/537.36 (KHTML, like Gecko) Version/4.0 Chrome/118.0.0.0 Mobile Safari/537.36"
200.200.200.224 - - [11/Dec/2023:00:33:59 +0300] "GET /wp-content/uploads/video/%D0%98%D0%92%D0%98/%D0%9D%D0%B5%20%D0%BB%D0%B5%D1%87%D0%B8%20%D0%BC%D0%B5%D0%BD%D1%8F_rus_hd.mp4 HTTP/1.1" 206 977400 "http://aurorawifi.ru/video/ne-lechi-menya/" "Mozilla/5.0 (Linux; Android 10; SM-J600F Build/QP1A.190711.020; wv) AppleWebKit/537.36 (KHTML, like Gecko) Version/4.0 Chrome/118.0.0.0 Mobile Safari/537.36"
200.200.200.224 - - [11/Dec/2023:00:33:51 +0300] "POST /chat HTTP/1.1" 408 487 "-" "Mozilla/5.0 (compatible; WAChat/1.2; +http://www.whatsapp.com/contact)"
200.200.200.224 - - [11/Dec/2023:00:33:59 +0300] "GET /wp-content/uploads/video/%D0%98%D0%92%D0%98/%D0%9D%D0%B5%20%D0%BB%D0%B5%D1%87%D0%B8%20%D0%BC%D0%B5%D0%BD%D1%8F_rus_hd.mp4 HTTP/1.1" 206 11385624 "http://aurorawifi.ru/video/ne-lechi-menya/" "Mozilla/5.0 (Linux; Android 10; SM-J600F Build/QP1A.190711.020; wv) AppleWebKit/537.36 (KHTML, like Gecko) Version/4.0 Chrome/118.0.0.0 Mobile Safari/537.36"
200.200.200.1 - - [11/Dec/2023:00:34:44 +0300] "POST /core/wp-cron.php?doing_wp_cron=1702244084.8374459743499755859375 HTTP/1.1" 200 259 "-" "WordPress/6.2.2; http://aurorawifi.ru"
200.200.200.224 - - [11/Dec/2023:00:34:44 +0300] "GET /video/marusya-foreva-2/ HTTP/1.1" 200 12849 "http://aurorawifi.ru/provider/filmy-i-serialy/ivi/" "Mozilla/5.0 (Linux; Android 10; SM-J600F Build/QP1A.190711.020; wv) AppleWebKit/537.36 (KHTML, like Gecko) Version/4.0 Chrome/118.0.0.0 Mobile Safari/537.36"
200.200.200.224 - - [11/Dec/2023:00:34:45 +0300] "GET /wp-content/uploads/video/%D0%98%D0%92%D0%98/new101023/%D0%9C%D0%B0%D1%80%D1%83%D1%81%D1%8F%20%D1%84%D0%BE%D1%80%D0%B5va!.mp4 HTTP/1.1" 206 1368360 "http://aurorawifi.ru/video/marusya-foreva-2/" "Mozilla/5.0 (Linux; Android 10; SM-J600F Build/QP1A.190711.020; wv) AppleWebKit/537.36 (KHTML, like Gecko) Version/4.0 Chrome/118.0.0.0 Mobile Safari/537.36"
200.200.200.224 - - [11/Dec/2023:00:34:46 +0300] "GET /wp-content/uploads/video/%D0%98%D0%92%D0%98/new101023/%D0%9C%D0%B0%D1%80%D1%83%D1%81%D1%8F%20%D1%84%D0%BE%D1%80%D0%B5va!.mp4 HTTP/1.1" 206 12168992 "http://aurorawifi.ru/video/marusya-foreva-2/" "Mozilla/5.0 (Linux; Android 10; SM-J600F Build/QP1A.190711.020; wv) AppleWebKit/537.36 (KHTML, like Gecko) Version/4.0 Chrome/118.0.0.0 Mobile Safari/537.36"
200.200.200.224 - - [11/Dec/2023:00:35:03 +0300] "POST /chat HTTP/1.1" 408 487 "-" "Mozilla/5.0 (compatible; WAChat/1.2; +http://www.whatsapp.com/contact)"
200.200.200.224 - - [11/Dec/2023:00:35:15 +0300] "GET /wp-json/wp-statistics/v2/online?wp_statistics_hit_rest=yes&track_all=1&current_page_type=post_type_video&current_page_id=13118&search_query&page_uri=L3ZpZGVvL21hcnVzeWEtZm9yZXZhLTIv HTTP/1.1" 200 626 "http://aurorawifi.ru/video/marusya-foreva-2/" "Mozilla/5.0 (Linux; Android 10; SM-J600F Build/QP1A.190711.020; wv) AppleWebKit/537.36 (KHTML, like Gecko) Version/4.0 Chrome/118.0.0.0 Mobile Safari/537.36"
200.200.200.224 - - [11/Dec/2023:00:35:17 +0300] "GET /wp-content/uploads/video/%D0%98%D0%92%D0%98/new101023/%D0%9C%D0%B0%D1%80%D1%83%D1%81%D1%8F%20%D1%84%D0%BE%D1%80%D0%B5va!.mp4 HTTP/1.1" 206 92257 "http://aurorawifi.ru/video/marusya-foreva-2/" "Mozilla/5.0 (Linux; Android 10; SM-J600F Build/QP1A.190711.020; wv) AppleWebKit/537.36 (KHTML, like Gecko) Version/4.0 Chrome/118.0.0.0 Mobile Safari/537.36"
200.200.200.224 - - [11/Dec/2023:00:35:17 +0300] "GET /wp-content/uploads/video/%D0%98%D0%92%D0%98/new101023/%D0%9C%D0%B0%D1%80%D1%83%D1%81%D1%8F%20%D1%84%D0%BE%D1%80%D0%B5va!.mp4 HTTP/1.1" 206 11886632 "http://aurorawifi.ru/video/marusya-foreva-2/" "Mozilla/5.0 (Linux; Android 10; SM-J600F Build/QP1A.190711.020; wv) AppleWebKit/537.36 (KHTML, like Gecko) Version/4.0 Chrome/118.0.0.0 Mobile Safari/537.36"
200.200.200.224 - - [11/Dec/2023:00:35:42 +0300] "GET /wp-content/uploads/2023/11/1572530542.283682_97ea2d7bc40546d19998368c85873416-768x1086.jpg HTTP/1.1" 200 55651 "http://aurorawifi.ru/provider/filmy-i-serialy/filmy/" "Mozilla/5.0 (Linux; Android 10; SM-J600F Build/QP1A.190711.020; wv) AppleWebKit/537.36 (KHTML, like Gecko) Version/4.0 Chrome/118.0.0.0 Mobile Safari/537.36"
200.200.200.224 - - [11/Dec/2023:00:35:42 +0300] "GET /wp-content/uploads/2023/08/3840x-3-768x1051.webp HTTP/1.1" 200 103452 "http://aurorawifi.ru/provider/filmy-i-serialy/filmy/" "Mozilla/5.0 (Linux; Android 10; SM-J600F Build/QP1A.190711.020; wv) AppleWebKit/537.36 (KHTML, like Gecko) Version/4.0 Chrome/118.0.0.0 Mobile Safari/537.36"
200.200.200.1 - - [11/Dec/2023:00:35:43 +0300] "POST /core/wp-cron.php?doing_wp_cron=1702244143.2581639289855957031250 HTTP/1.1" 200 259 "-" "WordPress/6.2.2; http://aurorawifi.ru"
200.200.200.224 - - [11/Dec/2023:00:35:43 +0300] "GET /provider/filmy-i-serialy/filmy/page/2/ HTTP/1.1" 200 11629 "http://aurorawifi.ru/provider/filmy-i-serialy/filmy/" "Mozilla/5.0 (Linux; Android 10; SM-J600F Build/QP1A.190711.020; wv) AppleWebKit/537.36 (KHTML, like Gecko) Version/4.0 Chrome/118.0.0.0 Mobile Safari/537.36"
200.200.200.224 - - [11/Dec/2023:00:35:44 +0300] "GET /provider/filmy-i-serialy/page/2/ HTTP/1.1" 200 11710 "http://aurorawifi.ru/provider/filmy-i-serialy/" "Mozilla/5.0 (Linux; Android 10; SM-J600F Build/QP1A.190711.020; wv) AppleWebKit/537.36 (KHTML, like Gecko) Version/4.0 Chrome/118.0.0.0 Mobile Safari/537.36"
200.200.200.224 - - [11/Dec/2023:00:35:54 +0300] "POST /chat HTTP/1.1" 408 487 "-" "Mozilla/5.0 (compatible; WAChat/1.2; +http://www.whatsapp.com/contact)"
200.200.200.224 - - [11/Dec/2023:00:36:06 +0300] "GET /generate_204 HTTP/1.1" 301 610 "-" "Dalvik/2.1.0 (Linux; U; Android 10; SM-J600F Build/QP1A.190711.020)"
200.200.200.224 - - [11/Dec/2023:00:36:05 +0300] "POST /chat HTTP/1.1" 408 487 "-" "Mozilla/5.0 (compatible; WAChat/1.2; +http://www.whatsapp.com/contact)"
200.200.200.224 - - [11/Dec/2023:00:36:06 +0300] "POST /chat HTTP/1.1" 408 487 "-" "Mozilla/5.0 (compatible; WAChat/1.2; +http://www.whatsapp.com/contact)"
200.200.200.1 - - [11/Dec/2023:00:38:55 +0300] "POST /core/wp-cron.php?doing_wp_cron=1702244335.7751069068908691406250 HTTP/1.1" 200 259 "-" "WordPress/6.2.2; http://c.whatsapp.net"
200.200.200.253 - - [11/Dec/2023:00:38:55 +0300] "POST /chat HTTP/1.1" 408 487 "-" "Mozilla/5.0 (compatible; WAChat/1.2; +http://www.whatsapp.com/contact)"
200.200.200.1 - - [11/Dec/2023:00:44:57 +0300] "POST /core/wp-cron.php?doing_wp_cron=1702244697.6552898883819580078125 HTTP/1.1" 200 259 "-" "WordPress/6.2.2; http://c.whatsapp.net"
200.200.200.253 - - [11/Dec/2023:00:44:57 +0300] "POST /chat HTTP/1.1" 408 487 "-" "Mozilla/5.0 (compatible; WAChat/1.2; +http://www.whatsapp.com/contact)"
200.200.200.253 - - [11/Dec/2023:00:45:08 +0300] "POST /chat HTTP/1.1" 408 487 "-" "Mozilla/5.0 (compatible; WAChat/1.2; +http://www.whatsapp.com/contact)"
200.200.200.1 - - [11/Dec/2023:00:59:34 +0300] "POST /core/wp-cron.php?doing_wp_cron=1702245574.2970650196075439453125 HTTP/1.1" 200 259 "-" "WordPress/6.2.2; http://auroraeifi.ru"
200.200.200.248 - - [11/Dec/2023:00:59:34 +0300] "GET / HTTP/1.1" 200 9840 "http://yandex.ru/searchapp?text=" "Mozilla/5.0 (Linux; arm_64; Android 12; SM-G991B) AppleWebKit/537.36 (KHTML, like Gecko) Chrome/118.0.5993.2332 YaApp_Android/23.110.1 YaSearchBrowser/23.110.1 BroPP/1.0 SA/3 Mobile Safari/537.36"
200.200.200.248 - - [11/Dec/2023:00:59:35 +0300] "GET /wp-content/plugins/wifly-authlogging/ext/bootstrap.css?ver=6.2.2 HTTP/1.1" 200 27867 "http://auroraeifi.ru/" "Mozilla/5.0 (Linux; arm_64; Android 12; SM-G991B) AppleWebKit/537.36 (KHTML, like Gecko) Chrome/118.0.5993.2332 YaApp_Android/23.110.1 YaSearchBrowser/23.110.1 BroPP/1.0 SA/3 Mobile Safari/537.36"
200.200.200.248 - - [11/Dec/2023:00:59:35 +0300] "GET /core/wp-includes/css/dist/block-library/style.min.css?ver=6.2.2 HTTP/1.1" 200 13076 "http://auroraeifi.ru/" "Mozilla/5.0 (Linux; arm_64; Android 12; SM-G991B) AppleWebKit/537.36 (KHTML, like Gecko) Chrome/118.0.5993.2332 YaApp_Android/23.110.1 YaSearchBrowser/23.110.1 BroPP/1.0 SA/3 Mobile Safari/537.36"
200.200.200.248 - - [11/Dec/2023:00:59:35 +0300] "GET /wp-content/themes/wifly/assets/css/form.css?ver=1691923366 HTTP/1.1" 200 1321 "http://auroraeifi.ru/" "Mozilla/5.0 (Linux; arm_64; Android 12; SM-G991B) AppleWebKit/537.36 (KHTML, like Gecko) Chrome/118.0.5993.2332 YaApp_Android/23.110.1 YaSearchBrowser/23.110.1 BroPP/1.0 SA/3 Mobile Safari/537.36"
200.200.200.248 - - [11/Dec/2023:00:59:35 +0300] "GET /wp-content/themes/wifly/assets/css/normalize.css?ver=1691923366 HTTP/1.1" 200 2076 "http://auroraeifi.ru/" "Mozilla/5.0 (Linux; arm_64; Android 12; SM-G991B) AppleWebKit/537.36 (KHTML, like Gecko) Chrome/118.0.5993.2332 YaApp_Android/23.110.1 YaSearchBrowser/23.110.1 BroPP/1.0 SA/3 Mobile Safari/537.36"
200.200.200.248 - - [11/Dec/2023:00:59:35 +0300] "GET /wp-content/themes/wifly/assets/css/fonts.css?ver=1691923366 HTTP/1.1" 200 481 "http://auroraeifi.ru/" "Mozilla/5.0 (Linux; arm_64; Android 12; SM-G991B) AppleWebKit/537.36 (KHTML, like Gecko) Chrome/118.0.5993.2332 YaApp_Android/23.110.1 YaSearchBrowser/23.110.1 BroPP/1.0 SA/3 Mobile Safari/537.36"
200.200.200.248 - - [11/Dec/2023:00:59:35 +0300] "GET /wp-content/themes/wifly/assets/css/app.css?ver=1701247277 HTTP/1.1" 200 8295 "http://auroraeifi.ru/" "Mozilla/5.0 (Linux; arm_64; Android 12; SM-G991B) AppleWebKit/537.36 (KHTML, like Gecko) Chrome/118.0.5993.2332 YaApp_Android/23.110.1 YaSearchBrowser/23.110.1 BroPP/1.0 SA/3 Mobile Safari/537.36"
200.200.200.248 - - [11/Dec/2023:00:59:35 +0300] "GET /wp-content/plugins/wifly-authlogging/ext/bootstrap.js?ver=6.2.2 HTTP/1.1" 200 23678 "http://auroraeifi.ru/" "Mozilla/5.0 (Linux; arm_64; Android 12; SM-G991B) AppleWebKit/537.36 (KHTML, like Gecko) Chrome/118.0.5993.2332 YaApp_Android/23.110.1 YaSearchBrowser/23.110.1 BroPP/1.0 SA/3 Mobile Safari/537.36"
200.200.200.248 - - [11/Dec/2023:00:59:35 +0300] "GET /core/wp-includes/js/jquery/jquery.min.js?ver=3.6.4 HTTP/1.1" 200 31402 "http://auroraeifi.ru/" "Mozilla/5.0 (Linux; arm_64; Android 12; SM-G991B) AppleWebKit/537.36 (KHTML, like Gecko) Chrome/118.0.5993.2332 YaApp_Android/23.110.1 YaSearchBrowser/23.110.1 BroPP/1.0 SA/3 Mobile Safari/537.36"
200.200.200.248 - - [11/Dec/2023:00:59:35 +0300] "GET /core/wp-includes/js/jquery/jquery-migrate.min.js?ver=3.4.0 HTTP/1.1" 200 5146 "http://auroraeifi.ru/" "Mozilla/5.0 (Linux; arm_64; Android 12; SM-G991B) AppleWebKit/537.36 (KHTML, like Gecko) Chrome/118.0.5993.2332 YaApp_Android/23.110.1 YaSearchBrowser/23.110.1 BroPP/1.0 SA/3 Mobile Safari/537.36"
200.200.200.248 - - [11/Dec/2023:00:59:35 +0300] "GET /wp-content/plugins/wp-statistics/assets/js/tracker.js?ver=6.2.2 HTTP/1.1" 200 949 "http://auroraeifi.ru/" "Mozilla/5.0 (Linux; arm_64; Android 12; SM-G991B) AppleWebKit/537.36 (KHTML, like Gecko) Chrome/118.0.5993.2332 YaApp_Android/23.110.1 YaSearchBrowser/23.110.1 BroPP/1.0 SA/3 Mobile Safari/537.36"
200.200.200.248 - - [11/Dec/2023:00:59:35 +0300] "GET /wp-content/themes/wifly/assets/js/infinite-scroll.pkgd.js?ver=1691923366 HTTP/1.1" 200 12973 "http://auroraeifi.ru/" "Mozilla/5.0 (Linux; arm_64; Android 12; SM-G991B) AppleWebKit/537.36 (KHTML, like Gecko) Chrome/118.0.5993.2332 YaApp_Android/23.110.1 YaSearchBrowser/23.110.1 BroPP/1.0 SA/3 Mobile Safari/537.36"
200.200.200.248 - - [11/Dec/2023:00:59:35 +0300] "GET /wp-content/uploads/2023/10/idea.png HTTP/1.1" 200 374775 "http://auroraeifi.ru/" "Mozilla/5.0 (Linux; arm_64; Android 12; SM-G991B) AppleWebKit/537.36 (KHTML, like Gecko) Chrome/118.0.5993.2332 YaApp_Android/23.110.1 YaSearchBrowser/23.110.1 BroPP/1.0 SA/3 Mobile Safari/537.36"
200.200.200.248 - - [11/Dec/2023:00:59:35 +0300] "GET /wp-content/themes/wifly/assets/js/app.js?ver=1700154778 HTTP/1.1" 200 6308 "http://auroraeifi.ru/" "Mozilla/5.0 (Linux; arm_64; Android 12; SM-G991B) AppleWebKit/537.36 (KHTML, like Gecko) Chrome/118.0.5993.2332 YaApp_Android/23.110.1 YaSearchBrowser/23.110.1 BroPP/1.0 SA/3 Mobile Safari/537.36"
200.200.200.248 - - [11/Dec/2023:00:59:35 +0300] "GET /wp-content/themes/wifly/assets/js/scripts.js?ver=1.0.013443345681235 HTTP/1.1" 200 5041 "http://auroraeifi.ru/" "Mozilla/5.0 (Linux; arm_64; Android 12; SM-G991B) AppleWebKit/537.36 (KHTML, like Gecko) Chrome/118.0.5993.2332 YaApp_Android/23.110.1 YaSearchBrowser/23.110.1 BroPP/1.0 SA/3 Mobile Safari/537.36"
200.200.200.248 - - [11/Dec/2023:00:59:35 +0300] "GET /jquery.device.detector.js HTTP/1.1" 200 4875 "http://auroraeifi.ru/" "Mozilla/5.0 (Linux; arm_64; Android 12; SM-G991B) AppleWebKit/537.36 (KHTML, like Gecko) Chrome/118.0.5993.2332 YaApp_Android/23.110.1 YaSearchBrowser/23.110.1 BroPP/1.0 SA/3 Mobile Safari/537.36"
200.200.200.248 - - [11/Dec/2023:00:59:35 +0300] "GET /wp-content/uploads/2023/11/logo_white.png HTTP/1.1" 200 6908 "http://auroraeifi.ru/wp-content/themes/wifly/assets/css/app.css?ver=1701247277" "Mozilla/5.0 (Linux; arm_64; Android 12; SM-G991B) AppleWebKit/537.36 (KHTML, like Gecko) Chrome/118.0.5993.2332 YaApp_Android/23.110.1 YaSearchBrowser/23.110.1 BroPP/1.0 SA/3 Mobile Safari/537.36"
200.200.200.248 - - [11/Dec/2023:00:59:35 +0300] "GET /wp-content/uploads/2023/09/cloud-mobile.jpg HTTP/1.1" 200 17885 "http://auroraeifi.ru/" "Mozilla/5.0 (Linux; arm_64; Android 12; SM-G991B) AppleWebKit/537.36 (KHTML, like Gecko) Chrome/118.0.5993.2332 YaApp_Android/23.110.1 YaSearchBrowser/23.110.1 BroPP/1.0 SA/3 Mobile Safari/537.36"
200.200.200.248 - - [11/Dec/2023:00:59:35 +0300] "GET /wp-content/fonts/montserrat/JTUHjIg1_i6t8kCHKm4532VJOt5-QNFgpCuM73w5aXx-p7K4GLs.woff HTTP/1.1" 200 19619 "http://auroraeifi.ru/" "Mozilla/5.0 (Linux; arm_64; Android 12; SM-G991B) AppleWebKit/537.36 (KHTML, like Gecko) Chrome/118.0.5993.2332 YaApp_Android/23.110.1 YaSearchBrowser/23.110.1 BroPP/1.0 SA/3 Mobile Safari/537.36"
200.200.200.248 - - [11/Dec/2023:00:59:35 +0300] "GET /wp-content/fonts/montserrat/JTUHjIg1_i6t8kCHKm4532VJOt5-QNFgpCuM73w9aXx-p7K4GLvztg.woff HTTP/1.1" 200 11327 "http://auroraeifi.ru/" "Mozilla/5.0 (Linux; arm_64; Android 12; SM-G991B) AppleWebKit/537.36 (KHTML, like Gecko) Chrome/118.0.5993.2332 YaApp_Android/23.110.1 YaSearchBrowser/23.110.1 BroPP/1.0 SA/3 Mobile Safari/537.36"
200.200.200.248 - - [11/Dec/2023:00:59:35 +0300] "GET /wp-content/uploads/2023/10/aurora-airlines-logo-512x512-1-3.png HTTP/1.1" 200 7394 "http://auroraeifi.ru/" "Mozilla/5.0 (Linux; arm_64; Android 12; SM-G991B) AppleWebKit/537.36 (KHTML, like Gecko) Chrome/118.0.5993.2332 YaApp_Android/23.110.1 YaSearchBrowser/23.110.1 BroPP/1.0 SA/3 Mobile Safari/537.36"
200.200.200.248 - - [11/Dec/2023:00:59:35 +0300] "GET /wp-content/uploads/2023/10/logo_moroshka.svg HTTP/1.1" 200 1831240 "http://auroraeifi.ru/" "Mozilla/5.0 (Linux; arm_64; Android 12; SM-G991B) AppleWebKit/537.36 (KHTML, like Gecko) Chrome/118.0.5993.2332 YaApp_Android/23.110.1 YaSearchBrowser/23.110.1 BroPP/1.0 SA/3 Mobile Safari/537.36"
200.200.200.248 - - [11/Dec/2023:00:59:35 +0300] "GET /wp-content/themes/wifly/assets/images/cross.svg HTTP/1.1" 200 1295 "http://auroraeifi.ru/wp-content/themes/wifly/assets/css/app.css?ver=1701247277" "Mozilla/5.0 (Linux; arm_64; Android 12; SM-G991B) AppleWebKit/537.36 (KHTML, like Gecko) Chrome/118.0.5993.2332 YaApp_Android/23.110.1 YaSearchBrowser/23.110.1 BroPP/1.0 SA/3 Mobile Safari/537.36"
200.200.200.248 - - [11/Dec/2023:00:59:35 +0300] "GET /wp-content/uploads/2023/10/greater_than_light.svg HTTP/1.1" 200 2447 "http://auroraeifi.ru/" "Mozilla/5.0 (Linux; arm_64; Android 12; SM-G991B) AppleWebKit/537.36 (KHTML, like Gecko) Chrome/118.0.5993.2332 YaApp_Android/23.110.1 YaSearchBrowser/23.110.1 BroPP/1.0 SA/3 Mobile Safari/537.36"
200.200.200.248 - - [11/Dec/2023:00:59:35 +0300] "GET /wp-content/uploads/2023/09/path7.svg HTTP/1.1" 200 2191 "http://auroraeifi.ru/" "Mozilla/5.0 (Linux; arm_64; Android 12; SM-G991B) AppleWebKit/537.36 (KHTML, like Gecko) Chrome/118.0.5993.2332 YaApp_Android/23.110.1 YaSearchBrowser/23.110.1 BroPP/1.0 SA/3 Mobile Safari/537.36"
200.200.200.248 - - [11/Dec/2023:00:59:34 +0300] "GET / HTTP/1.1" 200 9839 "-" "Dalvik/2.1.0 (Linux; U; Android 12; SM-G991B Build/SP1A.210812.016)"
::1 - - [11/Dec/2023:00:59:43 +0300] "OPTIONS * HTTP/1.0" 200 126 "-" "Apache/2.4.41 (Ubuntu) (internal dummy connection)"
::1 - - [11/Dec/2023:00:59:44 +0300] "OPTIONS * HTTP/1.0" 200 126 "-" "Apache/2.4.41 (Ubuntu) (internal dummy connection)"
::1 - - [11/Dec/2023:00:59:45 +0300] "OPTIONS * HTTP/1.0" 200 126 "-" "Apache/2.4.41 (Ubuntu) (internal dummy connection)"
200.200.200.248 - - [11/Dec/2023:00:59:49 +0300] "GET /main/ HTTP/1.1" 200 11459 "http://auroraeifi.ru/" "Mozilla/5.0 (Linux; arm_64; Android 12; SM-G991B) AppleWebKit/537.36 (KHTML, like Gecko) Chrome/118.0.5993.2332 YaApp_Android/23.110.1 YaSearchBrowser/23.110.1 BroPP/1.0 SA/3 Mobile Safari/537.36"
200.200.200.248 - - [11/Dec/2023:00:59:49 +0300] "GET /wp-content/themes/wifly/assets/css/swiper.css?ver=0.1.2 HTTP/1.1" 200 5187 "http://auroraeifi.ru/main/" "Mozilla/5.0 (Linux; arm_64; Android 12; SM-G991B) AppleWebKit/537.36 (KHTML, like Gecko) Chrome/118.0.5993.2332 YaApp_Android/23.110.1 YaSearchBrowser/23.110.1 BroPP/1.0 SA/3 Mobile Safari/537.36"
200.200.200.248 - - [11/Dec/2023:00:59:49 +0300] "GET /wp-content/themes/wifly/assets/js/swiper.js?ver=0.1.2 HTTP/1.1" 200 39410 "http://auroraeifi.ru/main/" "Mozilla/5.0 (Linux; arm_64; Android 12; SM-G991B) AppleWebKit/537.36 (KHTML, like Gecko) Chrome/118.0.5993.2332 YaApp_Android/23.110.1 YaSearchBrowser/23.110.1 BroPP/1.0 SA/3 Mobile Safari/537.36"
200.200.200.248 - - [11/Dec/2023:00:59:50 +0300] "GET /wp-content/uploads/2023/11/1572530542.283682_97ea2d7bc40546d19998368c85873416.jpg HTTP/1.1" 200 262484 "http://auroraeifi.ru/main/" "Mozilla/5.0 (Linux; arm_64; Android 12; SM-G991B) AppleWebKit/537.36 (KHTML, like Gecko) Chrome/118.0.5993.2332 YaApp_Android/23.110.1 YaSearchBrowser/23.110.1 BroPP/1.0 SA/3 Mobile Safari/537.36"
200.200.200.248 - - [11/Dec/2023:00:59:50 +0300] "GET /wp-content/uploads/2023/07/1.jpeg HTTP/1.1" 200 198373 "http://auroraeifi.ru/main/" "Mozilla/5.0 (Linux; arm_64; Android 12; SM-G991B) AppleWebKit/537.36 (KHTML, like Gecko) Chrome/118.0.5993.2332 YaApp_Android/23.110.1 YaSearchBrowser/23.110.1 BroPP/1.0 SA/3 Mobile Safari/537.36"
200.200.200.248 - - [11/Dec/2023:00:59:50 +0300] "GET /wp-content/uploads/2023/08/600x900-16.webp HTTP/1.1" 200 37336 "http://auroraeifi.ru/main/" "Mozilla/5.0 (Linux; arm_64; Android 12; SM-G991B) AppleWebKit/537.36 (KHTML, like Gecko) Chrome/118.0.5993.2332 YaApp_Android/23.110.1 YaSearchBrowser/23.110.1 BroPP/1.0 SA/3 Mobile Safari/537.36"
200.200.200.248 - - [11/Dec/2023:00:59:50 +0300] "GET /wp-content/uploads/2023/08/11-1.jpg HTTP/1.1" 200 99439 "http://auroraeifi.ru/main/" "Mozilla/5.0 (Linux; arm_64; Android 12; SM-G991B) AppleWebKit/537.36 (KHTML, like Gecko) Chrome/118.0.5993.2332 YaApp_Android/23.110.1 YaSearchBrowser/23.110.1 BroPP/1.0 SA/3 Mobile Safari/537.36"
200.200.200.248 - - [11/Dec/2023:00:59:50 +0300] "GET /wp-content/uploads/2023/07/4.jpeg HTTP/1.1" 200 229731 "http://auroraeifi.ru/main/" "Mozilla/5.0 (Linux; arm_64; Android 12; SM-G991B) AppleWebKit/537.36 (KHTML, like Gecko) Chrome/118.0.5993.2332 YaApp_Android/23.110.1 YaSearchBrowser/23.110.1 BroPP/1.0 SA/3 Mobile Safari/537.36"
200.200.200.248 - - [11/Dec/2023:00:59:50 +0300] "GET /wp-content/uploads/2023/08/vnezonyd.jpg HTTP/1.1" 200 121200 "http://auroraeifi.ru/main/" "Mozilla/5.0 (Linux; arm_64; Android 12; SM-G991B) AppleWebKit/537.36 (KHTML, like Gecko) Chrome/118.0.5993.2332 YaApp_Android/23.110.1 YaSearchBrowser/23.110.1 BroPP/1.0 SA/3 Mobile Safari/537.36"
200.200.200.248 - - [11/Dec/2023:00:59:50 +0300] "GET /wp-content/uploads/2023/08/3840x-3.webp HTTP/1.1" 200 441440 "http://auroraeifi.ru/main/" "Mozilla/5.0 (Linux; arm_64; Android 12; SM-G991B) AppleWebKit/537.36 (KHTML, like Gecko) Chrome/118.0.5993.2332 YaApp_Android/23.110.1 YaSearchBrowser/23.110.1 BroPP/1.0 SA/3 Mobile Safari/537.36"
200.200.200.248 - - [11/Dec/2023:00:59:50 +0300] "GET /wp-content/uploads/2023/08/cvetnjashki-768x576-1.png HTTP/1.1" 200 552129 "http://auroraeifi.ru/main/" "Mozilla/5.0 (Linux; arm_64; Android 12; SM-G991B) AppleWebKit/537.36 (KHTML, like Gecko) Chrome/118.0.5993.2332 YaApp_Android/23.110.1 YaSearchBrowser/23.110.1 BroPP/1.0 SA/3 Mobile Safari/537.36"
200.200.200.248 - - [11/Dec/2023:00:59:50 +0300] "GET /wp-content/uploads/2023/08/600x900-9.webp HTTP/1.1" 200 114356 "http://auroraeifi.ru/main/" "Mozilla/5.0 (Linux; arm_64; Android 12; SM-G991B) AppleWebKit/537.36 (KHTML, like Gecko) Chrome/118.0.5993.2332 YaApp_Android/23.110.1 YaSearchBrowser/23.110.1 BroPP/1.0 SA/3 Mobile Safari/537.36"
200.200.200.248 - - [11/Dec/2023:00:59:50 +0300] "GET /wp-content/uploads/2023/11/%EF%BF%BD%EF%BF%BD%E0%AE%AA%EF%BF%BD%EF%BF%BD-%EF%BF%BD%E0%A8%AF-768x768.png HTTP/1.1" 200 198483 "http://auroraeifi.ru/main/" "Mozilla/5.0 (Linux; arm_64; Android 12; SM-G991B) AppleWebKit/537.36 (KHTML, like Gecko) Chrome/118.0.5993.2332 YaApp_Android/23.110.1 YaSearchBrowser/23.110.1 BroPP/1.0 SA/3 Mobile Safari/537.36"
200.200.200.248 - - [11/Dec/2023:00:59:50 +0300] "GET /wp-content/uploads/2023/10/filmy.svg HTTP/1.1" 200 3007 "http://auroraeifi.ru/main/" "Mozilla/5.0 (Linux; arm_64; Android 12; SM-G991B) AppleWebKit/537.36 (KHTML, like Gecko) Chrome/118.0.5993.2332 YaApp_Android/23.110.1 YaSearchBrowser/23.110.1 BroPP/1.0 SA/3 Mobile Safari/537.36"
200.200.200.248 - - [11/Dec/2023:00:59:50 +0300] "GET /wp-content/uploads/2023/10/kids.svg HTTP/1.1" 200 3423 "http://auroraeifi.ru/main/" "Mozilla/5.0 (Linux; arm_64; Android 12; SM-G991B) AppleWebKit/537.36 (KHTML, like Gecko) Chrome/118.0.5993.2332 YaApp_Android/23.110.1 YaSearchBrowser/23.110.1 BroPP/1.0 SA/3 Mobile Safari/537.36"
200.200.200.248 - - [11/Dec/2023:00:59:50 +0300] "GET /wp-content/uploads/2023/10/game.svg HTTP/1.1" 200 4367 "http://auroraeifi.ru/main/" "Mozilla/5.0 (Linux; arm_64; Android 12; SM-G991B) AppleWebKit/537.36 (KHTML, like Gecko) Chrome/118.0.5993.2332 YaApp_Android/23.110.1 YaSearchBrowser/23.110.1 BroPP/1.0 SA/3 Mobile Safari/537.36"
200.200.200.248 - - [11/Dec/2023:00:59:50 +0300] "GET /wp-content/themes/wifly/assets/images/slider-next.svg HTTP/1.1" 200 790 "http://auroraeifi.ru/wp-content/themes/wifly/assets/css/app.css?ver=1701247277" "Mozilla/5.0 (Linux; arm_64; Android 12; SM-G991B) AppleWebKit/537.36 (KHTML, like Gecko) Chrome/118.0.5993.2332 YaApp_Android/23.110.1 YaSearchBrowser/23.110.1 BroPP/1.0 SA/3 Mobile Safari/537.36"
200.200.200.248 - - [11/Dec/2023:00:59:50 +0300] "GET /wp-content/themes/wifly/assets/images/slider-prev.svg HTTP/1.1" 200 782 "http://auroraeifi.ru/wp-content/themes/wifly/assets/css/app.css?ver=1701247277" "Mozilla/5.0 (Linux; arm_64; Android 12; SM-G991B) AppleWebKit/537.36 (KHTML, like Gecko) Chrome/118.0.5993.2332 YaApp_Android/23.110.1 YaSearchBrowser/23.110.1 BroPP/1.0 SA/3 Mobile Safari/537.36"
200.200.200.248 - - [11/Dec/2023:00:59:50 +0300] "GET /wp-content/uploads/2023/10/music.svg HTTP/1.1" 200 12574 "http://auroraeifi.ru/main/" "Mozilla/5.0 (Linux; arm_64; Android 12; SM-G991B) AppleWebKit/537.36 (KHTML, like Gecko) Chrome/118.0.5993.2332 YaApp_Android/23.110.1 YaSearchBrowser/23.110.1 BroPP/1.0 SA/3 Mobile Safari/537.36"
200.200.200.248 - - [11/Dec/2023:00:59:50 +0300] "GET /wp-content/uploads/2023/10/book.svg HTTP/1.1" 200 5450 "http://auroraeifi.ru/main/" "Mozilla/5.0 (Linux; arm_64; Android 12; SM-G991B) AppleWebKit/537.36 (KHTML, like Gecko) Chrome/118.0.5993.2332 YaApp_Android/23.110.1 YaSearchBrowser/23.110.1 BroPP/1.0 SA/3 Mobile Safari/537.36"
