200.200.200.60 - - [11/Dec/2023:01:19:47 +0300] "GET /wp-content/uploads/video/freeware/%D0%A6%D0%B2%D0%B5%D1%82%D0%B8%D0%BA-%D0%A1%D0%B5%D0%BC%D0%B8%D1%86%D0%B2%D0%B5%D1%82%D0%B8%D0%BA.1948.WEBRip%201080p.mp4 HTTP/1.1" 206 5516880 "http://aurorawifi.ru/video/czvetik-semiczvetik/" "Mozilla/5.0 (iPhone; CPU iPhone OS 17_1_2 like Mac OS X) AppleWebKit/605.1.15 (KHTML, like Gecko) Version/17.1.2 Mobile/15E148 Safari/604.1"
200.200.200.224 - - [11/Dec/2023:01:19:36 +0300] "GET /wp-content/uploads/video/%D0%A1%D0%B8%D0%BD%D0%B5%D0%BC%D0%B0%D1%83%D1%81/new101023/%D0%9B%D0%B5%D0%B4%D1%8F%D0%BD%D0%B0%D1%8F%20%D0%B8%D1%81%D1%82%D0%BE%D1%80%D0%B8%D1%8F.mp4 HTTP/1.1" 206 10725336 "http://aurorawifi.ru/video/ledyanaya-istoriya/" "Mozilla/5.0 (Linux; Android 10; SM-J600F Build/QP1A.190711.020; wv) AppleWebKit/537.36 (KHTML, like Gecko) Version/4.0 Chrome/118.0.0.0 Mobile Safari/537.36"
200.200.200.60 - - [11/Dec/2023:01:19:48 +0300] "GET /wp-json/wp-statistics/v2/online?wp_statistics_hit_rest=yes&track_all=1&current_page_type=post_type_video&current_page_id=13090&search_query&page_uri=L3ZpZGVvL2N6dmV0aWstc2VtaWN6dmV0aWsv HTTP/1.1" 200 626 "http://aurorawifi.ru/video/czvetik-semiczvetik/" "Mozilla/5.0 (iPhone; CPU iPhone OS 17_1_2 like Mac OS X) AppleWebKit/605.1.15 (KHTML, like Gecko) Version/17.1.2 Mobile/15E148 Safari/604.1"
200.200.200.60 - - [11/Dec/2023:01:19:50 +0300] "GET /wp-content/uploads/video/freeware/%D0%A6%D0%B2%D0%B5%D1%82%D0%B8%D0%BA-%D0%A1%D0%B5%D0%BC%D0%B8%D1%86%D0%B2%D0%B5%D1%82%D0%B8%D0%BA.1948.WEBRip%201080p.mp4 HTTP/1.1" 206 5416968 "http://aurorawifi.ru/video/czvetik-semiczvetik/" "Mozilla/5.0 (iPhone; CPU iPhone OS 17_1_2 like Mac OS X) AppleWebKit/605.1.15 (KHTML, like Gecko) Version/17.1.2 Mobile/15E148 Safari/604.1"
200.200.200.224 - - [11/Dec/2023:01:19:53 +0300] "GET /video/volga-volga/ HTTP/1.1" 200 12458 "http://aurorawifi.ru/provider/filmy-i-serialy/page/3/" "Mozilla/5.0 (Linux; Android 10; SM-J600F Build/QP1A.190711.020; wv) AppleWebKit/537.36 (KHTML, like Gecko) Version/4.0 Chrome/118.0.0.0 Mobile Safari/537.36"
200.200.200.60 - - [11/Dec/2023:01:19:54 +0300] "GET /wp-content/uploads/video/freeware/%D0%A6%D0%B2%D0%B5%D1%82%D0%B8%D0%BA-%D0%A1%D0%B5%D0%BC%D0%B8%D1%86%D0%B2%D0%B5%D1%82%D0%B8%D0%BA.1948.WEBRip%201080p.mp4 HTTP/1.1" 206 4083360 "http://aurorawifi.ru/video/czvetik-semiczvetik/" "Mozilla/5.0 (iPhone; CPU iPhone OS 17_1_2 like Mac OS X) AppleWebKit/605.1.15 (KHTML, like Gecko) Version/17.1.2 Mobile/15E148 Safari/604.1"
200.200.200.224 - - [11/Dec/2023:01:19:54 +0300] "GET /wp-content/uploads/video/freeware/%D0%92%D0%BE%D0%BB%D0%B3%D0%B0-%D0%92%D0%BE%D0%BB%D0%B3%D0%B0%20%D1%87,%D0%B1_1.47GB%20by%20vovaniez%20%D0%BE%D1%82%20RGTRU.mp4 HTTP/1.1" 206 912240 "http://aurorawifi.ru/video/volga-volga/" "Mozilla/5.0 (Linux; Android 10; SM-J600F Build/QP1A.190711.020; wv) AppleWebKit/537.36 (KHTML, like Gecko) Version/4.0 Chrome/118.0.0.0 Mobile Safari/537.36"
200.200.200.60 - - [11/Dec/2023:01:19:57 +0300] "GET /wp-content/uploads/video/freeware/%D0%A6%D0%B2%D0%B5%D1%82%D0%B8%D0%BA-%D0%A1%D0%B5%D0%BC%D0%B8%D1%86%D0%B2%D0%B5%D1%82%D0%B8%D0%BA.1948.WEBRip%201080p.mp4 HTTP/1.1" 206 4960848 "http://aurorawifi.ru/video/czvetik-semiczvetik/" "Mozilla/5.0 (iPhone; CPU iPhone OS 17_1_2 like Mac OS X) AppleWebKit/605.1.15 (KHTML, like Gecko) Version/17.1.2 Mobile/15E148 Safari/604.1"
200.200.200.60 - - [11/Dec/2023:01:20:01 +0300] "GET /wp-content/uploads/video/freeware/%D0%A6%D0%B2%D0%B5%D1%82%D0%B8%D0%BA-%D0%A1%D0%B5%D0%BC%D0%B8%D1%86%D0%B2%D0%B5%D1%82%D0%B8%D0%BA.1948.WEBRip%201080p.mp4 HTTP/1.1" 206 4635048 "http://aurorawifi.ru/video/czvetik-semiczvetik/" "Mozilla/5.0 (iPhone; CPU iPhone OS 17_1_2 like Mac OS X) AppleWebKit/605.1.15 (KHTML, like Gecko) Version/17.1.2 Mobile/15E148 Safari/604.1"
200.200.200.60 - - [11/Dec/2023:01:20:05 +0300] "GET /wp-content/uploads/video/freeware/%D0%A6%D0%B2%D0%B5%D1%82%D0%B8%D0%BA-%D0%A1%D0%B5%D0%BC%D0%B8%D1%86%D0%B2%D0%B5%D1%82%D0%B8%D0%BA.1948.WEBRip%201080p.mp4 HTTP/1.1" 206 4729168 "http://aurorawifi.ru/video/czvetik-semiczvetik/" "Mozilla/5.0 (iPhone; CPU iPhone OS 17_1_2 like Mac OS X) AppleWebKit/605.1.15 (KHTML, like Gecko) Version/17.1.2 Mobile/15E148 Safari/604.1"
200.200.200.248 - - [11/Dec/2023:01:12:13 +0300] "GET /wp-content/uploads/video/%D0%98%D0%92%D0%98/%D0%9F%D0%BE%20%D0%BA%D0%BE%D0%BB%D0%B5%D0%BD%D0%BE/po_koleno_s01e01_rus_original.mp4 HTTP/1.1" 206 71283592 "http://auroraeifi.ru/video/po-koleno/po-koleno-seriya-1/" "Mozilla/5.0 (Linux; arm_64; Android 12; SM-G991B) AppleWebKit/537.36 (KHTML, like Gecko) Chrome/118.0.5993.2332 YaApp_Android/23.110.1 YaSearchBrowser/23.110.1 BroPP/1.0 SA/3 Mobile Safari/537.36"
200.200.200.248 - - [11/Dec/2023:01:20:08 +0300] "GET /wp-content/uploads/video/%D0%98%D0%92%D0%98/%D0%9F%D0%BE%20%D0%BA%D0%BE%D0%BB%D0%B5%D0%BD%D0%BE/po_koleno_s01e01_rus_original.mp4 HTTP/1.1" 206 360552 "http://auroraeifi.ru/video/po-koleno/po-koleno-seriya-1/" "Mozilla/5.0 (Linux; arm_64; Android 12; SM-G991B) AppleWebKit/537.36 (KHTML, like Gecko) Chrome/118.0.5993.2332 YaApp_Android/23.110.1 YaSearchBrowser/23.110.1 BroPP/1.0 SA/3 Mobile Safari/537.36"
200.200.200.60 - - [11/Dec/2023:01:20:09 +0300] "GET /wp-content/uploads/video/freeware/%D0%A6%D0%B2%D0%B5%D1%82%D0%B8%D0%BA-%D0%A1%D0%B5%D0%BC%D0%B8%D1%86%D0%B2%D0%B5%D1%82%D0%B8%D0%BA.1948.WEBRip%201080p.mp4 HTTP/1.1" 206 4849352 "http://aurorawifi.ru/video/czvetik-semiczvetik/" "Mozilla/5.0 (iPhone; CPU iPhone OS 17_1_2 like Mac OS X) AppleWebKit/605.1.15 (KHTML, like Gecko) Version/17.1.2 Mobile/15E148 Safari/604.1"
200.200.200.248 - - [11/Dec/2023:01:20:12 +0300] "GET /wp-json/wp-statistics/v2/online?wp_statistics_hit_rest=yes&track_all=1&current_page_type=post_type_video&current_page_id=13082&search_query&page_uri=L3ZpZGVvL3BvLWtvbGVuby9wby1rb2xlbm8tc2VyaXlhLTEv HTTP/1.1" 200 626 "http://auroraeifi.ru/video/po-koleno/po-koleno-seriya-1/" "Mozilla/5.0 (Linux; arm_64; Android 12; SM-G991B) AppleWebKit/537.36 (KHTML, like Gecko) Chrome/118.0.5993.2332 YaApp_Android/23.110.1 YaSearchBrowser/23.110.1 BroPP/1.0 SA/3 Mobile Safari/537.36"
200.200.200.60 - - [11/Dec/2023:01:20:13 +0300] "GET /wp-content/uploads/video/freeware/%D0%A6%D0%B2%D0%B5%D1%82%D0%B8%D0%BA-%D0%A1%D0%B5%D0%BC%D0%B8%D1%86%D0%B2%D0%B5%D1%82%D0%B8%D0%BA.1948.WEBRip%201080p.mp4 HTTP/1.1" 206 4960848 "http://aurorawifi.ru/video/czvetik-semiczvetik/" "Mozilla/5.0 (iPhone; CPU iPhone OS 17_1_2 like Mac OS X) AppleWebKit/605.1.15 (KHTML, like Gecko) Version/17.1.2 Mobile/15E148 Safari/604.1"
200.200.200.224 - - [11/Dec/2023:01:20:15 +0300] "GET /wp-content/uploads/2023/11/podpiska_levelone-1536x1536.jpg HTTP/1.1" 200 75271 "http://aurorawifi.ru/video/volga-volga/" "Mozilla/5.0 (Linux; Android 10; SM-J600F Build/QP1A.190711.020; wv) AppleWebKit/537.36 (KHTML, like Gecko) Version/4.0 Chrome/118.0.0.0 Mobile Safari/537.36"
200.200.200.224 - - [11/Dec/2023:01:20:15 +0300] "GET /wp-content/uploads/2023/11/1607444951.219247_df8d1a2e5b7a48278dd64f1556a30a3a.jpg HTTP/1.1" 200 329616 "http://aurorawifi.ru/video/volga-volga/" "Mozilla/5.0 (Linux; Android 10; SM-J600F Build/QP1A.190711.020; wv) AppleWebKit/537.36 (KHTML, like Gecko) Version/4.0 Chrome/118.0.0.0 Mobile Safari/537.36"
200.200.200.60 - - [11/Dec/2023:01:20:17 +0300] "GET /wp-content/uploads/video/freeware/%D0%A6%D0%B2%D0%B5%D1%82%D0%B8%D0%BA-%D0%A1%D0%B5%D0%BC%D0%B8%D1%86%D0%B2%D0%B5%D1%82%D0%B8%D0%BA.1948.WEBRip%201080p.mp4 HTTP/1.1" 206 4439568 "http://aurorawifi.ru/video/czvetik-semiczvetik/" "Mozilla/5.0 (iPhone; CPU iPhone OS 17_1_2 like Mac OS X) AppleWebKit/605.1.15 (KHTML, like Gecko) Version/17.1.2 Mobile/15E148 Safari/604.1"
200.200.200.60 - - [11/Dec/2023:01:20:18 +0300] "GET /wp-json/wp-statistics/v2/online?wp_statistics_hit_rest=yes&track_all=1&current_page_type=post_type_video&current_page_id=13090&search_query&page_uri=L3ZpZGVvL2N6dmV0aWstc2VtaWN6dmV0aWsv HTTP/1.1" 200 626 "http://aurorawifi.ru/video/czvetik-semiczvetik/" "Mozilla/5.0 (iPhone; CPU iPhone OS 17_1_2 like Mac OS X) AppleWebKit/605.1.15 (KHTML, like Gecko) Version/17.1.2 Mobile/15E148 Safari/604.1"
200.200.200.60 - - [11/Dec/2023:01:20:21 +0300] "GET /wp-content/uploads/video/freeware/%D0%A6%D0%B2%D0%B5%D1%82%D0%B8%D0%BA-%D0%A1%D0%B5%D0%BC%D0%B8%D1%86%D0%B2%D0%B5%D1%82%D0%B8%D0%BA.1948.WEBRip%201080p.mp4 HTTP/1.1" 206 4895688 "http://aurorawifi.ru/video/czvetik-semiczvetik/" "Mozilla/5.0 (iPhone; CPU iPhone OS 17_1_2 like Mac OS X) AppleWebKit/605.1.15 (KHTML, like Gecko) Version/17.1.2 Mobile/15E148 Safari/604.1"
200.200.200.248 - - [11/Dec/2023:01:20:08 +0300] "GET /wp-content/uploads/video/%D0%98%D0%92%D0%98/%D0%9F%D0%BE%20%D0%BA%D0%BE%D0%BB%D0%B5%D0%BD%D0%BE/po_koleno_s01e01_rus_original.mp4 HTTP/1.1" 206 14501009 "http://auroraeifi.ru/video/po-koleno/po-koleno-seriya-1/" "Mozilla/5.0 (Linux; arm_64; Android 12; SM-G991B) AppleWebKit/537.36 (KHTML, like Gecko) Chrome/118.0.5993.2332 YaApp_Android/23.110.1 YaSearchBrowser/23.110.1 BroPP/1.0 SA/3 Mobile Safari/537.36"
200.200.200.224 - - [11/Dec/2023:01:20:24 +0300] "GET /wp-json/wp-statistics/v2/online?wp_statistics_hit_rest=yes&track_all=1&current_page_type=post_type_video&current_page_id=13087&search_query&page_uri=L3ZpZGVvL3ZvbGdhLXZvbGdhLw= HTTP/1.1" 200 626 "http://aurorawifi.ru/video/volga-volga/" "Mozilla/5.0 (Linux; Android 10; SM-J600F Build/QP1A.190711.020; wv) AppleWebKit/537.36 (KHTML, like Gecko) Version/4.0 Chrome/118.0.0.0 Mobile Safari/537.36"
200.200.200.60 - - [11/Dec/2023:01:20:25 +0300] "GET /wp-content/uploads/video/freeware/%D0%A6%D0%B2%D0%B5%D1%82%D0%B8%D0%BA-%D0%A1%D0%B5%D0%BC%D0%B8%D1%86%D0%B2%D0%B5%D1%82%D0%B8%D0%BA.1948.WEBRip%201080p.mp4 HTTP/1.1" 206 4504728 "http://aurorawifi.ru/video/czvetik-semiczvetik/" "Mozilla/5.0 (iPhone; CPU iPhone OS 17_1_2 like Mac OS X) AppleWebKit/605.1.15 (KHTML, like Gecko) Version/17.1.2 Mobile/15E148 Safari/604.1"
200.200.200.60 - - [11/Dec/2023:01:20:29 +0300] "GET /wp-content/uploads/video/freeware/%D0%A6%D0%B2%D0%B5%D1%82%D0%B8%D0%BA-%D0%A1%D0%B5%D0%BC%D0%B8%D1%86%D0%B2%D0%B5%D1%82%D0%B8%D0%BA.1948.WEBRip%201080p.mp4 HTTP/1.1" 206 5482128 "http://aurorawifi.ru/video/czvetik-semiczvetik/" "Mozilla/5.0 (iPhone; CPU iPhone OS 17_1_2 like Mac OS X) AppleWebKit/605.1.15 (KHTML, like Gecko) Version/17.1.2 Mobile/15E148 Safari/604.1"
200.200.200.60 - - [11/Dec/2023:01:20:33 +0300] "GET /wp-content/uploads/video/freeware/%D0%A6%D0%B2%D0%B5%D1%82%D0%B8%D0%BA-%D0%A1%D0%B5%D0%BC%D0%B8%D1%86%D0%B2%D0%B5%D1%82%D0%B8%D0%BA.1948.WEBRip%201080p.mp4 HTTP/1.1" 206 3987792 "http://aurorawifi.ru/video/czvetik-semiczvetik/" "Mozilla/5.0 (iPhone; CPU iPhone OS 17_1_2 like Mac OS X) AppleWebKit/605.1.15 (KHTML, like Gecko) Version/17.1.2 Mobile/15E148 Safari/604.1"
200.200.200.224 - - [11/Dec/2023:01:20:24 +0300] "POST /chat HTTP/1.1" 408 487 "-" "Mozilla/5.0 (compatible; WAChat/1.2; +http://www.whatsapp.com/contact)"
200.200.200.60 - - [11/Dec/2023:01:20:36 +0300] "GET /wp-content/uploads/video/freeware/%D0%A6%D0%B2%D0%B5%D1%82%D0%B8%D0%BA-%D0%A1%D0%B5%D0%BC%D0%B8%D1%86%D0%B2%D0%B5%D1%82%D0%B8%D0%BA.1948.WEBRip%201080p.mp4 HTTP/1.1" 206 4504728 "http://aurorawifi.ru/video/czvetik-semiczvetik/" "Mozilla/5.0 (iPhone; CPU iPhone OS 17_1_2 like Mac OS X) AppleWebKit/605.1.15 (KHTML, like Gecko) Version/17.1.2 Mobile/15E148 Safari/604.1"
200.200.200.60 - - [11/Dec/2023:01:20:39 +0300] "GET /wp-content/uploads/video/freeware/%D0%A6%D0%B2%D0%B5%D1%82%D0%B8%D0%BA-%D0%A1%D0%B5%D0%BC%D0%B8%D1%86%D0%B2%D0%B5%D1%82%D0%B8%D0%BA.1948.WEBRip%201080p.mp4 HTTP/1.1" 206 4409160 "http://aurorawifi.ru/video/czvetik-semiczvetik/" "Mozilla/5.0 (iPhone; CPU iPhone OS 17_1_2 like Mac OS X) AppleWebKit/605.1.15 (KHTML, like Gecko) Version/17.1.2 Mobile/15E148 Safari/604.1"
200.200.200.60 - - [11/Dec/2023:01:20:41 +0300] "GET /wp-content/uploads/video/freeware/%D0%A6%D0%B2%D0%B5%D1%82%D0%B8%D0%BA-%D0%A1%D0%B5%D0%BC%D0%B8%D1%86%D0%B2%D0%B5%D1%82%D0%B8%D0%BA.1948.WEBRip%201080p.mp4 HTTP/1.1" 206 5286648 "http://aurorawifi.ru/video/czvetik-semiczvetik/" "Mozilla/5.0 (iPhone; CPU iPhone OS 17_1_2 like Mac OS X) AppleWebKit/605.1.15 (KHTML, like Gecko) Version/17.1.2 Mobile/15E148 Safari/604.1"
200.200.200.1 - - [11/Dec/2023:01:20:43 +0300] "POST /core/wp-cron.php?doing_wp_cron=1702246843.2178568840026855468750 HTTP/1.1" 200 259 "-" "WordPress/6.2.2; http://auroraeifi.ru"
200.200.200.248 - - [11/Dec/2023:01:20:42 +0300] "GET /wp-json/wp-statistics/v2/online?wp_statistics_hit_rest=yes&track_all=1&current_page_type=post_type_video&current_page_id=13082&search_query&page_uri=L3ZpZGVvL3BvLWtvbGVuby9wby1rb2xlbm8tc2VyaXlhLTEv HTTP/1.1" 200 626 "http://auroraeifi.ru/video/po-koleno/po-koleno-seriya-1/" "Mozilla/5.0 (Linux; arm_64; Android 12; SM-G991B) AppleWebKit/537.36 (KHTML, like Gecko) Chrome/118.0.5993.2332 YaApp_Android/23.110.1 YaSearchBrowser/23.110.1 BroPP/1.0 SA/3 Mobile Safari/537.36"
200.200.200.60 - - [11/Dec/2023:01:20:44 +0300] "GET /wp-content/uploads/video/freeware/%D0%A6%D0%B2%D0%B5%D1%82%D0%B8%D0%BA-%D0%A1%D0%B5%D0%BC%D0%B8%D1%86%D0%B2%D0%B5%D1%82%D0%B8%D0%BA.1948.WEBRip%201080p.mp4 HTTP/1.1" 206 3857472 "http://aurorawifi.ru/video/czvetik-semiczvetik/" "Mozilla/5.0 (iPhone; CPU iPhone OS 17_1_2 like Mac OS X) AppleWebKit/605.1.15 (KHTML, like Gecko) Version/17.1.2 Mobile/15E148 Safari/604.1"
200.200.200.60 - - [11/Dec/2023:01:20:47 +0300] "GET /wp-content/uploads/video/freeware/%D0%A6%D0%B2%D0%B5%D1%82%D0%B8%D0%BA-%D0%A1%D0%B5%D0%BC%D0%B8%D1%86%D0%B2%D0%B5%D1%82%D0%B8%D0%BA.1948.WEBRip%201080p.mp4 HTTP/1.1" 206 5286648 "http://aurorawifi.ru/video/czvetik-semiczvetik/" "Mozilla/5.0 (iPhone; CPU iPhone OS 17_1_2 like Mac OS X) AppleWebKit/605.1.15 (KHTML, like Gecko) Version/17.1.2 Mobile/15E148 Safari/604.1"
200.200.200.60 - - [11/Dec/2023:01:20:48 +0300] "GET /wp-json/wp-statistics/v2/online?wp_statistics_hit_rest=yes&track_all=1&current_page_type=post_type_video&current_page_id=13090&search_query&page_uri=L3ZpZGVvL2N6dmV0aWstc2VtaWN6dmV0aWsv HTTP/1.1" 200 626 "http://aurorawifi.ru/video/czvetik-semiczvetik/" "Mozilla/5.0 (iPhone; CPU iPhone OS 17_1_2 like Mac OS X) AppleWebKit/605.1.15 (KHTML, like Gecko) Version/17.1.2 Mobile/15E148 Safari/604.1"
200.200.200.60 - - [11/Dec/2023:01:20:50 +0300] "GET /wp-content/uploads/video/freeware/%D0%A6%D0%B2%D0%B5%D1%82%D0%B8%D0%BA-%D0%A1%D0%B5%D0%BC%D0%B8%D1%86%D0%B2%D0%B5%D1%82%D0%B8%D0%BA.1948.WEBRip%201080p.mp4 HTTP/1.1" 206 4569888 "http://aurorawifi.ru/video/czvetik-semiczvetik/" "Mozilla/5.0 (iPhone; CPU iPhone OS 17_1_2 like Mac OS X) AppleWebKit/605.1.15 (KHTML, like Gecko) Version/17.1.2 Mobile/15E148 Safari/604.1"
200.200.200.60 - - [11/Dec/2023:01:20:54 +0300] "GET /wp-content/uploads/video/freeware/%D0%A6%D0%B2%D0%B5%D1%82%D0%B8%D0%BA-%D0%A1%D0%B5%D0%BC%D0%B8%D1%86%D0%B2%D0%B5%D1%82%D0%B8%D0%BA.1948.WEBRip%201080p.mp4 HTTP/1.1" 206 5286648 "http://aurorawifi.ru/video/czvetik-semiczvetik/" "Mozilla/5.0 (iPhone; CPU iPhone OS 17_1_2 like Mac OS X) AppleWebKit/605.1.15 (KHTML, like Gecko) Version/17.1.2 Mobile/15E148 Safari/604.1"
200.200.200.224 - - [11/Dec/2023:01:20:54 +0300] "GET /wp-json/wp-statistics/v2/online?wp_statistics_hit_rest=yes&track_all=1&current_page_type=post_type_video&current_page_id=13087&search_query&page_uri=L3ZpZGVvL3ZvbGdhLXZvbGdhLw= HTTP/1.1" 200 626 "http://aurorawifi.ru/video/volga-volga/" "Mozilla/5.0 (Linux; Android 10; SM-J600F Build/QP1A.190711.020; wv) AppleWebKit/537.36 (KHTML, like Gecko) Version/4.0 Chrome/118.0.0.0 Mobile Safari/537.36"
200.200.200.60 - - [11/Dec/2023:01:20:59 +0300] "GET /wp-content/uploads/video/freeware/%D0%A6%D0%B2%D0%B5%D1%82%D0%B8%D0%BA-%D0%A1%D0%B5%D0%BC%D0%B8%D1%86%D0%B2%D0%B5%D1%82%D0%B8%D0%BA.1948.WEBRip%201080p.mp4 HTTP/1.1" 206 4930440 "http://aurorawifi.ru/video/czvetik-semiczvetik/" "Mozilla/5.0 (iPhone; CPU iPhone OS 17_1_2 like Mac OS X) AppleWebKit/605.1.15 (KHTML, like Gecko) Version/17.1.2 Mobile/15E148 Safari/604.1"
200.200.200.224 - - [11/Dec/2023:01:20:50 +0300] "POST /chat HTTP/1.1" 408 487 "-" "Mozilla/5.0 (compatible; WAChat/1.2; +http://www.whatsapp.com/contact)"
200.200.200.60 - - [11/Dec/2023:01:21:02 +0300] "GET /wp-content/uploads/video/freeware/%D0%A6%D0%B2%D0%B5%D1%82%D0%B8%D0%BA-%D0%A1%D0%B5%D0%BC%D0%B8%D1%86%D0%B2%D0%B5%D1%82%D0%B8%D0%BA.1948.WEBRip%201080p.mp4 HTTP/1.1" 206 4704552 "http://aurorawifi.ru/video/czvetik-semiczvetik/" "Mozilla/5.0 (iPhone; CPU iPhone OS 17_1_2 like Mac OS X) AppleWebKit/605.1.15 (KHTML, like Gecko) Version/17.1.2 Mobile/15E148 Safari/604.1"
200.200.200.60 - - [11/Dec/2023:01:21:05 +0300] "GET /wp-content/uploads/video/freeware/%D0%A6%D0%B2%D0%B5%D1%82%D0%B8%D0%BA-%D0%A1%D0%B5%D0%BC%D0%B8%D1%86%D0%B2%D0%B5%D1%82%D0%B8%D0%BA.1948.WEBRip%201080p.mp4 HTTP/1.1" 206 3983448 "http://aurorawifi.ru/video/czvetik-semiczvetik/" "Mozilla/5.0 (iPhone; CPU iPhone OS 17_1_2 like Mac OS X) AppleWebKit/605.1.15 (KHTML, like Gecko) Version/17.1.2 Mobile/15E148 Safari/604.1"
200.200.200.60 - - [11/Dec/2023:01:21:08 +0300] "GET /wp-content/uploads/video/freeware/%D0%A6%D0%B2%D0%B5%D1%82%D0%B8%D0%BA-%D0%A1%D0%B5%D0%BC%D0%B8%D1%86%D0%B2%D0%B5%D1%82%D0%B8%D0%BA.1948.WEBRip%201080p.mp4 HTTP/1.1" 206 4183272 "http://aurorawifi.ru/video/czvetik-semiczvetik/" "Mozilla/5.0 (iPhone; CPU iPhone OS 17_1_2 like Mac OS X) AppleWebKit/605.1.15 (KHTML, like Gecko) Version/17.1.2 Mobile/15E148 Safari/604.1"
200.200.200.224 - - [11/Dec/2023:01:21:00 +0300] "POST /chat HTTP/1.1" 408 487 "-" "Mozilla/5.0 (compatible; WAChat/1.2; +http://www.whatsapp.com/contact)"
200.200.200.60 - - [11/Dec/2023:01:21:11 +0300] "GET /wp-content/uploads/video/freeware/%D0%A6%D0%B2%D0%B5%D1%82%D0%B8%D0%BA-%D0%A1%D0%B5%D0%BC%D0%B8%D1%86%D0%B2%D0%B5%D1%82%D0%B8%D0%BA.1948.WEBRip%201080p.mp4 HTTP/1.1" 206 4834872 "http://aurorawifi.ru/video/czvetik-semiczvetik/" "Mozilla/5.0 (iPhone; CPU iPhone OS 17_1_2 like Mac OS X) AppleWebKit/605.1.15 (KHTML, like Gecko) Version/17.1.2 Mobile/15E148 Safari/604.1"
200.200.200.248 - - [11/Dec/2023:01:21:12 +0300] "GET /wp-json/wp-statistics/v2/online?wp_statistics_hit_rest=yes&track_all=1&current_page_type=post_type_video&current_page_id=13082&search_query&page_uri=L3ZpZGVvL3BvLWtvbGVuby9wby1rb2xlbm8tc2VyaXlhLTEv HTTP/1.1" 200 626 "http://auroraeifi.ru/video/po-koleno/po-koleno-seriya-1/" "Mozilla/5.0 (Linux; arm_64; Android 12; SM-G991B) AppleWebKit/537.36 (KHTML, like Gecko) Chrome/118.0.5993.2332 YaApp_Android/23.110.1 YaSearchBrowser/23.110.1 BroPP/1.0 SA/3 Mobile Safari/537.36"
200.200.200.60 - - [11/Dec/2023:01:21:14 +0300] "GET /wp-content/uploads/video/freeware/%D0%A6%D0%B2%D0%B5%D1%82%D0%B8%D0%BA-%D0%A1%D0%B5%D0%BC%D0%B8%D1%86%D0%B2%D0%B5%D1%82%D0%B8%D0%BA.1948.WEBRip%201080p.mp4 HTTP/1.1" 206 3337640 "http://aurorawifi.ru/video/czvetik-semiczvetik/" "Mozilla/5.0 (iPhone; CPU iPhone OS 17_1_2 like Mac OS X) AppleWebKit/605.1.15 (KHTML, like Gecko) Version/17.1.2 Mobile/15E148 Safari/604.1"
200.200.200.41 - - [11/Dec/2023:01:21:14 +0300] "GET / HTTP/1.1" 200 9837 "-" "Dalvik/2.1.0 (Linux; U; Android 13; 2201116SG Build/TKQ1.221114.001)"
200.200.200.41 - - [11/Dec/2023:01:21:15 +0300] "GET / HTTP/1.1" 200 9839 "-" "Mozilla/5.0 (Linux; Android 13; 2201116SG Build/TKQ1.221114.001; wv) AppleWebKit/537.36 (KHTML, like Gecko) Version/4.0 Chrome/113.0.5672.162 Mobile Safari/537.36"
200.200.200.41 - - [11/Dec/2023:01:21:16 +0300] "GET /wp-content/plugins/wifly-authlogging/ext/bootstrap.css?ver=6.2.2 HTTP/1.1" 200 27867 "http://aurorawifi.ru/" "Mozilla/5.0 (Linux; Android 13; 2201116SG Build/TKQ1.221114.001; wv) AppleWebKit/537.36 (KHTML, like Gecko) Version/4.0 Chrome/113.0.5672.162 Mobile Safari/537.36"
200.200.200.41 - - [11/Dec/2023:01:21:16 +0300] "GET /wp-content/themes/wifly/assets/css/form.css?ver=1691923366 HTTP/1.1" 200 1321 "http://aurorawifi.ru/" "Mozilla/5.0 (Linux; Android 13; 2201116SG Build/TKQ1.221114.001; wv) AppleWebKit/537.36 (KHTML, like Gecko) Version/4.0 Chrome/113.0.5672.162 Mobile Safari/537.36"
200.200.200.41 - - [11/Dec/2023:01:21:16 +0300] "GET /core/wp-includes/css/dist/block-library/style.min.css?ver=6.2.2 HTTP/1.1" 200 13076 "http://aurorawifi.ru/" "Mozilla/5.0 (Linux; Android 13; 2201116SG Build/TKQ1.221114.001; wv) AppleWebKit/537.36 (KHTML, like Gecko) Version/4.0 Chrome/113.0.5672.162 Mobile Safari/537.36"
200.200.200.41 - - [11/Dec/2023:01:21:16 +0300] "GET /wp-content/themes/wifly/assets/css/normalize.css?ver=1691923366 HTTP/1.1" 200 2075 "http://aurorawifi.ru/" "Mozilla/5.0 (Linux; Android 13; 2201116SG Build/TKQ1.221114.001; wv) AppleWebKit/537.36 (KHTML, like Gecko) Version/4.0 Chrome/113.0.5672.162 Mobile Safari/537.36"
200.200.200.41 - - [11/Dec/2023:01:21:16 +0300] "GET /wp-content/themes/wifly/assets/css/fonts.css?ver=1691923366 HTTP/1.1" 200 481 "http://aurorawifi.ru/" "Mozilla/5.0 (Linux; Android 13; 2201116SG Build/TKQ1.221114.001; wv) AppleWebKit/537.36 (KHTML, like Gecko) Version/4.0 Chrome/113.0.5672.162 Mobile Safari/537.36"
200.200.200.41 - - [11/Dec/2023:01:21:16 +0300] "GET /core/wp-includes/js/jquery/jquery-migrate.min.js?ver=3.4.0 HTTP/1.1" 200 5146 "http://aurorawifi.ru/" "Mozilla/5.0 (Linux; Android 13; 2201116SG Build/TKQ1.221114.001; wv) AppleWebKit/537.36 (KHTML, like Gecko) Version/4.0 Chrome/113.0.5672.162 Mobile Safari/537.36"
200.200.200.41 - - [11/Dec/2023:01:21:16 +0300] "GET /wp-content/themes/wifly/assets/css/app.css?ver=1701247277 HTTP/1.1" 200 8295 "http://aurorawifi.ru/" "Mozilla/5.0 (Linux; Android 13; 2201116SG Build/TKQ1.221114.001; wv) AppleWebKit/537.36 (KHTML, like Gecko) Version/4.0 Chrome/113.0.5672.162 Mobile Safari/537.36"
200.200.200.41 - - [11/Dec/2023:01:21:16 +0300] "GET /wp-content/plugins/wp-statistics/assets/js/tracker.js?ver=6.2.2 HTTP/1.1" 200 949 "http://aurorawifi.ru/" "Mozilla/5.0 (Linux; Android 13; 2201116SG Build/TKQ1.221114.001; wv) AppleWebKit/537.36 (KHTML, like Gecko) Version/4.0 Chrome/113.0.5672.162 Mobile Safari/537.36"
200.200.200.41 - - [11/Dec/2023:01:21:16 +0300] "GET /wp-content/plugins/wifly-authlogging/ext/bootstrap.js?ver=6.2.2 HTTP/1.1" 200 23679 "http://aurorawifi.ru/" "Mozilla/5.0 (Linux; Android 13; 2201116SG Build/TKQ1.221114.001; wv) AppleWebKit/537.36 (KHTML, like Gecko) Version/4.0 Chrome/113.0.5672.162 Mobile Safari/537.36"
200.200.200.41 - - [11/Dec/2023:01:21:16 +0300] "GET /core/wp-includes/js/jquery/jquery.min.js?ver=3.6.4 HTTP/1.1" 200 31402 "http://aurorawifi.ru/" "Mozilla/5.0 (Linux; Android 13; 2201116SG Build/TKQ1.221114.001; wv) AppleWebKit/537.36 (KHTML, like Gecko) Version/4.0 Chrome/113.0.5672.162 Mobile Safari/537.36"
200.200.200.41 - - [11/Dec/2023:01:21:16 +0300] "GET /wp-content/themes/wifly/assets/js/app.js?ver=1700154778 HTTP/1.1" 200 6308 "http://aurorawifi.ru/" "Mozilla/5.0 (Linux; Android 13; 2201116SG Build/TKQ1.221114.001; wv) AppleWebKit/537.36 (KHTML, like Gecko) Version/4.0 Chrome/113.0.5672.162 Mobile Safari/537.36"
200.200.200.41 - - [11/Dec/2023:01:21:16 +0300] "GET /wp-content/themes/wifly/assets/js/infinite-scroll.pkgd.js?ver=1691923366 HTTP/1.1" 200 12973 "http://aurorawifi.ru/" "Mozilla/5.0 (Linux; Android 13; 2201116SG Build/TKQ1.221114.001; wv) AppleWebKit/537.36 (KHTML, like Gecko) Version/4.0 Chrome/113.0.5672.162 Mobile Safari/537.36"
200.200.200.41 - - [11/Dec/2023:01:21:16 +0300] "GET /jquery.device.detector.js HTTP/1.1" 200 4875 "http://aurorawifi.ru/" "Mozilla/5.0 (Linux; Android 13; 2201116SG Build/TKQ1.221114.001; wv) AppleWebKit/537.36 (KHTML, like Gecko) Version/4.0 Chrome/113.0.5672.162 Mobile Safari/537.36"
200.200.200.41 - - [11/Dec/2023:01:21:16 +0300] "GET /wp-content/themes/wifly/assets/js/scripts.js?ver=1.0.013443345681235 HTTP/1.1" 200 5041 "http://aurorawifi.ru/" "Mozilla/5.0 (Linux; Android 13; 2201116SG Build/TKQ1.221114.001; wv) AppleWebKit/537.36 (KHTML, like Gecko) Version/4.0 Chrome/113.0.5672.162 Mobile Safari/537.36"
200.200.200.41 - - [11/Dec/2023:01:21:16 +0300] "GET /wp-content/uploads/2023/10/idea.png HTTP/1.1" 200 374775 "http://aurorawifi.ru/" "Mozilla/5.0 (Linux; Android 13; 2201116SG Build/TKQ1.221114.001; wv) AppleWebKit/537.36 (KHTML, like Gecko) Version/4.0 Chrome/113.0.5672.162 Mobile Safari/537.36"
200.200.200.41 - - [11/Dec/2023:01:21:16 +0300] "GET /wp-content/uploads/2023/10/moroshka-1.svg HTTP/1.1" 200 8742 "http://aurorawifi.ru/wp-content/themes/wifly/assets/css/app.css?ver=1701247277" "Mozilla/5.0 (Linux; Android 13; 2201116SG Build/TKQ1.221114.001; wv) AppleWebKit/537.36 (KHTML, like Gecko) Version/4.0 Chrome/113.0.5672.162 Mobile Safari/537.36"
200.200.200.41 - - [11/Dec/2023:01:21:16 +0300] "GET /wp-content/uploads/2023/09/cloud-mobile.jpg HTTP/1.1" 200 17885 "http://aurorawifi.ru/" "Mozilla/5.0 (Linux; Android 13; 2201116SG Build/TKQ1.221114.001; wv) AppleWebKit/537.36 (KHTML, like Gecko) Version/4.0 Chrome/113.0.5672.162 Mobile Safari/537.36"
200.200.200.41 - - [11/Dec/2023:01:21:16 +0300] "GET /wp-content/fonts/montserrat/JTUHjIg1_i6t8kCHKm4532VJOt5-QNFgpCuM73w9aXx-p7K4GLvztg.woff HTTP/1.1" 200 11327 "http://aurorawifi.ru/" "Mozilla/5.0 (Linux; Android 13; 2201116SG Build/TKQ1.221114.001; wv) AppleWebKit/537.36 (KHTML, like Gecko) Version/4.0 Chrome/113.0.5672.162 Mobile Safari/537.36"
200.200.200.41 - - [11/Dec/2023:01:21:16 +0300] "GET /wp-content/fonts/montserrat/JTUHjIg1_i6t8kCHKm4532VJOt5-QNFgpCuM73w5aXx-p7K4GLs.woff HTTP/1.1" 200 19619 "http://aurorawifi.ru/" "Mozilla/5.0 (Linux; Android 13; 2201116SG Build/TKQ1.221114.001; wv) AppleWebKit/537.36 (KHTML, like Gecko) Version/4.0 Chrome/113.0.5672.162 Mobile Safari/537.36"
200.200.200.41 - - [11/Dec/2023:01:21:16 +0300] "GET /wp-content/uploads/2023/11/logo_white.png HTTP/1.1" 200 6908 "http://aurorawifi.ru/" "Mozilla/5.0 (Linux; Android 13; 2201116SG Build/TKQ1.221114.001; wv) AppleWebKit/537.36 (KHTML, like Gecko) Version/4.0 Chrome/113.0.5672.162 Mobile Safari/537.36"
200.200.200.41 - - [11/Dec/2023:01:21:16 +0300] "GET /wp-content/uploads/2023/10/aurora-airlines-logo-512x512-1-3.png HTTP/1.1" 200 7394 "http://aurorawifi.ru/" "Mozilla/5.0 (Linux; Android 13; 2201116SG Build/TKQ1.221114.001; wv) AppleWebKit/537.36 (KHTML, like Gecko) Version/4.0 Chrome/113.0.5672.162 Mobile Safari/537.36"
200.200.200.41 - - [11/Dec/2023:01:21:16 +0300] "GET /wp-content/uploads/2023/10/logo_moroshka.svg HTTP/1.1" 200 1831240 "http://aurorawifi.ru/" "Mozilla/5.0 (Linux; Android 13; 2201116SG Build/TKQ1.221114.001; wv) AppleWebKit/537.36 (KHTML, like Gecko) Version/4.0 Chrome/113.0.5672.162 Mobile Safari/537.36"
200.200.200.41 - - [11/Dec/2023:01:21:16 +0300] "GET /wp-content/themes/wifly/assets/images/cross.svg HTTP/1.1" 200 1295 "http://aurorawifi.ru/wp-content/themes/wifly/assets/css/app.css?ver=1701247277" "Mozilla/5.0 (Linux; Android 13; 2201116SG Build/TKQ1.221114.001; wv) AppleWebKit/537.36 (KHTML, like Gecko) Version/4.0 Chrome/113.0.5672.162 Mobile Safari/537.36"
200.200.200.41 - - [11/Dec/2023:01:21:16 +0300] "GET /wp-content/uploads/2023/10/greater_than_light.svg HTTP/1.1" 200 2447 "http://aurorawifi.ru/" "Mozilla/5.0 (Linux; Android 13; 2201116SG Build/TKQ1.221114.001; wv) AppleWebKit/537.36 (KHTML, like Gecko) Version/4.0 Chrome/113.0.5672.162 Mobile Safari/537.36"
200.200.200.41 - - [11/Dec/2023:01:21:16 +0300] "GET /wp-content/uploads/2023/09/path7.svg HTTP/1.1" 200 2191 "http://aurorawifi.ru/" "Mozilla/5.0 (Linux; Android 13; 2201116SG Build/TKQ1.221114.001; wv) AppleWebKit/537.36 (KHTML, like Gecko) Version/4.0 Chrome/113.0.5672.162 Mobile Safari/537.36"
200.200.200.224 - - [11/Dec/2023:01:21:15 +0300] "GET /video/volga-volga/ HTTP/1.1" 200 12458 "http://aurorawifi.ru/provider/filmy-i-serialy/page/3/" "Mozilla/5.0 (Linux; Android 10; SM-J600F Build/QP1A.190711.020; wv) AppleWebKit/537.36 (KHTML, like Gecko) Version/4.0 Chrome/118.0.0.0 Mobile Safari/537.36"
200.200.200.224 - - [11/Dec/2023:01:19:55 +0300] "GET /wp-content/uploads/video/freeware/%D0%92%D0%BE%D0%BB%D0%B3%D0%B0-%D0%92%D0%BE%D0%BB%D0%B3%D0%B0%20%D1%87,%D0%B1_1.47GB%20by%20vovaniez%20%D0%BE%D1%82%20RGTRU.mp4 HTTP/1.1" 206 23244744 "http://aurorawifi.ru/video/volga-volga/" "Mozilla/5.0 (Linux; Android 10; SM-J600F Build/QP1A.190711.020; wv) AppleWebKit/537.36 (KHTML, like Gecko) Version/4.0 Chrome/118.0.0.0 Mobile Safari/537.36"
200.200.200.224 - - [11/Dec/2023:01:21:17 +0300] "GET /wp-content/uploads/video/freeware/%D0%92%D0%BE%D0%BB%D0%B3%D0%B0-%D0%92%D0%BE%D0%BB%D0%B3%D0%B0%20%D1%87,%D0%B1_1.47GB%20by%20vovaniez%20%D0%BE%D1%82%20RGTRU.mp4 HTTP/1.1" 206 2538344 "http://aurorawifi.ru/video/volga-volga/" "Mozilla/5.0 (Linux; Android 10; SM-J600F Build/QP1A.190711.020; wv) AppleWebKit/537.36 (KHTML, like Gecko) Version/4.0 Chrome/118.0.0.0 Mobile Safari/537.36"
200.200.200.60 - - [11/Dec/2023:01:21:17 +0300] "GET /wp-content/uploads/video/freeware/%D0%A6%D0%B2%D0%B5%D1%82%D0%B8%D0%BA-%D0%A1%D0%B5%D0%BC%D0%B8%D1%86%D0%B2%D0%B5%D1%82%D0%B8%D0%BA.1948.WEBRip%201080p.mp4 HTTP/1.1" 206 4569888 "http://aurorawifi.ru/video/czvetik-semiczvetik/" "Mozilla/5.0 (iPhone; CPU iPhone OS 17_1_2 like Mac OS X) AppleWebKit/605.1.15 (KHTML, like Gecko) Version/17.1.2 Mobile/15E148 Safari/604.1"
200.200.200.224 - - [11/Dec/2023:01:21:17 +0300] "GET /wp-content/uploads/video/freeware/%D0%92%D0%BE%D0%BB%D0%B3%D0%B0-%D0%92%D0%BE%D0%BB%D0%B3%D0%B0%20%D1%87,%D0%B1_1.47GB%20by%20vovaniez%20%D0%BE%D1%82%20RGTRU.mp4 HTTP/1.1" 206 1662252 "http://aurorawifi.ru/video/volga-volga/" "Mozilla/5.0 (Linux; Android 10; SM-J600F Build/QP1A.190711.020; wv) AppleWebKit/537.36 (KHTML, like Gecko) Version/4.0 Chrome/118.0.0.0 Mobile Safari/537.36"
200.200.200.60 - - [11/Dec/2023:01:21:18 +0300] "GET /wp-json/wp-statistics/v2/online?wp_statistics_hit_rest=yes&track_all=1&current_page_type=post_type_video&current_page_id=13090&search_query&page_uri=L3ZpZGVvL2N6dmV0aWstc2VtaWN6dmV0aWsv HTTP/1.1" 200 626 "http://aurorawifi.ru/video/czvetik-semiczvetik/" "Mozilla/5.0 (iPhone; CPU iPhone OS 17_1_2 like Mac OS X) AppleWebKit/605.1.15 (KHTML, like Gecko) Version/17.1.2 Mobile/15E148 Safari/604.1"
200.200.200.224 - - [11/Dec/2023:01:21:18 +0300] "GET /wp-content/uploads/video/freeware/%D0%92%D0%BE%D0%BB%D0%B3%D0%B0-%D0%92%D0%BE%D0%BB%D0%B3%D0%B0%20%D1%87,%D0%B1_1.47GB%20by%20vovaniez%20%D0%BE%D1%82%20RGTRU.mp4 HTTP/1.1" 206 8615600 "http://aurorawifi.ru/video/volga-volga/" "Mozilla/5.0 (Linux; Android 10; SM-J600F Build/QP1A.190711.020; wv) AppleWebKit/537.36 (KHTML, like Gecko) Version/4.0 Chrome/118.0.0.0 Mobile Safari/537.36"
200.200.200.60 - - [11/Dec/2023:01:21:21 +0300] "GET /wp-content/uploads/video/freeware/%D0%A6%D0%B2%D0%B5%D1%82%D0%B8%D0%BA-%D0%A1%D0%B5%D0%BC%D0%B8%D1%86%D0%B2%D0%B5%D1%82%D0%B8%D0%BA.1948.WEBRip%201080p.mp4 HTTP/1.1" 206 4439568 "http://aurorawifi.ru/video/czvetik-semiczvetik/" "Mozilla/5.0 (iPhone; CPU iPhone OS 17_1_2 like Mac OS X) AppleWebKit/605.1.15 (KHTML, like Gecko) Version/17.1.2 Mobile/15E148 Safari/604.1"
200.200.200.41 - - [11/Dec/2023:01:21:21 +0300] "GET /main/ HTTP/1.1" 200 11451 "http://aurorawifi.ru/" "Mozilla/5.0 (Linux; Android 13; 2201116SG Build/TKQ1.221114.001; wv) AppleWebKit/537.36 (KHTML, like Gecko) Version/4.0 Chrome/113.0.5672.162 Mobile Safari/537.36"
200.200.200.41 - - [11/Dec/2023:01:21:21 +0300] "GET /wp-content/themes/wifly/assets/css/swiper.css?ver=0.1.2 HTTP/1.1" 200 5187 "http://aurorawifi.ru/main/" "Mozilla/5.0 (Linux; Android 13; 2201116SG Build/TKQ1.221114.001; wv) AppleWebKit/537.36 (KHTML, like Gecko) Version/4.0 Chrome/113.0.5672.162 Mobile Safari/537.36"
200.200.200.41 - - [11/Dec/2023:01:21:21 +0300] "GET /wp-content/themes/wifly/assets/js/swiper.js?ver=0.1.2 HTTP/1.1" 200 39410 "http://aurorawifi.ru/main/" "Mozilla/5.0 (Linux; Android 13; 2201116SG Build/TKQ1.221114.001; wv) AppleWebKit/537.36 (KHTML, like Gecko) Version/4.0 Chrome/113.0.5672.162 Mobile Safari/537.36"
200.200.200.41 - - [11/Dec/2023:01:21:21 +0300] "GET /wp-content/uploads/2023/07/1.jpeg HTTP/1.1" 200 198373 "http://aurorawifi.ru/main/" "Mozilla/5.0 (Linux; Android 13; 2201116SG Build/TKQ1.221114.001; wv) AppleWebKit/537.36 (KHTML, like Gecko) Version/4.0 Chrome/113.0.5672.162 Mobile Safari/537.36"
200.200.200.41 - - [11/Dec/2023:01:21:21 +0300] "GET /wp-content/uploads/2023/08/11-1.jpg HTTP/1.1" 200 99439 "http://aurorawifi.ru/main/" "Mozilla/5.0 (Linux; Android 13; 2201116SG Build/TKQ1.221114.001; wv) AppleWebKit/537.36 (KHTML, like Gecko) Version/4.0 Chrome/113.0.5672.162 Mobile Safari/537.36"
200.200.200.41 - - [11/Dec/2023:01:21:21 +0300] "GET /wp-content/uploads/2023/08/vnezonyd.jpg HTTP/1.1" 200 121200 "http://aurorawifi.ru/main/" "Mozilla/5.0 (Linux; Android 13; 2201116SG Build/TKQ1.221114.001; wv) AppleWebKit/537.36 (KHTML, like Gecko) Version/4.0 Chrome/113.0.5672.162 Mobile Safari/537.36"
200.200.200.41 - - [11/Dec/2023:01:21:21 +0300] "GET /wp-content/uploads/2023/11/1572530542.283682_97ea2d7bc40546d19998368c85873416.jpg HTTP/1.1" 200 262484 "http://aurorawifi.ru/main/" "Mozilla/5.0 (Linux; Android 13; 2201116SG Build/TKQ1.221114.001; wv) AppleWebKit/537.36 (KHTML, like Gecko) Version/4.0 Chrome/113.0.5672.162 Mobile Safari/537.36"
200.200.200.41 - - [11/Dec/2023:01:21:21 +0300] "GET /wp-content/uploads/2023/07/4.jpeg HTTP/1.1" 200 229731 "http://aurorawifi.ru/main/" "Mozilla/5.0 (Linux; Android 13; 2201116SG Build/TKQ1.221114.001; wv) AppleWebKit/537.36 (KHTML, like Gecko) Version/4.0 Chrome/113.0.5672.162 Mobile Safari/537.36"
200.200.200.41 - - [11/Dec/2023:01:21:21 +0300] "GET /wp-content/uploads/2023/10/filmy-dark.svg HTTP/1.1" 200 2974 "http://aurorawifi.ru/main/" "Mozilla/5.0 (Linux; Android 13; 2201116SG Build/TKQ1.221114.001; wv) AppleWebKit/537.36 (KHTML, like Gecko) Version/4.0 Chrome/113.0.5672.162 Mobile Safari/537.36"
200.200.200.41 - - [11/Dec/2023:01:21:21 +0300] "GET /wp-content/uploads/2023/08/cvetnjashki-768x576-1.png HTTP/1.1" 200 552129 "http://aurorawifi.ru/main/" "Mozilla/5.0 (Linux; Android 13; 2201116SG Build/TKQ1.221114.001; wv) AppleWebKit/537.36 (KHTML, like Gecko) Version/4.0 Chrome/113.0.5672.162 Mobile Safari/537.36"
200.200.200.41 - - [11/Dec/2023:01:21:22 +0300] "GET /wp-content/uploads/2023/10/kids-dark.svg HTTP/1.1" 200 3528 "http://aurorawifi.ru/main/" "Mozilla/5.0 (Linux; Android 13; 2201116SG Build/TKQ1.221114.001; wv) AppleWebKit/537.36 (KHTML, like Gecko) Version/4.0 Chrome/113.0.5672.162 Mobile Safari/537.36"
200.200.200.41 - - [11/Dec/2023:01:21:22 +0300] "GET /wp-content/themes/wifly/assets/images/slider-prev.svg HTTP/1.1" 200 782 "http://aurorawifi.ru/wp-content/themes/wifly/assets/css/app.css?ver=1701247277" "Mozilla/5.0 (Linux; Android 13; 2201116SG Build/TKQ1.221114.001; wv) AppleWebKit/537.36 (KHTML, like Gecko) Version/4.0 Chrome/113.0.5672.162 Mobile Safari/537.36"
200.200.200.41 - - [11/Dec/2023:01:21:22 +0300] "GET /wp-content/uploads/2023/10/game-dark.svg HTTP/1.1" 200 4329 "http://aurorawifi.ru/main/" "Mozilla/5.0 (Linux; Android 13; 2201116SG Build/TKQ1.221114.001; wv) AppleWebKit/537.36 (KHTML, like Gecko) Version/4.0 Chrome/113.0.5672.162 Mobile Safari/537.36"
200.200.200.41 - - [11/Dec/2023:01:21:22 +0300] "GET /wp-content/themes/wifly/assets/images/slider-next.svg HTTP/1.1" 200 790 "http://aurorawifi.ru/wp-content/themes/wifly/assets/css/app.css?ver=1701247277" "Mozilla/5.0 (Linux; Android 13; 2201116SG Build/TKQ1.221114.001; wv) AppleWebKit/537.36 (KHTML, like Gecko) Version/4.0 Chrome/113.0.5672.162 Mobile Safari/537.36"
200.200.200.41 - - [11/Dec/2023:01:21:22 +0300] "GET /wp-content/uploads/2023/10/music-dark.svg HTTP/1.1" 200 12558 "http://aurorawifi.ru/main/" "Mozilla/5.0 (Linux; Android 13; 2201116SG Build/TKQ1.221114.001; wv) AppleWebKit/537.36 (KHTML, like Gecko) Version/4.0 Chrome/113.0.5672.162 Mobile Safari/537.36"
200.200.200.41 - - [11/Dec/2023:01:21:22 +0300] "GET /wp-content/uploads/2023/11/%EF%BF%BD%EF%BF%BD%E0%AE%AA%EF%BF%BD%EF%BF%BD-%EF%BF%BD%E0%A8%AF-768x768.png HTTP/1.1" 200 198483 "http://aurorawifi.ru/main/" "Mozilla/5.0 (Linux; Android 13; 2201116SG Build/TKQ1.221114.001; wv) AppleWebKit/537.36 (KHTML, like Gecko) Version/4.0 Chrome/113.0.5672.162 Mobile Safari/537.36"
200.200.200.41 - - [11/Dec/2023:01:21:22 +0300] "GET /wp-content/uploads/2023/08/600x900-9.webp HTTP/1.1" 200 114356 "http://aurorawifi.ru/main/" "Mozilla/5.0 (Linux; Android 13; 2201116SG Build/TKQ1.221114.001; wv) AppleWebKit/537.36 (KHTML, like Gecko) Version/4.0 Chrome/113.0.5672.162 Mobile Safari/537.36"
200.200.200.41 - - [11/Dec/2023:01:21:22 +0300] "GET /wp-content/uploads/2023/08/600x900-16.webp HTTP/1.1" 200 37336 "http://aurorawifi.ru/main/" "Mozilla/5.0 (Linux; Android 13; 2201116SG Build/TKQ1.221114.001; wv) AppleWebKit/537.36 (KHTML, like Gecko) Version/4.0 Chrome/113.0.5672.162 Mobile Safari/537.36"
200.200.200.41 - - [11/Dec/2023:01:21:22 +0300] "GET /wp-content/uploads/2023/10/book-dark.svg HTTP/1.1" 200 5420 "http://aurorawifi.ru/main/" "Mozilla/5.0 (Linux; Android 13; 2201116SG Build/TKQ1.221114.001; wv) AppleWebKit/537.36 (KHTML, like Gecko) Version/4.0 Chrome/113.0.5672.162 Mobile Safari/537.36"
200.200.200.41 - - [11/Dec/2023:01:21:22 +0300] "GET /wp-content/uploads/2023/11/logo_music-dark.svg HTTP/1.1" 200 2712 "http://aurorawifi.ru/main/" "Mozilla/5.0 (Linux; Android 13; 2201116SG Build/TKQ1.221114.001; wv) AppleWebKit/537.36 (KHTML, like Gecko) Version/4.0 Chrome/113.0.5672.162 Mobile Safari/537.36"
200.200.200.41 - - [11/Dec/2023:01:21:22 +0300] "GET /wp-content/uploads/2023/08/%EF%BF%BD%EF%BF%BD%EF%BF%BD%EF%BF%BD%EF%BF%BD%E8%AA%A8.png HTTP/1.1" 200 698383 "http://aurorawifi.ru/main/" "Mozilla/5.0 (Linux; Android 13; 2201116SG Build/TKQ1.221114.001; wv) AppleWebKit/537.36 (KHTML, like Gecko) Version/4.0 Chrome/113.0.5672.162 Mobile Safari/537.36"
200.200.200.41 - - [11/Dec/2023:01:21:22 +0300] "GET /wp-content/uploads/2023/08/3840x-3.webp HTTP/1.1" 200 441440 "http://aurorawifi.ru/main/" "Mozilla/5.0 (Linux; Android 13; 2201116SG Build/TKQ1.221114.001; wv) AppleWebKit/537.36 (KHTML, like Gecko) Version/4.0 Chrome/113.0.5672.162 Mobile Safari/537.36"
200.200.200.41 - - [11/Dec/2023:01:21:22 +0300] "GET /wp-content/uploads/2023/10/logo_moroshka_aurora.svg HTTP/1.1" 200 1841499 "http://aurorawifi.ru/main/" "Mozilla/5.0 (Linux; Android 13; 2201116SG Build/TKQ1.221114.001; wv) AppleWebKit/537.36 (KHTML, like Gecko) Version/4.0 Chrome/113.0.5672.162 Mobile Safari/537.36"
200.200.200.41 - - [11/Dec/2023:01:21:22 +0300] "GET /wp-content/uploads/2023/08/%EF%BF%BD%E0%AD%A5%EF%BF%BD%EF%BF%BD-%EF%BF%BD-%EF%BF%BD%EF%BF%BD%EF%BF%BD%EF%BF%BD%EF%BF%BD%E2%A8%AD%EF%BF%BD.png HTTP/1.1" 200 2009856 "http://aurorawifi.ru/main/" "Mozilla/5.0 (Linux; Android 13; 2201116SG Build/TKQ1.221114.001; wv) AppleWebKit/537.36 (KHTML, like Gecko) Version/4.0 Chrome/113.0.5672.162 Mobile Safari/537.36"
200.200.200.41 - - [11/Dec/2023:01:21:14 +0300] "POST /chat HTTP/1.1" 408 487 "-" "Mozilla/5.0 (compatible; WAChat/1.2; +http://www.whatsapp.com/contact)"
200.200.200.41 - - [11/Dec/2023:01:21:14 +0300] "POST /chat HTTP/1.1" 408 487 "-" "Mozilla/5.0 (compatible; WAChat/1.2; +http://www.whatsapp.com/contact)"
200.200.200.60 - - [11/Dec/2023:01:21:25 +0300] "GET /wp-content/uploads/video/freeware/%D0%A6%D0%B2%D0%B5%D1%82%D0%B8%D0%BA-%D0%A1%D0%B5%D0%BC%D0%B8%D1%86%D0%B2%D0%B5%D1%82%D0%B8%D0%BA.1948.WEBRip%201080p.mp4 HTTP/1.1" 206 4569888 "http://aurorawifi.ru/video/czvetik-semiczvetik/" "Mozilla/5.0 (iPhone; CPU iPhone OS 17_1_2 like Mac OS X) AppleWebKit/605.1.15 (KHTML, like Gecko) Version/17.1.2 Mobile/15E148 Safari/604.1"
200.200.200.41 - - [11/Dec/2023:01:21:25 +0300] "GET /wp-content/uploads/2023/08/%EF%BF%BD%EF%BF%BD%EF%BF%BD%EF%BF%BD%EF%BF%BD-%EF%BF%BD-%EF%BF%BD%EF%BF%BD%EF%BF%BD%EF%BF%BD%E8%AE%AA-%EF%BF%BD%E3%AA%A0.png HTTP/1.1" 200 1034244 "http://aurorawifi.ru/main/" "Mozilla/5.0 (Linux; Android 13; 2201116SG Build/TKQ1.221114.001; wv) AppleWebKit/537.36 (KHTML, like Gecko) Version/4.0 Chrome/113.0.5672.162 Mobile Safari/537.36"
200.200.200.41 - - [11/Dec/2023:01:21:27 +0300] "GET /wp-content/uploads/2023/08/%EF%BF%BD%EF%BF%BD%EF%BF%BD-%EF%BF%BD%EF%BF%BD%EF%BF%BD%EF%BF%BD-%EF%BF%BD%EF%BF%BD%EF%BF%BD%EF%BF%BD%E3%AF%A0-768x768.png HTTP/1.1" 200 923099 "http://aurorawifi.ru/main/" "Mozilla/5.0 (Linux; Android 13; 2201116SG Build/TKQ1.221114.001; wv) AppleWebKit/537.36 (KHTML, like Gecko) Version/4.0 Chrome/113.0.5672.162 Mobile Safari/537.36"
::1 - - [11/Dec/2023:01:21:27 +0300] "OPTIONS * HTTP/1.0" 200 126 "-" "Apache/2.4.41 (Ubuntu) (internal dummy connection)"
::1 - - [11/Dec/2023:01:21:28 +0300] "OPTIONS * HTTP/1.0" 200 126 "-" "Apache/2.4.41 (Ubuntu) (internal dummy connection)"
200.200.200.60 - - [11/Dec/2023:01:21:29 +0300] "GET /wp-content/uploads/video/freeware/%D0%A6%D0%B2%D0%B5%D1%82%D0%B8%D0%BA-%D0%A1%D0%B5%D0%BC%D0%B8%D1%86%D0%B2%D0%B5%D1%82%D0%B8%D0%BA.1948.WEBRip%201080p.mp4 HTTP/1.1" 206 4113768 "http://aurorawifi.ru/video/czvetik-semiczvetik/" "Mozilla/5.0 (iPhone; CPU iPhone OS 17_1_2 like Mac OS X) AppleWebKit/605.1.15 (KHTML, like Gecko) Version/17.1.2 Mobile/15E148 Safari/604.1"
::1 - - [11/Dec/2023:01:21:29 +0300] "OPTIONS * HTTP/1.0" 200 126 "-" "Apache/2.4.41 (Ubuntu) (internal dummy connection)"
200.200.200.1 - - [11/Dec/2023:01:21:30 +0300] "POST /core/wp-cron.php?doing_wp_cron=1702246890.2364220619201660156250 HTTP/1.1" 200 259 "-" "WordPress/6.2.2; http://aurorawifi.ru"
200.200.200.41 - - [11/Dec/2023:01:21:29 +0300] "GET /music/ HTTP/1.1" 200 9841 "http://aurorawifi.ru/main/" "Mozilla/5.0 (Linux; Android 13; 2201116SG Build/TKQ1.221114.001; wv) AppleWebKit/537.36 (KHTML, like Gecko) Version/4.0 Chrome/113.0.5672.162 Mobile Safari/537.36"
200.200.200.41 - - [11/Dec/2023:01:21:30 +0300] "GET /wp-content/uploads/2023/11/tyoma-kuba-asya-zykova-zemlya-mp3-image.jpg HTTP/1.1" 200 128030 "http://aurorawifi.ru/music/" "Mozilla/5.0 (Linux; Android 13; 2201116SG Build/TKQ1.221114.001; wv) AppleWebKit/537.36 (KHTML, like Gecko) Version/4.0 Chrome/113.0.5672.162 Mobile Safari/537.36"
::1 - - [11/Dec/2023:01:21:30 +0300] "OPTIONS * HTTP/1.0" 200 126 "-" "Apache/2.4.41 (Ubuntu) (internal dummy connection)"
200.200.200.41 - - [11/Dec/2023:01:21:30 +0300] "GET /wp-content/uploads/2023/11/5-kazachka-maksim-pavlov-gosudarstvennyj-akademicheskij-russkij-narodnyj-ansambl-_rossiya_-imeni-l-g-zykinoj-wav-online-audio-convert-com_-mp3-image.jpg HTTP/1.1" 200 11443 "http://aurorawifi.ru/music/" "Mozilla/5.0 (Linux; Android 13; 2201116SG Build/TKQ1.221114.001; wv) AppleWebKit/537.36 (KHTML, like Gecko) Version/4.0 Chrome/113.0.5672.162 Mobile Safari/537.36"
200.200.200.41 - - [11/Dec/2023:01:21:30 +0300] "GET /wp-content/uploads/2023/11/pasha-yavs-amur-mp3-image.jpg HTTP/1.1" 200 104950 "http://aurorawifi.ru/music/" "Mozilla/5.0 (Linux; Android 13; 2201116SG Build/TKQ1.221114.001; wv) AppleWebKit/537.36 (KHTML, like Gecko) Version/4.0 Chrome/113.0.5672.162 Mobile Safari/537.36"
200.200.200.60 - - [11/Dec/2023:01:21:32 +0300] "GET /wp-content/uploads/video/freeware/%D0%A6%D0%B2%D0%B5%D1%82%D0%B8%D0%BA-%D0%A1%D0%B5%D0%BC%D0%B8%D1%86%D0%B2%D0%B5%D1%82%D0%B8%D0%BA.1948.WEBRip%201080p.mp4 HTTP/1.1" 206 4604640 "http://aurorawifi.ru/video/czvetik-semiczvetik/" "Mozilla/5.0 (iPhone; CPU iPhone OS 17_1_2 like Mac OS X) AppleWebKit/605.1.15 (KHTML, like Gecko) Version/17.1.2 Mobile/15E148 Safari/604.1"
200.200.200.41 - - [11/Dec/2023:01:21:25 +0300] "POST /chat HTTP/1.1" 408 487 "-" "Mozilla/5.0 (compatible; WAChat/1.2; +http://www.whatsapp.com/contact)"
200.200.200.41 - - [11/Dec/2023:01:21:25 +0300] "POST /chat HTTP/1.1" 408 487 "-" "Mozilla/5.0 (compatible; WAChat/1.2; +http://www.whatsapp.com/contact)"
::1 - - [11/Dec/2023:01:21:35 +0300] "OPTIONS * HTTP/1.0" 200 126 "-" "Apache/2.4.41 (Ubuntu) (internal dummy connection)"
200.200.200.60 - - [11/Dec/2023:01:21:35 +0300] "GET /wp-content/uploads/video/freeware/%D0%A6%D0%B2%D0%B5%D1%82%D0%B8%D0%BA-%D0%A1%D0%B5%D0%BC%D0%B8%D1%86%D0%B2%D0%B5%D1%82%D0%B8%D0%BA.1948.WEBRip%201080p.mp4 HTTP/1.1" 206 5091168 "http://aurorawifi.ru/video/czvetik-semiczvetik/" "Mozilla/5.0 (iPhone; CPU iPhone OS 17_1_2 like Mac OS X) AppleWebKit/605.1.15 (KHTML, like Gecko) Version/17.1.2 Mobile/15E148 Safari/604.1"
::1 - - [11/Dec/2023:01:21:36 +0300] "OPTIONS * HTTP/1.0" 200 126 "-" "Apache/2.4.41 (Ubuntu) (internal dummy connection)"
::1 - - [11/Dec/2023:01:21:38 +0300] "OPTIONS * HTTP/1.0" 200 126 "-" "Apache/2.4.41 (Ubuntu) (internal dummy connection)"
200.200.200.60 - - [11/Dec/2023:01:21:38 +0300] "GET /wp-content/uploads/video/freeware/%D0%A6%D0%B2%D0%B5%D1%82%D0%B8%D0%BA-%D0%A1%D0%B5%D0%BC%D0%B8%D1%86%D0%B2%D0%B5%D1%82%D0%B8%D0%BA.1948.WEBRip%201080p.mp4 HTTP/1.1" 206 4765368 "http://aurorawifi.ru/video/czvetik-semiczvetik/" "Mozilla/5.0 (iPhone; CPU iPhone OS 17_1_2 like Mac OS X) AppleWebKit/605.1.15 (KHTML, like Gecko) Version/17.1.2 Mobile/15E148 Safari/604.1"
::1 - - [11/Dec/2023:01:21:39 +0300] "OPTIONS * HTTP/1.0" 200 126 "-" "Apache/2.4.41 (Ubuntu) (internal dummy connection)"
200.200.200.60 - - [11/Dec/2023:01:21:42 +0300] "GET /wp-content/uploads/video/freeware/%D0%A6%D0%B2%D0%B5%D1%82%D0%B8%D0%BA-%D0%A1%D0%B5%D0%BC%D0%B8%D1%86%D0%B2%D0%B5%D1%82%D0%B8%D0%BA.1948.WEBRip%201080p.mp4 HTTP/1.1" 206 3945800 "http://aurorawifi.ru/video/czvetik-semiczvetik/" "Mozilla/5.0 (iPhone; CPU iPhone OS 17_1_2 like Mac OS X) AppleWebKit/605.1.15 (KHTML, like Gecko) Version/17.1.2 Mobile/15E148 Safari/604.1"
200.200.200.248 - - [11/Dec/2023:01:21:42 +0300] "GET /wp-json/wp-statistics/v2/online?wp_statistics_hit_rest=yes&track_all=1&current_page_type=post_type_video&current_page_id=13082&search_query&page_uri=L3ZpZGVvL3BvLWtvbGVuby9wby1rb2xlbm8tc2VyaXlhLTEv HTTP/1.1" 200 626 "http://auroraeifi.ru/video/po-koleno/po-koleno-seriya-1/" "Mozilla/5.0 (Linux; arm_64; Android 12; SM-G991B) AppleWebKit/537.36 (KHTML, like Gecko) Chrome/118.0.5993.2332 YaApp_Android/23.110.1 YaSearchBrowser/23.110.1 BroPP/1.0 SA/3 Mobile Safari/537.36"
200.200.200.60 - - [11/Dec/2023:01:21:45 +0300] "GET /wp-content/uploads/video/freeware/%D0%A6%D0%B2%D0%B5%D1%82%D0%B8%D0%BA-%D0%A1%D0%B5%D0%BC%D0%B8%D1%86%D0%B2%D0%B5%D1%82%D0%B8%D0%BA.1948.WEBRip%201080p.mp4 HTTP/1.1" 206 4734960 "http://aurorawifi.ru/video/czvetik-semiczvetik/" "Mozilla/5.0 (iPhone; CPU iPhone OS 17_1_2 like Mac OS X) AppleWebKit/605.1.15 (KHTML, like Gecko) Version/17.1.2 Mobile/15E148 Safari/604.1"
200.200.200.224 - - [11/Dec/2023:01:21:47 +0300] "GET /wp-json/wp-statistics/v2/online?wp_statistics_hit_rest=yes&track_all=1&current_page_type=post_type_video&current_page_id=13087&search_query&page_uri=L3ZpZGVvL3ZvbGdhLXZvbGdhLw= HTTP/1.1" 200 626 "http://aurorawifi.ru/video/volga-volga/" "Mozilla/5.0 (Linux; Android 10; SM-J600F Build/QP1A.190711.020; wv) AppleWebKit/537.36 (KHTML, like Gecko) Version/4.0 Chrome/118.0.0.0 Mobile Safari/537.36"
200.200.200.60 - - [11/Dec/2023:01:21:48 +0300] "GET /wp-json/wp-statistics/v2/online?wp_statistics_hit_rest=yes&track_all=1&current_page_type=post_type_video&current_page_id=13090&search_query&page_uri=L3ZpZGVvL2N6dmV0aWstc2VtaWN6dmV0aWsv HTTP/1.1" 200 626 "http://aurorawifi.ru/video/czvetik-semiczvetik/" "Mozilla/5.0 (iPhone; CPU iPhone OS 17_1_2 like Mac OS X) AppleWebKit/605.1.15 (KHTML, like Gecko) Version/17.1.2 Mobile/15E148 Safari/604.1"
200.200.200.60 - - [11/Dec/2023:01:21:49 +0300] "GET /wp-content/uploads/video/freeware/%D0%A6%D0%B2%D0%B5%D1%82%D0%B8%D0%BA-%D0%A1%D0%B5%D0%BC%D0%B8%D1%86%D0%B2%D0%B5%D1%82%D0%B8%D0%BA.1948.WEBRip%201080p.mp4 HTTP/1.1" 206 5256240 "http://aurorawifi.ru/video/czvetik-semiczvetik/" "Mozilla/5.0 (iPhone; CPU iPhone OS 17_1_2 like Mac OS X) AppleWebKit/605.1.15 (KHTML, like Gecko) Version/17.1.2 Mobile/15E148 Safari/604.1"
200.200.200.60 - - [11/Dec/2023:01:21:52 +0300] "GET /wp-content/uploads/video/freeware/%D0%A6%D0%B2%D0%B5%D1%82%D0%B8%D0%BA-%D0%A1%D0%B5%D0%BC%D0%B8%D1%86%D0%B2%D0%B5%D1%82%D0%B8%D0%BA.1948.WEBRip%201080p.mp4 HTTP/1.1" 206 4924648 "http://aurorawifi.ru/video/czvetik-semiczvetik/" "Mozilla/5.0 (iPhone; CPU iPhone OS 17_1_2 like Mac OS X) AppleWebKit/605.1.15 (KHTML, like Gecko) Version/17.1.2 Mobile/15E148 Safari/604.1"
200.200.200.60 - - [11/Dec/2023:01:21:56 +0300] "GET /wp-content/uploads/video/freeware/%D0%A6%D0%B2%D0%B5%D1%82%D0%B8%D0%BA-%D0%A1%D0%B5%D0%BC%D0%B8%D1%86%D0%B2%D0%B5%D1%82%D0%B8%D0%BA.1948.WEBRip%201080p.mp4 HTTP/1.1" 206 4704552 "http://aurorawifi.ru/video/czvetik-semiczvetik/" "Mozilla/5.0 (iPhone; CPU iPhone OS 17_1_2 like Mac OS X) AppleWebKit/605.1.15 (KHTML, like Gecko) Version/17.1.2 Mobile/15E148 Safari/604.1"
200.200.200.60 - - [11/Dec/2023:01:22:00 +0300] "GET /wp-content/uploads/video/freeware/%D0%A6%D0%B2%D0%B5%D1%82%D0%B8%D0%BA-%D0%A1%D0%B5%D0%BC%D0%B8%D1%86%D0%B2%D0%B5%D1%82%D0%B8%D0%BA.1948.WEBRip%201080p.mp4 HTTP/1.1" 206 4765368 "http://aurorawifi.ru/video/czvetik-semiczvetik/" "Mozilla/5.0 (iPhone; CPU iPhone OS 17_1_2 like Mac OS X) AppleWebKit/605.1.15 (KHTML, like Gecko) Version/17.1.2 Mobile/15E148 Safari/604.1"
200.200.200.41 - - [11/Dec/2023:01:22:00 +0300] "GET /wp-json/wp-statistics/v2/online?wp_statistics_hit_rest=yes&track_all=0&current_page_type=archive&current_page_id=0&search_query&page_uri=L211c2ljLw= HTTP/1.1" 200 626 "http://aurorawifi.ru/music/" "Mozilla/5.0 (Linux; Android 13; 2201116SG Build/TKQ1.221114.001; wv) AppleWebKit/537.36 (KHTML, like Gecko) Version/4.0 Chrome/113.0.5672.162 Mobile Safari/537.36"
200.200.200.248 - - [11/Dec/2023:01:22:00 +0300] "GET /video/po-koleno/po-koleno-seriya-2/ HTTP/1.1" 200 13267 "http://auroraeifi.ru/video/po-koleno/po-koleno-seriya-1/" "Mozilla/5.0 (Linux; arm_64; Android 12; SM-G991B) AppleWebKit/537.36 (KHTML, like Gecko) Chrome/118.0.5993.2332 YaApp_Android/23.110.1 YaSearchBrowser/23.110.1 BroPP/1.0 SA/3 Mobile Safari/537.36"
200.200.200.248 - - [11/Dec/2023:01:22:01 +0300] "GET /wp-content/uploads/video/%D0%98%D0%92%D0%98/%D0%9F%D0%BE%20%D0%BA%D0%BE%D0%BB%D0%B5%D0%BD%D0%BE/po_koleno_s01e02_rus_original.mp4 HTTP/1.1" 206 6356720 "http://auroraeifi.ru/video/po-koleno/po-koleno-seriya-2/" "Mozilla/5.0 (Linux; arm_64; Android 12; SM-G991B) AppleWebKit/537.36 (KHTML, like Gecko) Chrome/118.0.5993.2332 YaApp_Android/23.110.1 YaSearchBrowser/23.110.1 BroPP/1.0 SA/3 Mobile Safari/537.36"
