200.200.200.238 - - [11/Dec/2023:01:14:27 +0300] "GET /wp-content/uploads/2023/11/asya_zykova_dartz_retunec_juizy_island_polyubi_sebya_manya-mp3-image.jpg HTTP/1.1" 200 222507 "http://aurorawifi.ru/music/tavrida-art/" "Mozilla/5.0 (Linux; arm_64; Android 12; M2102J20SG) AppleWebKit/537.36 (KHTML, like Gecko) Chrome/118.0.5993.709 YaSearchBrowser/23.111.1 BroPP/1.0 YaSearchApp/23.111.1 webOmni SA/3 Mobile Safari/537.36"
200.200.200.238 - - [11/Dec/2023:01:14:27 +0300] "GET /wp-content/uploads/2023/11/dma-tanechka-mp3-image.jpg HTTP/1.1" 200 72580 "http://aurorawifi.ru/music/tavrida-art/" "Mozilla/5.0 (Linux; arm_64; Android 12; M2102J20SG) AppleWebKit/537.36 (KHTML, like Gecko) Chrome/118.0.5993.709 YaSearchBrowser/23.111.1 BroPP/1.0 YaSearchApp/23.111.1 webOmni SA/3 Mobile Safari/537.36"
200.200.200.238 - - [11/Dec/2023:01:14:28 +0300] "GET /wp-content/uploads/2023/11/balash-feat-ekaterina-moskaleva-ne-takoj-kak-vse-mp3-image.jpg HTTP/1.1" 200 168857 "http://aurorawifi.ru/music/tavrida-art/" "Mozilla/5.0 (Linux; arm_64; Android 12; M2102J20SG) AppleWebKit/537.36 (KHTML, like Gecko) Chrome/118.0.5993.709 YaSearchBrowser/23.111.1 BroPP/1.0 YaSearchApp/23.111.1 webOmni SA/3 Mobile Safari/537.36"
200.200.200.238 - - [11/Dec/2023:01:14:28 +0300] "GET /wp-content/uploads/2023/11/kolonickijj_-_legko_poteryatsya_musmore-com-mp3-image.jpg HTTP/1.1" 200 17081 "http://aurorawifi.ru/music/tavrida-art/" "Mozilla/5.0 (Linux; arm_64; Android 12; M2102J20SG) AppleWebKit/537.36 (KHTML, like Gecko) Chrome/118.0.5993.709 YaSearchBrowser/23.111.1 BroPP/1.0 YaSearchApp/23.111.1 webOmni SA/3 Mobile Safari/537.36"
200.200.200.1 - - [11/Dec/2023:01:14:29 +0300] "POST /core/wp-cron.php?doing_wp_cron=1702246469.0084381103515625000000 HTTP/1.1" 200 259 "-" "WordPress/6.2.2; http://update.googleapis.com"
200.200.200.238 - - [11/Dec/2023:01:14:28 +0300] "POST /service/update2/json?cup2key=13:v3-y5_EMn8le41KunsMpq08xB_ibMQ15R6UMwZykliI&cup2hreq=141d96a65ad8b16960f83fa978bd82ae279a14ab615c222a7b358a54ce59689d HTTP/1.1" 404 31521 "-" "Mozilla/5.0 (Linux; arm_64; Android 12; M2102J20SG) AppleWebKit/537.36 (KHTML, like Gecko) Chrome/118.0.5993.709 Mobile Safari/537.36"
200.200.200.60 - - [11/Dec/2023:01:14:31 +0300] "GET /provider/detyam/ HTTP/1.1" 200 11056 "http://aurorawifi.ru/main/" "Mozilla/5.0 (iPhone; CPU iPhone OS 17_1_2 like Mac OS X) AppleWebKit/605.1.15 (KHTML, like Gecko) Version/17.1.2 Mobile/15E148 Safari/604.1"
200.200.200.60 - - [11/Dec/2023:01:14:31 +0300] "GET /wp-content/uploads/2023/09/600x900-18.webp HTTP/1.1" 200 112402 "http://aurorawifi.ru/provider/detyam/" "Mozilla/5.0 (iPhone; CPU iPhone OS 17_1_2 like Mac OS X) AppleWebKit/605.1.15 (KHTML, like Gecko) Version/17.1.2 Mobile/15E148 Safari/604.1"
200.200.200.60 - - [11/Dec/2023:01:14:31 +0300] "GET /wp-content/uploads/2023/07/1.jpeg HTTP/1.1" 200 198374 "http://aurorawifi.ru/provider/detyam/" "Mozilla/5.0 (iPhone; CPU iPhone OS 17_1_2 like Mac OS X) AppleWebKit/605.1.15 (KHTML, like Gecko) Version/17.1.2 Mobile/15E148 Safari/604.1"
200.200.200.60 - - [11/Dec/2023:01:14:31 +0300] "GET /wp-content/uploads/2023/07/5.jpeg HTTP/1.1" 200 146256 "http://aurorawifi.ru/provider/detyam/" "Mozilla/5.0 (iPhone; CPU iPhone OS 17_1_2 like Mac OS X) AppleWebKit/605.1.15 (KHTML, like Gecko) Version/17.1.2 Mobile/15E148 Safari/604.1"
200.200.200.238 - - [11/Dec/2023:01:14:31 +0300] "GET /wp-content/uploads/2023/11/kerob-beregelya-feat-zhoselina-stroim-gorod-mp3-image.jpg HTTP/1.1" 200 126690 "http://aurorawifi.ru/music/tavrida-art/" "Mozilla/5.0 (Linux; arm_64; Android 12; M2102J20SG) AppleWebKit/537.36 (KHTML, like Gecko) Chrome/118.0.5993.709 YaSearchBrowser/23.111.1 BroPP/1.0 YaSearchApp/23.111.1 webOmni SA/3 Mobile Safari/537.36"
200.200.200.60 - - [11/Dec/2023:01:14:31 +0300] "GET /wp-content/uploads/2023/09/a27ce93824b63b7ac8420a3759800c31.jpg HTTP/1.1" 200 244206 "http://aurorawifi.ru/provider/detyam/" "Mozilla/5.0 (iPhone; CPU iPhone OS 17_1_2 like Mac OS X) AppleWebKit/605.1.15 (KHTML, like Gecko) Version/17.1.2 Mobile/15E148 Safari/604.1"
200.200.200.60 - - [11/Dec/2023:01:14:31 +0300] "GET /wp-content/uploads/2023/07/4.jpeg HTTP/1.1" 200 229731 "http://aurorawifi.ru/provider/detyam/" "Mozilla/5.0 (iPhone; CPU iPhone OS 17_1_2 like Mac OS X) AppleWebKit/605.1.15 (KHTML, like Gecko) Version/17.1.2 Mobile/15E148 Safari/604.1"
200.200.200.60 - - [11/Dec/2023:01:14:31 +0300] "GET /wp-content/uploads/2023/08/2-360x400-1.jpeg HTTP/1.1" 200 34773 "http://aurorawifi.ru/provider/detyam/" "Mozilla/5.0 (iPhone; CPU iPhone OS 17_1_2 like Mac OS X) AppleWebKit/605.1.15 (KHTML, like Gecko) Version/17.1.2 Mobile/15E148 Safari/604.1"
200.200.200.60 - - [11/Dec/2023:01:14:31 +0300] "GET /wp-content/uploads/2023/07/28.jpeg HTTP/1.1" 200 68512 "http://aurorawifi.ru/provider/detyam/" "Mozilla/5.0 (iPhone; CPU iPhone OS 17_1_2 like Mac OS X) AppleWebKit/605.1.15 (KHTML, like Gecko) Version/17.1.2 Mobile/15E148 Safari/604.1"
200.200.200.60 - - [11/Dec/2023:01:14:31 +0300] "GET /wp-content/uploads/2023/08/cvetnjashki-768x576-1.png HTTP/1.1" 200 552129 "http://aurorawifi.ru/provider/detyam/" "Mozilla/5.0 (iPhone; CPU iPhone OS 17_1_2 like Mac OS X) AppleWebKit/605.1.15 (KHTML, like Gecko) Version/17.1.2 Mobile/15E148 Safari/604.1"
200.200.200.60 - - [11/Dec/2023:01:14:32 +0300] "GET /wp-content/uploads/2023/08/14-1.jpg HTTP/1.1" 200 159435 "http://aurorawifi.ru/provider/detyam/" "Mozilla/5.0 (iPhone; CPU iPhone OS 17_1_2 like Mac OS X) AppleWebKit/605.1.15 (KHTML, like Gecko) Version/17.1.2 Mobile/15E148 Safari/604.1"
200.200.200.60 - - [11/Dec/2023:01:14:32 +0300] "GET /wp-content/uploads/2023/08/15-1.jpg HTTP/1.1" 200 163148 "http://aurorawifi.ru/provider/detyam/" "Mozilla/5.0 (iPhone; CPU iPhone OS 17_1_2 like Mac OS X) AppleWebKit/605.1.15 (KHTML, like Gecko) Version/17.1.2 Mobile/15E148 Safari/604.1"
200.200.200.60 - - [11/Dec/2023:01:14:32 +0300] "GET /wp-content/uploads/2023/08/16-1.jpg HTTP/1.1" 200 184597 "http://aurorawifi.ru/provider/detyam/" "Mozilla/5.0 (iPhone; CPU iPhone OS 17_1_2 like Mac OS X) AppleWebKit/605.1.15 (KHTML, like Gecko) Version/17.1.2 Mobile/15E148 Safari/604.1"
200.200.200.60 - - [11/Dec/2023:01:14:32 +0300] "GET /wp-content/uploads/2023/08/3840x-3-1497x2048.webp HTTP/1.1" 200 324764 "http://aurorawifi.ru/provider/detyam/" "Mozilla/5.0 (iPhone; CPU iPhone OS 17_1_2 like Mac OS X) AppleWebKit/605.1.15 (KHTML, like Gecko) Version/17.1.2 Mobile/15E148 Safari/604.1"
200.200.200.60 - - [11/Dec/2023:01:14:32 +0300] "GET /wp-content/uploads/2023/10/logo_moroshka_aurora.svg HTTP/1.1" 200 1841499 "http://aurorawifi.ru/provider/detyam/" "Mozilla/5.0 (iPhone; CPU iPhone OS 17_1_2 like Mac OS X) AppleWebKit/605.1.15 (KHTML, like Gecko) Version/17.1.2 Mobile/15E148 Safari/604.1"
200.200.200.238 - - [11/Dec/2023:01:14:32 +0300] "GET /wp-content/uploads/2023/11/balash-dzhamaliya-mp3-image.jpg HTTP/1.1" 200 141667 "http://aurorawifi.ru/music/tavrida-art/" "Mozilla/5.0 (Linux; arm_64; Android 12; M2102J20SG) AppleWebKit/537.36 (KHTML, like Gecko) Chrome/118.0.5993.709 YaSearchBrowser/23.111.1 BroPP/1.0 YaSearchApp/23.111.1 webOmni SA/3 Mobile Safari/537.36"
200.200.200.238 - - [11/Dec/2023:01:14:32 +0300] "GET /wp-content/uploads/2023/11/nansi-sidorov-dima-permyakov-tyoma-kuba-studiya-minipolis-mantulinyh-nas-ne-otmenish-mp3-image.jpg HTTP/1.1" 200 188833 "http://aurorawifi.ru/music/tavrida-art/" "Mozilla/5.0 (Linux; arm_64; Android 12; M2102J20SG) AppleWebKit/537.36 (KHTML, like Gecko) Chrome/118.0.5993.709 YaSearchBrowser/23.111.1 BroPP/1.0 YaSearchApp/23.111.1 webOmni SA/3 Mobile Safari/537.36"
200.200.200.60 - - [11/Dec/2023:01:14:34 +0300] "GET /wp-content/uploads/2023/08/19-1.jpg HTTP/1.1" 200 101478 "http://aurorawifi.ru/provider/detyam/" "Mozilla/5.0 (iPhone; CPU iPhone OS 17_1_2 like Mac OS X) AppleWebKit/605.1.15 (KHTML, like Gecko) Version/17.1.2 Mobile/15E148 Safari/604.1"
200.200.200.60 - - [11/Dec/2023:01:14:34 +0300] "GET /wp-content/uploads/2023/08/17-1.jpg HTTP/1.1" 200 72945 "http://aurorawifi.ru/provider/detyam/" "Mozilla/5.0 (iPhone; CPU iPhone OS 17_1_2 like Mac OS X) AppleWebKit/605.1.15 (KHTML, like Gecko) Version/17.1.2 Mobile/15E148 Safari/604.1"
200.200.200.60 - - [11/Dec/2023:01:14:34 +0300] "GET /wp-content/uploads/2023/07/3.jpeg HTTP/1.1" 200 200109 "http://aurorawifi.ru/provider/detyam/" "Mozilla/5.0 (iPhone; CPU iPhone OS 17_1_2 like Mac OS X) AppleWebKit/605.1.15 (KHTML, like Gecko) Version/17.1.2 Mobile/15E148 Safari/604.1"
200.200.200.60 - - [11/Dec/2023:01:14:34 +0300] "GET /wp-content/uploads/2023/08/20.jpeg HTTP/1.1" 200 219403 "http://aurorawifi.ru/provider/detyam/" "Mozilla/5.0 (iPhone; CPU iPhone OS 17_1_2 like Mac OS X) AppleWebKit/605.1.15 (KHTML, like Gecko) Version/17.1.2 Mobile/15E148 Safari/604.1"
200.200.200.238 - - [11/Dec/2023:01:14:35 +0300] "GET /music/m-a-k/ HTTP/1.1" 200 13957 "http://aurorawifi.ru/music/" "Mozilla/5.0 (Linux; arm_64; Android 12; M2102J20SG) AppleWebKit/537.36 (KHTML, like Gecko) Chrome/118.0.5993.709 YaSearchBrowser/23.111.1 BroPP/1.0 YaSearchApp/23.111.1 webOmni SA/3 Mobile Safari/537.36"
200.200.200.238 - - [11/Dec/2023:01:14:36 +0300] "GET /wp-content/uploads/2023/11/pasha-yavs-esli-b-mp3-image.jpg HTTP/1.1" 200 121625 "http://aurorawifi.ru/music/m-a-k/" "Mozilla/5.0 (Linux; arm_64; Android 12; M2102J20SG) AppleWebKit/537.36 (KHTML, like Gecko) Chrome/118.0.5993.709 YaSearchBrowser/23.111.1 BroPP/1.0 YaSearchApp/23.111.1 webOmni SA/3 Mobile Safari/537.36"
200.200.200.238 - - [11/Dec/2023:01:14:36 +0300] "GET /wp-content/uploads/2023/11/danya-bura-fonari-mp3-image.jpg HTTP/1.1" 200 64337 "http://aurorawifi.ru/music/m-a-k/" "Mozilla/5.0 (Linux; arm_64; Android 12; M2102J20SG) AppleWebKit/537.36 (KHTML, like Gecko) Chrome/118.0.5993.709 YaSearchBrowser/23.111.1 BroPP/1.0 YaSearchApp/23.111.1 webOmni SA/3 Mobile Safari/537.36"
200.200.200.238 - - [11/Dec/2023:01:14:36 +0300] "GET /wp-content/uploads/2023/11/pasha-yavs-s-yazykom-mp3-image.jpg HTTP/1.1" 200 151678 "http://aurorawifi.ru/music/m-a-k/" "Mozilla/5.0 (Linux; arm_64; Android 12; M2102J20SG) AppleWebKit/537.36 (KHTML, like Gecko) Chrome/118.0.5993.709 YaSearchBrowser/23.111.1 BroPP/1.0 YaSearchApp/23.111.1 webOmni SA/3 Mobile Safari/537.36"
200.200.200.238 - - [11/Dec/2023:01:14:36 +0300] "GET /wp-content/uploads/2023/11/kot-gavajskij-vdoh-vydoh-mp3-image.jpg HTTP/1.1" 200 145884 "http://aurorawifi.ru/music/m-a-k/" "Mozilla/5.0 (Linux; arm_64; Android 12; M2102J20SG) AppleWebKit/537.36 (KHTML, like Gecko) Chrome/118.0.5993.709 YaSearchBrowser/23.111.1 BroPP/1.0 YaSearchApp/23.111.1 webOmni SA/3 Mobile Safari/537.36"
200.200.200.238 - - [11/Dec/2023:01:14:36 +0300] "GET /wp-content/uploads/2023/11/pasha-yavs-space-pilgrim-pulse-mp3-image.jpg HTTP/1.1" 200 176835 "http://aurorawifi.ru/music/m-a-k/" "Mozilla/5.0 (Linux; arm_64; Android 12; M2102J20SG) AppleWebKit/537.36 (KHTML, like Gecko) Chrome/118.0.5993.709 YaSearchBrowser/23.111.1 BroPP/1.0 YaSearchApp/23.111.1 webOmni SA/3 Mobile Safari/537.36"
200.200.200.238 - - [11/Dec/2023:01:14:36 +0300] "GET /wp-content/uploads/2023/11/chajnyj-avtobus-mp3-image.jpg HTTP/1.1" 200 126620 "http://aurorawifi.ru/music/m-a-k/" "Mozilla/5.0 (Linux; arm_64; Android 12; M2102J20SG) AppleWebKit/537.36 (KHTML, like Gecko) Chrome/118.0.5993.709 YaSearchBrowser/23.111.1 BroPP/1.0 YaSearchApp/23.111.1 webOmni SA/3 Mobile Safari/537.36"
200.200.200.238 - - [11/Dec/2023:01:14:36 +0300] "GET /wp-content/uploads/2023/11/danya-bura-beki-mp3-image.jpg HTTP/1.1" 200 101912 "http://aurorawifi.ru/music/m-a-k/" "Mozilla/5.0 (Linux; arm_64; Android 12; M2102J20SG) AppleWebKit/537.36 (KHTML, like Gecko) Chrome/118.0.5993.709 YaSearchBrowser/23.111.1 BroPP/1.0 YaSearchApp/23.111.1 webOmni SA/3 Mobile Safari/537.36"
200.200.200.238 - - [11/Dec/2023:01:14:36 +0300] "GET /wp-content/uploads/2023/11/pasha-yavs-3-chasa-nazad-mp3-image.jpg HTTP/1.1" 200 260596 "http://aurorawifi.ru/music/m-a-k/" "Mozilla/5.0 (Linux; arm_64; Android 12; M2102J20SG) AppleWebKit/537.36 (KHTML, like Gecko) Chrome/118.0.5993.709 YaSearchBrowser/23.111.1 BroPP/1.0 YaSearchApp/23.111.1 webOmni SA/3 Mobile Safari/537.36"
200.200.200.238 - - [11/Dec/2023:01:14:36 +0300] "GET /wp-content/uploads/2023/11/danya-bura-ammiak-mp3-image.jpg HTTP/1.1" 200 85451 "http://aurorawifi.ru/music/m-a-k/" "Mozilla/5.0 (Linux; arm_64; Android 12; M2102J20SG) AppleWebKit/537.36 (KHTML, like Gecko) Chrome/118.0.5993.709 YaSearchBrowser/23.111.1 BroPP/1.0 YaSearchApp/23.111.1 webOmni SA/3 Mobile Safari/537.36"
200.200.200.238 - - [11/Dec/2023:01:14:36 +0300] "GET /wp-content/uploads/2023/11/ani-galstyan-deep-inside-mp3-image.jpg HTTP/1.1" 200 65761 "http://aurorawifi.ru/music/m-a-k/" "Mozilla/5.0 (Linux; arm_64; Android 12; M2102J20SG) AppleWebKit/537.36 (KHTML, like Gecko) Chrome/118.0.5993.709 YaSearchBrowser/23.111.1 BroPP/1.0 YaSearchApp/23.111.1 webOmni SA/3 Mobile Safari/537.36"
200.200.200.238 - - [11/Dec/2023:01:14:36 +0300] "GET /wp-content/uploads/2023/11/ani-galstyan-kletka-mp3-image.jpg HTTP/1.1" 200 15674 "http://aurorawifi.ru/music/m-a-k/" "Mozilla/5.0 (Linux; arm_64; Android 12; M2102J20SG) AppleWebKit/537.36 (KHTML, like Gecko) Chrome/118.0.5993.709 YaSearchBrowser/23.111.1 BroPP/1.0 YaSearchApp/23.111.1 webOmni SA/3 Mobile Safari/537.36"
200.200.200.238 - - [11/Dec/2023:01:14:36 +0300] "GET /wp-content/uploads/2023/11/armo-pyanaya-nochmastering-armo-mp3-image.jpg HTTP/1.1" 200 6402 "http://aurorawifi.ru/music/m-a-k/" "Mozilla/5.0 (Linux; arm_64; Android 12; M2102J20SG) AppleWebKit/537.36 (KHTML, like Gecko) Chrome/118.0.5993.709 YaSearchBrowser/23.111.1 BroPP/1.0 YaSearchApp/23.111.1 webOmni SA/3 Mobile Safari/537.36"
200.200.200.238 - - [11/Dec/2023:01:14:36 +0300] "GET /wp-content/uploads/2023/11/ani-galstyan-krugovorot-mp3-image.jpg HTTP/1.1" 200 33776 "http://aurorawifi.ru/music/m-a-k/" "Mozilla/5.0 (Linux; arm_64; Android 12; M2102J20SG) AppleWebKit/537.36 (KHTML, like Gecko) Chrome/118.0.5993.709 YaSearchBrowser/23.111.1 BroPP/1.0 YaSearchApp/23.111.1 webOmni SA/3 Mobile Safari/537.36"
200.200.200.238 - - [11/Dec/2023:01:14:37 +0300] "GET /wp-content/uploads/2023/11/m1000x1000-1.jpg HTTP/1.1" 200 222431 "http://aurorawifi.ru/music/m-a-k/" "Mozilla/5.0 (Linux; arm_64; Android 12; M2102J20SG) AppleWebKit/537.36 (KHTML, like Gecko) Chrome/118.0.5993.709 YaSearchBrowser/23.111.1 BroPP/1.0 YaSearchApp/23.111.1 webOmni SA/3 Mobile Safari/537.36"
200.200.200.238 - - [11/Dec/2023:01:14:37 +0300] "GET /wp-content/uploads/2023/11/m1000x1000.jpg HTTP/1.1" 200 279957 "http://aurorawifi.ru/music/m-a-k/" "Mozilla/5.0 (Linux; arm_64; Android 12; M2102J20SG) AppleWebKit/537.36 (KHTML, like Gecko) Chrome/118.0.5993.709 YaSearchBrowser/23.111.1 BroPP/1.0 YaSearchApp/23.111.1 webOmni SA/3 Mobile Safari/537.36"
200.200.200.238 - - [11/Dec/2023:01:14:37 +0300] "GET /wp-content/uploads/2023/11/m1000x1000-3.jpg HTTP/1.1" 200 183617 "http://aurorawifi.ru/music/m-a-k/" "Mozilla/5.0 (Linux; arm_64; Android 12; M2102J20SG) AppleWebKit/537.36 (KHTML, like Gecko) Chrome/118.0.5993.709 YaSearchBrowser/23.111.1 BroPP/1.0 YaSearchApp/23.111.1 webOmni SA/3 Mobile Safari/537.36"
200.200.200.238 - - [11/Dec/2023:01:14:37 +0300] "GET /wp-content/uploads/2023/11/m1000x1000-2.jpg HTTP/1.1" 200 140600 "http://aurorawifi.ru/music/m-a-k/" "Mozilla/5.0 (Linux; arm_64; Android 12; M2102J20SG) AppleWebKit/537.36 (KHTML, like Gecko) Chrome/118.0.5993.709 YaSearchBrowser/23.111.1 BroPP/1.0 YaSearchApp/23.111.1 webOmni SA/3 Mobile Safari/537.36"
200.200.200.238 - - [11/Dec/2023:01:14:38 +0300] "GET /wp-content/uploads/2023/11/m1000x1000-4.jpg HTTP/1.1" 200 184358 "http://aurorawifi.ru/music/m-a-k/" "Mozilla/5.0 (Linux; arm_64; Android 12; M2102J20SG) AppleWebKit/537.36 (KHTML, like Gecko) Chrome/118.0.5993.709 YaSearchBrowser/23.111.1 BroPP/1.0 YaSearchApp/23.111.1 webOmni SA/3 Mobile Safari/537.36"
200.200.200.238 - - [11/Dec/2023:01:14:38 +0300] "GET /wp-content/uploads/2023/11/m1000x1000-5.jpg HTTP/1.1" 200 152807 "http://aurorawifi.ru/music/m-a-k/" "Mozilla/5.0 (Linux; arm_64; Android 12; M2102J20SG) AppleWebKit/537.36 (KHTML, like Gecko) Chrome/118.0.5993.709 YaSearchBrowser/23.111.1 BroPP/1.0 YaSearchApp/23.111.1 webOmni SA/3 Mobile Safari/537.36"
200.200.200.238 - - [11/Dec/2023:01:14:38 +0300] "GET /wp-content/uploads/2023/11/julian-hock-franczuzskie-guby-mp3-image.jpg HTTP/1.1" 200 81354 "http://aurorawifi.ru/music/m-a-k/" "Mozilla/5.0 (Linux; arm_64; Android 12; M2102J20SG) AppleWebKit/537.36 (KHTML, like Gecko) Chrome/118.0.5993.709 YaSearchBrowser/23.111.1 BroPP/1.0 YaSearchApp/23.111.1 webOmni SA/3 Mobile Safari/537.36"
200.200.200.238 - - [11/Dec/2023:01:14:38 +0300] "GET /wp-content/uploads/2023/11/ditroy-neria-v-golove-mp3-image.jpg HTTP/1.1" 200 216922 "http://aurorawifi.ru/music/m-a-k/" "Mozilla/5.0 (Linux; arm_64; Android 12; M2102J20SG) AppleWebKit/537.36 (KHTML, like Gecko) Chrome/118.0.5993.709 YaSearchBrowser/23.111.1 BroPP/1.0 YaSearchApp/23.111.1 webOmni SA/3 Mobile Safari/537.36"
::1 - - [11/Dec/2023:01:14:40 +0300] "OPTIONS * HTTP/1.0" 200 126 "-" "Apache/2.4.41 (Ubuntu) (internal dummy connection)"
::1 - - [11/Dec/2023:01:14:41 +0300] "OPTIONS * HTTP/1.0" 200 126 "-" "Apache/2.4.41 (Ubuntu) (internal dummy connection)"
200.200.200.238 - - [11/Dec/2023:01:14:41 +0300] "GET /wp-content/uploads/2023/11/kenshinboy-avans-mp3-image.jpg HTTP/1.1" 200 7487 "http://aurorawifi.ru/music/m-a-k/" "Mozilla/5.0 (Linux; arm_64; Android 12; M2102J20SG) AppleWebKit/537.36 (KHTML, like Gecko) Chrome/118.0.5993.709 YaSearchBrowser/23.111.1 BroPP/1.0 YaSearchApp/23.111.1 webOmni SA/3 Mobile Safari/537.36"
200.200.200.238 - - [11/Dec/2023:01:14:41 +0300] "GET /wp-content/uploads/2023/11/kenshinboy-stress-mp3-image.jpg HTTP/1.1" 200 11513 "http://aurorawifi.ru/music/m-a-k/" "Mozilla/5.0 (Linux; arm_64; Android 12; M2102J20SG) AppleWebKit/537.36 (KHTML, like Gecko) Chrome/118.0.5993.709 YaSearchBrowser/23.111.1 BroPP/1.0 YaSearchApp/23.111.1 webOmni SA/3 Mobile Safari/537.36"
200.200.200.238 - - [11/Dec/2023:01:14:41 +0300] "GET /wp-content/uploads/2023/11/mironov-kosva-kak-dela-mp3-image.jpg HTTP/1.1" 200 9464 "http://aurorawifi.ru/music/m-a-k/" "Mozilla/5.0 (Linux; arm_64; Android 12; M2102J20SG) AppleWebKit/537.36 (KHTML, like Gecko) Chrome/118.0.5993.709 YaSearchBrowser/23.111.1 BroPP/1.0 YaSearchApp/23.111.1 webOmni SA/3 Mobile Safari/537.36"
200.200.200.238 - - [11/Dec/2023:01:14:41 +0300] "GET /wp-content/uploads/2023/11/mironov-15-mp3-image.jpg HTTP/1.1" 200 8215 "http://aurorawifi.ru/music/m-a-k/" "Mozilla/5.0 (Linux; arm_64; Android 12; M2102J20SG) AppleWebKit/537.36 (KHTML, like Gecko) Chrome/118.0.5993.709 YaSearchBrowser/23.111.1 BroPP/1.0 YaSearchApp/23.111.1 webOmni SA/3 Mobile Safari/537.36"
200.200.200.238 - - [11/Dec/2023:01:14:41 +0300] "GET /wp-content/uploads/2023/11/mironov-danya-bura-ispaniya-megasound-remix-mp3-image.jpg HTTP/1.1" 200 9317 "http://aurorawifi.ru/music/m-a-k/" "Mozilla/5.0 (Linux; arm_64; Android 12; M2102J20SG) AppleWebKit/537.36 (KHTML, like Gecko) Chrome/118.0.5993.709 YaSearchBrowser/23.111.1 BroPP/1.0 YaSearchApp/23.111.1 webOmni SA/3 Mobile Safari/537.36"
::1 - - [11/Dec/2023:01:14:42 +0300] "OPTIONS * HTTP/1.0" 200 126 "-" "Apache/2.4.41 (Ubuntu) (internal dummy connection)"
::1 - - [11/Dec/2023:01:14:43 +0300] "OPTIONS * HTTP/1.0" 200 126 "-" "Apache/2.4.41 (Ubuntu) (internal dummy connection)"
200.200.200.248 - - [11/Dec/2023:01:14:42 +0300] "GET /wp-json/wp-statistics/v2/online?wp_statistics_hit_rest=yes&track_all=1&current_page_type=post_type_video&current_page_id=13082&search_query&page_uri=L3ZpZGVvL3BvLWtvbGVuby9wby1rb2xlbm8tc2VyaXlhLTEv HTTP/1.1" 200 626 "http://auroraeifi.ru/video/po-koleno/po-koleno-seriya-1/" "Mozilla/5.0 (Linux; arm_64; Android 12; SM-G991B) AppleWebKit/537.36 (KHTML, like Gecko) Chrome/118.0.5993.2332 YaApp_Android/23.110.1 YaSearchBrowser/23.110.1 BroPP/1.0 SA/3 Mobile Safari/537.36"
::1 - - [11/Dec/2023:01:14:44 +0300] "OPTIONS * HTTP/1.0" 200 126 "-" "Apache/2.4.41 (Ubuntu) (internal dummy connection)"
200.200.200.238 - - [11/Dec/2023:01:14:44 +0300] "GET /wp-content/uploads/2023/11/mironov-zabyla-mp3-image.jpg HTTP/1.1" 200 8641 "http://aurorawifi.ru/music/m-a-k/" "Mozilla/5.0 (Linux; arm_64; Android 12; M2102J20SG) AppleWebKit/537.36 (KHTML, like Gecko) Chrome/118.0.5993.709 YaSearchBrowser/23.111.1 BroPP/1.0 YaSearchApp/23.111.1 webOmni SA/3 Mobile Safari/537.36"
200.200.200.238 - - [11/Dec/2023:01:14:44 +0300] "GET /wp-content/uploads/2023/11/mironov-paczan-no-love-mp3-image.jpg HTTP/1.1" 200 327326 "http://aurorawifi.ru/music/m-a-k/" "Mozilla/5.0 (Linux; arm_64; Android 12; M2102J20SG) AppleWebKit/537.36 (KHTML, like Gecko) Chrome/118.0.5993.709 YaSearchBrowser/23.111.1 BroPP/1.0 YaSearchApp/23.111.1 webOmni SA/3 Mobile Safari/537.36"
200.200.200.238 - - [11/Dec/2023:01:14:44 +0300] "GET /wp-content/uploads/2023/11/naked-sense-stop-mp3-image.jpg HTTP/1.1" 200 56414 "http://aurorawifi.ru/music/m-a-k/" "Mozilla/5.0 (Linux; arm_64; Android 12; M2102J20SG) AppleWebKit/537.36 (KHTML, like Gecko) Chrome/118.0.5993.709 YaSearchBrowser/23.111.1 BroPP/1.0 YaSearchApp/23.111.1 webOmni SA/3 Mobile Safari/537.36"
200.200.200.238 - - [11/Dec/2023:01:14:44 +0300] "GET /wp-content/uploads/2023/11/naked-sense-hate-mp3-image.jpg HTTP/1.1" 200 54266 "http://aurorawifi.ru/music/m-a-k/" "Mozilla/5.0 (Linux; arm_64; Android 12; M2102J20SG) AppleWebKit/537.36 (KHTML, like Gecko) Chrome/118.0.5993.709 YaSearchBrowser/23.111.1 BroPP/1.0 YaSearchApp/23.111.1 webOmni SA/3 Mobile Safari/537.36"
200.200.200.60 - - [11/Dec/2023:01:14:44 +0300] "GET /provider/filmy-i-serialy/ HTTP/1.1" 200 12171 "http://aurorawifi.ru/main/" "Mozilla/5.0 (iPhone; CPU iPhone OS 17_1_2 like Mac OS X) AppleWebKit/605.1.15 (KHTML, like Gecko) Version/17.1.2 Mobile/15E148 Safari/604.1"
200.200.200.60 - - [11/Dec/2023:01:14:45 +0300] "GET /wp-content/uploads/2023/11/640px-plakat_k_filmu_vesyolye_rebyata.jpg HTTP/1.1" 200 167667 "http://aurorawifi.ru/provider/filmy-i-serialy/" "Mozilla/5.0 (iPhone; CPU iPhone OS 17_1_2 like Mac OS X) AppleWebKit/605.1.15 (KHTML, like Gecko) Version/17.1.2 Mobile/15E148 Safari/604.1"
200.200.200.238 - - [11/Dec/2023:01:14:45 +0300] "GET /wp-content/uploads/2023/11/naked-sense-vesnoj-mp3-image.jpg HTTP/1.1" 200 133343 "http://aurorawifi.ru/music/m-a-k/" "Mozilla/5.0 (Linux; arm_64; Android 12; M2102J20SG) AppleWebKit/537.36 (KHTML, like Gecko) Chrome/118.0.5993.709 YaSearchBrowser/23.111.1 BroPP/1.0 YaSearchApp/23.111.1 webOmni SA/3 Mobile Safari/537.36"
200.200.200.238 - - [11/Dec/2023:01:14:45 +0300] "GET /wp-content/uploads/2023/11/naked-sense-boginya-mp3-image.jpg HTTP/1.1" 200 306729 "http://aurorawifi.ru/music/m-a-k/" "Mozilla/5.0 (Linux; arm_64; Android 12; M2102J20SG) AppleWebKit/537.36 (KHTML, like Gecko) Chrome/118.0.5993.709 YaSearchBrowser/23.111.1 BroPP/1.0 YaSearchApp/23.111.1 webOmni SA/3 Mobile Safari/537.36"
200.200.200.60 - - [11/Dec/2023:01:14:45 +0300] "GET /wp-content/uploads/2023/11/podpiska_levelone-1536x1536.jpg HTTP/1.1" 200 75271 "http://aurorawifi.ru/provider/filmy-i-serialy/" "Mozilla/5.0 (iPhone; CPU iPhone OS 17_1_2 like Mac OS X) AppleWebKit/605.1.15 (KHTML, like Gecko) Version/17.1.2 Mobile/15E148 Safari/604.1"
200.200.200.60 - - [11/Dec/2023:01:14:45 +0300] "GET /wp-content/uploads/2023/11/1562596976.994977_2e5b327c2e24479bb65fb663d4eb8a2e.jpg HTTP/1.1" 200 117065 "http://aurorawifi.ru/provider/filmy-i-serialy/" "Mozilla/5.0 (iPhone; CPU iPhone OS 17_1_2 like Mac OS X) AppleWebKit/605.1.15 (KHTML, like Gecko) Version/17.1.2 Mobile/15E148 Safari/604.1"
200.200.200.60 - - [11/Dec/2023:01:14:45 +0300] "GET /wp-content/uploads/2023/11/600x900.jpg HTTP/1.1" 200 185663 "http://aurorawifi.ru/provider/filmy-i-serialy/" "Mozilla/5.0 (iPhone; CPU iPhone OS 17_1_2 like Mac OS X) AppleWebKit/605.1.15 (KHTML, like Gecko) Version/17.1.2 Mobile/15E148 Safari/604.1"
200.200.200.60 - - [11/Dec/2023:01:14:45 +0300] "GET /wp-content/uploads/2023/11/1655819520.863888_c4327c1b586b46fbac9b773b1cd1a208.jpg HTTP/1.1" 200 339994 "http://aurorawifi.ru/provider/filmy-i-serialy/" "Mozilla/5.0 (iPhone; CPU iPhone OS 17_1_2 like Mac OS X) AppleWebKit/605.1.15 (KHTML, like Gecko) Version/17.1.2 Mobile/15E148 Safari/604.1"
200.200.200.60 - - [11/Dec/2023:01:14:45 +0300] "GET /wp-content/uploads/2023/11/1607444951.219247_df8d1a2e5b7a48278dd64f1556a30a3a.jpg HTTP/1.1" 200 329616 "http://aurorawifi.ru/provider/filmy-i-serialy/" "Mozilla/5.0 (iPhone; CPU iPhone OS 17_1_2 like Mac OS X) AppleWebKit/605.1.15 (KHTML, like Gecko) Version/17.1.2 Mobile/15E148 Safari/604.1"
200.200.200.60 - - [11/Dec/2023:01:14:45 +0300] "GET /wp-content/uploads/2023/11/1675157262.994236_e9288aa148914eb78d3f22b391adc2cf.jpg HTTP/1.1" 200 283611 "http://aurorawifi.ru/provider/filmy-i-serialy/" "Mozilla/5.0 (iPhone; CPU iPhone OS 17_1_2 like Mac OS X) AppleWebKit/605.1.15 (KHTML, like Gecko) Version/17.1.2 Mobile/15E148 Safari/604.1"
200.200.200.60 - - [11/Dec/2023:01:14:45 +0300] "GET /wp-content/uploads/2023/11/600x900-_1_.jpg HTTP/1.1" 200 160173 "http://aurorawifi.ru/provider/filmy-i-serialy/" "Mozilla/5.0 (iPhone; CPU iPhone OS 17_1_2 like Mac OS X) AppleWebKit/605.1.15 (KHTML, like Gecko) Version/17.1.2 Mobile/15E148 Safari/604.1"
200.200.200.60 - - [11/Dec/2023:01:14:45 +0300] "GET /wp-content/uploads/2023/11/600x900-_2_.jpg HTTP/1.1" 200 119296 "http://aurorawifi.ru/provider/filmy-i-serialy/" "Mozilla/5.0 (iPhone; CPU iPhone OS 17_1_2 like Mac OS X) AppleWebKit/605.1.15 (KHTML, like Gecko) Version/17.1.2 Mobile/15E148 Safari/604.1"
200.200.200.60 - - [11/Dec/2023:01:14:45 +0300] "GET /wp-content/uploads/2023/11/1691156401.629498_60b9bbf4155e412ebe929c1f14df75ab.jpg HTTP/1.1" 200 306933 "http://aurorawifi.ru/provider/filmy-i-serialy/" "Mozilla/5.0 (iPhone; CPU iPhone OS 17_1_2 like Mac OS X) AppleWebKit/605.1.15 (KHTML, like Gecko) Version/17.1.2 Mobile/15E148 Safari/604.1"
200.200.200.60 - - [11/Dec/2023:01:14:45 +0300] "GET /wp-content/uploads/2023/11/1674194440.732356_b3ef99a3adfa4d81a2e592a7b7220217.jpg HTTP/1.1" 200 307430 "http://aurorawifi.ru/provider/filmy-i-serialy/" "Mozilla/5.0 (iPhone; CPU iPhone OS 17_1_2 like Mac OS X) AppleWebKit/605.1.15 (KHTML, like Gecko) Version/17.1.2 Mobile/15E148 Safari/604.1"
200.200.200.60 - - [11/Dec/2023:01:14:45 +0300] "GET /wp-content/uploads/2023/11/1597835521.641903_5a165528ae5b45c7ab918176a9248c96.jpg HTTP/1.1" 200 328201 "http://aurorawifi.ru/provider/filmy-i-serialy/" "Mozilla/5.0 (iPhone; CPU iPhone OS 17_1_2 like Mac OS X) AppleWebKit/605.1.15 (KHTML, like Gecko) Version/17.1.2 Mobile/15E148 Safari/604.1"
200.200.200.60 - - [11/Dec/2023:01:14:45 +0300] "GET /wp-content/uploads/2023/10/logo_moroshka_aurora.svg HTTP/1.1" 200 1841499 "http://aurorawifi.ru/provider/filmy-i-serialy/" "Mozilla/5.0 (iPhone; CPU iPhone OS 17_1_2 like Mac OS X) AppleWebKit/605.1.15 (KHTML, like Gecko) Version/17.1.2 Mobile/15E148 Safari/604.1"
200.200.200.238 - - [11/Dec/2023:01:14:46 +0300] "GET /wp-content/uploads/2023/11/naked-sense-gudbaj-blyuz-mp3-image.jpg HTTP/1.1" 200 260545 "http://aurorawifi.ru/music/m-a-k/" "Mozilla/5.0 (Linux; arm_64; Android 12; M2102J20SG) AppleWebKit/537.36 (KHTML, like Gecko) Chrome/118.0.5993.709 YaSearchBrowser/23.111.1 BroPP/1.0 YaSearchApp/23.111.1 webOmni SA/3 Mobile Safari/537.36"
200.200.200.238 - - [11/Dec/2023:01:14:46 +0300] "GET /wp-content/uploads/2023/11/thelostplanet-calling-mp3-image.jpg HTTP/1.1" 200 396511 "http://aurorawifi.ru/music/m-a-k/" "Mozilla/5.0 (Linux; arm_64; Android 12; M2102J20SG) AppleWebKit/537.36 (KHTML, like Gecko) Chrome/118.0.5993.709 YaSearchBrowser/23.111.1 BroPP/1.0 YaSearchApp/23.111.1 webOmni SA/3 Mobile Safari/537.36"
200.200.200.238 - - [11/Dec/2023:01:14:46 +0300] "GET /wp-content/uploads/2023/11/thelostplanet-mad-dogs-mp3-image.jpg HTTP/1.1" 200 230604 "http://aurorawifi.ru/music/m-a-k/" "Mozilla/5.0 (Linux; arm_64; Android 12; M2102J20SG) AppleWebKit/537.36 (KHTML, like Gecko) Chrome/118.0.5993.709 YaSearchBrowser/23.111.1 BroPP/1.0 YaSearchApp/23.111.1 webOmni SA/3 Mobile Safari/537.36"
200.200.200.238 - - [11/Dec/2023:01:14:46 +0300] "GET /wp-content/uploads/2023/11/thelostplanet-yeetwav-mp3-image.jpg HTTP/1.1" 200 353391 "http://aurorawifi.ru/music/m-a-k/" "Mozilla/5.0 (Linux; arm_64; Android 12; M2102J20SG) AppleWebKit/537.36 (KHTML, like Gecko) Chrome/118.0.5993.709 YaSearchBrowser/23.111.1 BroPP/1.0 YaSearchApp/23.111.1 webOmni SA/3 Mobile Safari/537.36"
200.200.200.60 - - [11/Dec/2023:01:14:47 +0300] "GET /wp-content/uploads/2023/11/1674195923.346899_e1670a43b3e646c2886fa9c1ec5e2bba.jpg HTTP/1.1" 200 263498 "http://aurorawifi.ru/provider/filmy-i-serialy/" "Mozilla/5.0 (iPhone; CPU iPhone OS 17_1_2 like Mac OS X) AppleWebKit/605.1.15 (KHTML, like Gecko) Version/17.1.2 Mobile/15E148 Safari/604.1"
200.200.200.60 - - [11/Dec/2023:01:14:47 +0300] "GET /wp-content/uploads/2023/11/1572530542.283682_97ea2d7bc40546d19998368c85873416.jpg HTTP/1.1" 200 262484 "http://aurorawifi.ru/provider/filmy-i-serialy/" "Mozilla/5.0 (iPhone; CPU iPhone OS 17_1_2 like Mac OS X) AppleWebKit/605.1.15 (KHTML, like Gecko) Version/17.1.2 Mobile/15E148 Safari/604.1"
200.200.200.60 - - [11/Dec/2023:01:14:47 +0300] "GET /wp-content/uploads/2023/11/1670515987.368918_3b9b85740144401599ea093309ff90b9.jpg HTTP/1.1" 200 350363 "http://aurorawifi.ru/provider/filmy-i-serialy/" "Mozilla/5.0 (iPhone; CPU iPhone OS 17_1_2 like Mac OS X) AppleWebKit/605.1.15 (KHTML, like Gecko) Version/17.1.2 Mobile/15E148 Safari/604.1"
200.200.200.60 - - [11/Dec/2023:01:14:47 +0300] "GET /wp-content/uploads/2023/11/1674195360.433097_cd54ccf993364c8c9ed954e0206c1d4a.jpg HTTP/1.1" 200 291729 "http://aurorawifi.ru/provider/filmy-i-serialy/" "Mozilla/5.0 (iPhone; CPU iPhone OS 17_1_2 like Mac OS X) AppleWebKit/605.1.15 (KHTML, like Gecko) Version/17.1.2 Mobile/15E148 Safari/604.1"
200.200.200.60 - - [11/Dec/2023:01:14:47 +0300] "GET /wp-content/uploads/2023/11/300x450-_2_.jpeg HTTP/1.1" 200 32658 "http://aurorawifi.ru/provider/filmy-i-serialy/" "Mozilla/5.0 (iPhone; CPU iPhone OS 17_1_2 like Mac OS X) AppleWebKit/605.1.15 (KHTML, like Gecko) Version/17.1.2 Mobile/15E148 Safari/604.1"
200.200.200.60 - - [11/Dec/2023:01:14:47 +0300] "GET /wp-content/uploads/2023/07/vertinskij.-odinokij.jpg HTTP/1.1" 200 34730 "http://aurorawifi.ru/provider/filmy-i-serialy/" "Mozilla/5.0 (iPhone; CPU iPhone OS 17_1_2 like Mac OS X) AppleWebKit/605.1.15 (KHTML, like Gecko) Version/17.1.2 Mobile/15E148 Safari/604.1"
200.200.200.60 - - [11/Dec/2023:01:14:48 +0300] "GET /wp-content/uploads/2023/11/zagruzhennoe3.jpg HTTP/1.1" 200 160418 "http://aurorawifi.ru/provider/filmy-i-serialy/" "Mozilla/5.0 (iPhone; CPU iPhone OS 17_1_2 like Mac OS X) AppleWebKit/605.1.15 (KHTML, like Gecko) Version/17.1.2 Mobile/15E148 Safari/604.1"
200.200.200.60 - - [11/Dec/2023:01:14:48 +0300] "GET /wp-content/uploads/2023/08/8-1.jpg HTTP/1.1" 200 146334 "http://aurorawifi.ru/provider/filmy-i-serialy/" "Mozilla/5.0 (iPhone; CPU iPhone OS 17_1_2 like Mac OS X) AppleWebKit/605.1.15 (KHTML, like Gecko) Version/17.1.2 Mobile/15E148 Safari/604.1"
200.200.200.60 - - [11/Dec/2023:01:14:50 +0300] "GET /provider/filmy-i-serialy/page/2/ HTTP/1.1" 200 11709 "http://aurorawifi.ru/provider/filmy-i-serialy/" "Mozilla/5.0 (iPhone; CPU iPhone OS 17_1_2 like Mac OS X) AppleWebKit/605.1.15 (KHTML, like Gecko) Version/17.1.2 Mobile/15E148 Safari/604.1"
200.200.200.238 - - [11/Dec/2023:01:14:50 +0300] "GET /music/m-a-k/esli-b-pasha-yavs/ HTTP/1.1" 200 14129 "http://aurorawifi.ru/music/m-a-k/" "Mozilla/5.0 (Linux; arm_64; Android 12; M2102J20SG) AppleWebKit/537.36 (KHTML, like Gecko) Chrome/118.0.5993.709 YaSearchBrowser/23.111.1 BroPP/1.0 YaSearchApp/23.111.1 webOmni SA/3 Mobile Safari/537.36"
200.200.200.60 - - [11/Dec/2023:01:14:50 +0300] "GET /wp-content/uploads/2023/08/9-1.jpg HTTP/1.1" 200 158272 "http://aurorawifi.ru/provider/filmy-i-serialy/" "Mozilla/5.0 (iPhone; CPU iPhone OS 17_1_2 like Mac OS X) AppleWebKit/605.1.15 (KHTML, like Gecko) Version/17.1.2 Mobile/15E148 Safari/604.1"
200.200.200.60 - - [11/Dec/2023:01:14:50 +0300] "GET /wp-content/uploads/2023/08/6-1.jpg HTTP/1.1" 200 105403 "http://aurorawifi.ru/provider/filmy-i-serialy/" "Mozilla/5.0 (iPhone; CPU iPhone OS 17_1_2 like Mac OS X) AppleWebKit/605.1.15 (KHTML, like Gecko) Version/17.1.2 Mobile/15E148 Safari/604.1"
200.200.200.60 - - [11/Dec/2023:01:14:50 +0300] "GET /wp-content/uploads/2023/08/5-1.jpg HTTP/1.1" 200 98557 "http://aurorawifi.ru/provider/filmy-i-serialy/" "Mozilla/5.0 (iPhone; CPU iPhone OS 17_1_2 like Mac OS X) AppleWebKit/605.1.15 (KHTML, like Gecko) Version/17.1.2 Mobile/15E148 Safari/604.1"
200.200.200.60 - - [11/Dec/2023:01:14:50 +0300] "GET /wp-content/uploads/2023/08/7-1.jpg HTTP/1.1" 200 101714 "http://aurorawifi.ru/provider/filmy-i-serialy/" "Mozilla/5.0 (iPhone; CPU iPhone OS 17_1_2 like Mac OS X) AppleWebKit/605.1.15 (KHTML, like Gecko) Version/17.1.2 Mobile/15E148 Safari/604.1"
200.200.200.60 - - [11/Dec/2023:01:14:50 +0300] "GET /wp-content/uploads/2023/08/4-1.jpg HTTP/1.1" 200 117320 "http://aurorawifi.ru/provider/filmy-i-serialy/" "Mozilla/5.0 (iPhone; CPU iPhone OS 17_1_2 like Mac OS X) AppleWebKit/605.1.15 (KHTML, like Gecko) Version/17.1.2 Mobile/15E148 Safari/604.1"
200.200.200.60 - - [11/Dec/2023:01:14:50 +0300] "GET /wp-content/uploads/2023/08/vnezonyd.jpg HTTP/1.1" 200 121199 "http://aurorawifi.ru/provider/filmy-i-serialy/" "Mozilla/5.0 (iPhone; CPU iPhone OS 17_1_2 like Mac OS X) AppleWebKit/605.1.15 (KHTML, like Gecko) Version/17.1.2 Mobile/15E148 Safari/604.1"
200.200.200.60 - - [11/Dec/2023:01:14:50 +0300] "GET /wp-content/uploads/2023/08/chymovoyng.jpg HTTP/1.1" 200 187213 "http://aurorawifi.ru/provider/filmy-i-serialy/" "Mozilla/5.0 (iPhone; CPU iPhone OS 17_1_2 like Mac OS X) AppleWebKit/605.1.15 (KHTML, like Gecko) Version/17.1.2 Mobile/15E148 Safari/604.1"
200.200.200.60 - - [11/Dec/2023:01:14:50 +0300] "GET /wp-content/uploads/2023/08/11-1.jpg HTTP/1.1" 200 99438 "http://aurorawifi.ru/provider/filmy-i-serialy/" "Mozilla/5.0 (iPhone; CPU iPhone OS 17_1_2 like Mac OS X) AppleWebKit/605.1.15 (KHTML, like Gecko) Version/17.1.2 Mobile/15E148 Safari/604.1"
200.200.200.238 - - [11/Dec/2023:01:14:51 +0300] "GET /wp-content/uploads/2023/11/pasha-yavs-esli-b.mp3 HTTP/1.1" 206 2295080 "http://aurorawifi.ru/music/m-a-k/esli-b-pasha-yavs/" "Mozilla/5.0 (Linux; arm_64; Android 12; M2102J20SG) AppleWebKit/537.36 (KHTML, like Gecko) Chrome/118.0.5993.709 YaSearchBrowser/23.111.1 BroPP/1.0 YaSearchApp/23.111.1 webOmni SA/3 Mobile Safari/537.36"
200.200.200.60 - - [11/Dec/2023:01:14:52 +0300] "GET /wp-content/uploads/2023/08/marusyafor.jpg HTTP/1.1" 200 154039 "http://aurorawifi.ru/provider/filmy-i-serialy/" "Mozilla/5.0 (iPhone; CPU iPhone OS 17_1_2 like Mac OS X) AppleWebKit/605.1.15 (KHTML, like Gecko) Version/17.1.2 Mobile/15E148 Safari/604.1"
200.200.200.60 - - [11/Dec/2023:01:14:52 +0300] "GET /wp-content/uploads/2023/08/147acfb37c3d95b49aee6f8d04aa114c.1024_klvn0uk.jpg HTTP/1.1" 200 232502 "http://aurorawifi.ru/provider/filmy-i-serialy/" "Mozilla/5.0 (iPhone; CPU iPhone OS 17_1_2 like Mac OS X) AppleWebKit/605.1.15 (KHTML, like Gecko) Version/17.1.2 Mobile/15E148 Safari/604.1"
200.200.200.238 - - [11/Dec/2023:01:14:53 +0300] "GET /wp-content/uploads/2023/11/pasha-yavs-esli-b.mp3 HTTP/1.1" 206 1276074 "http://aurorawifi.ru/music/m-a-k/esli-b-pasha-yavs/" "Mozilla/5.0 (Linux; arm_64; Android 12; M2102J20SG) AppleWebKit/537.36 (KHTML, like Gecko) Chrome/118.0.5993.709 YaSearchBrowser/23.111.1 BroPP/1.0 YaSearchApp/23.111.1 webOmni SA/3 Mobile Safari/537.36"
200.200.200.60 - - [11/Dec/2023:01:14:54 +0300] "GET /wp-content/uploads/2023/08/600x900-17.webp HTTP/1.1" 200 92057 "http://aurorawifi.ru/provider/filmy-i-serialy/" "Mozilla/5.0 (iPhone; CPU iPhone OS 17_1_2 like Mac OS X) AppleWebKit/605.1.15 (KHTML, like Gecko) Version/17.1.2 Mobile/15E148 Safari/604.1"
200.200.200.60 - - [11/Dec/2023:01:14:54 +0300] "GET /wp-content/uploads/2023/08/3840x-3-1497x2048.webp HTTP/1.1" 200 324764 "http://aurorawifi.ru/provider/filmy-i-serialy/" "Mozilla/5.0 (iPhone; CPU iPhone OS 17_1_2 like Mac OS X) AppleWebKit/605.1.15 (KHTML, like Gecko) Version/17.1.2 Mobile/15E148 Safari/604.1"
200.200.200.60 - - [11/Dec/2023:01:14:55 +0300] "GET /wp-content/uploads/2023/08/600x900-16.webp HTTP/1.1" 200 37336 "http://aurorawifi.ru/provider/filmy-i-serialy/" "Mozilla/5.0 (iPhone; CPU iPhone OS 17_1_2 like Mac OS X) AppleWebKit/605.1.15 (KHTML, like Gecko) Version/17.1.2 Mobile/15E148 Safari/604.1"
200.200.200.60 - - [11/Dec/2023:01:14:55 +0300] "GET /wp-content/uploads/2023/08/3840x.webp HTTP/1.1" 200 151886 "http://aurorawifi.ru/provider/filmy-i-serialy/" "Mozilla/5.0 (iPhone; CPU iPhone OS 17_1_2 like Mac OS X) AppleWebKit/605.1.15 (KHTML, like Gecko) Version/17.1.2 Mobile/15E148 Safari/604.1"
::1 - - [11/Dec/2023:01:14:56 +0300] "OPTIONS * HTTP/1.0" 200 126 "-" "Apache/2.4.41 (Ubuntu) (internal dummy connection)"
200.200.200.60 - - [11/Dec/2023:01:14:58 +0300] "GET /wp-content/uploads/2023/08/3840x-2.webp HTTP/1.1" 200 81883 "http://aurorawifi.ru/provider/filmy-i-serialy/" "Mozilla/5.0 (iPhone; CPU iPhone OS 17_1_2 like Mac OS X) AppleWebKit/605.1.15 (KHTML, like Gecko) Version/17.1.2 Mobile/15E148 Safari/604.1"
200.200.200.60 - - [11/Dec/2023:01:14:58 +0300] "GET /wp-content/uploads/2023/08/25-1.jpg HTTP/1.1" 200 141739 "http://aurorawifi.ru/provider/filmy-i-serialy/" "Mozilla/5.0 (iPhone; CPU iPhone OS 17_1_2 like Mac OS X) AppleWebKit/605.1.15 (KHTML, like Gecko) Version/17.1.2 Mobile/15E148 Safari/604.1"
200.200.200.238 - - [11/Dec/2023:01:14:59 +0300] "GET /wp-content/uploads/2023/11/thelostplanet-time-of-my-lifeobrezannyj-mp3-image.jpg HTTP/1.1" 200 270348 "http://aurorawifi.ru/music/m-a-k/esli-b-pasha-yavs/" "Mozilla/5.0 (Linux; arm_64; Android 12; M2102J20SG) AppleWebKit/537.36 (KHTML, like Gecko) Chrome/118.0.5993.709 YaSearchBrowser/23.111.1 BroPP/1.0 YaSearchApp/23.111.1 webOmni SA/3 Mobile Safari/537.36"
200.200.200.238 - - [11/Dec/2023:01:14:59 +0300] "GET /wp-content/uploads/2023/11/thelostplanet-final-round-mp3-image.jpg HTTP/1.1" 200 377140 "http://aurorawifi.ru/music/m-a-k/esli-b-pasha-yavs/" "Mozilla/5.0 (Linux; arm_64; Android 12; M2102J20SG) AppleWebKit/537.36 (KHTML, like Gecko) Chrome/118.0.5993.709 YaSearchBrowser/23.111.1 BroPP/1.0 YaSearchApp/23.111.1 webOmni SA/3 Mobile Safari/537.36"
200.200.200.238 - - [11/Dec/2023:01:15:00 +0300] "GET /wp-content/uploads/2023/11/zelen1n-letnie-nochi-mp3-image.jpg HTTP/1.1" 200 250044 "http://aurorawifi.ru/music/m-a-k/esli-b-pasha-yavs/" "Mozilla/5.0 (Linux; arm_64; Android 12; M2102J20SG) AppleWebKit/537.36 (KHTML, like Gecko) Chrome/118.0.5993.709 YaSearchBrowser/23.111.1 BroPP/1.0 YaSearchApp/23.111.1 webOmni SA/3 Mobile Safari/537.36"
200.200.200.238 - - [11/Dec/2023:01:15:00 +0300] "GET /wp-content/uploads/2023/11/zelen1n-by-barter-mp3-image.jpg HTTP/1.1" 200 281590 "http://aurorawifi.ru/music/m-a-k/esli-b-pasha-yavs/" "Mozilla/5.0 (Linux; arm_64; Android 12; M2102J20SG) AppleWebKit/537.36 (KHTML, like Gecko) Chrome/118.0.5993.709 YaSearchBrowser/23.111.1 BroPP/1.0 YaSearchApp/23.111.1 webOmni SA/3 Mobile Safari/537.36"
200.200.200.238 - - [11/Dec/2023:01:15:00 +0300] "GET /wp-content/uploads/2023/11/m1000x1000-6.jpg HTTP/1.1" 200 123101 "http://aurorawifi.ru/music/m-a-k/esli-b-pasha-yavs/" "Mozilla/5.0 (Linux; arm_64; Android 12; M2102J20SG) AppleWebKit/537.36 (KHTML, like Gecko) Chrome/118.0.5993.709 YaSearchBrowser/23.111.1 BroPP/1.0 YaSearchApp/23.111.1 webOmni SA/3 Mobile Safari/537.36"
200.200.200.60 - - [11/Dec/2023:01:15:00 +0300] "GET /wp-content/uploads/2023/08/2-4.jpg HTTP/1.1" 200 105500 "http://aurorawifi.ru/provider/filmy-i-serialy/" "Mozilla/5.0 (iPhone; CPU iPhone OS 17_1_2 like Mac OS X) AppleWebKit/605.1.15 (KHTML, like Gecko) Version/17.1.2 Mobile/15E148 Safari/604.1"
200.200.200.60 - - [11/Dec/2023:01:15:00 +0300] "GET /wp-content/uploads/2023/08/24-1.jpg HTTP/1.1" 200 122947 "http://aurorawifi.ru/provider/filmy-i-serialy/" "Mozilla/5.0 (iPhone; CPU iPhone OS 17_1_2 like Mac OS X) AppleWebKit/605.1.15 (KHTML, like Gecko) Version/17.1.2 Mobile/15E148 Safari/604.1"
200.200.200.60 - - [11/Dec/2023:01:15:03 +0300] "GET /wp-content/uploads/2023/07/kashhej-bessmertnyj.jpg HTTP/1.1" 200 169658 "http://aurorawifi.ru/provider/filmy-i-serialy/" "Mozilla/5.0 (iPhone; CPU iPhone OS 17_1_2 like Mac OS X) AppleWebKit/605.1.15 (KHTML, like Gecko) Version/17.1.2 Mobile/15E148 Safari/604.1"
200.200.200.60 - - [11/Dec/2023:01:15:03 +0300] "GET /wp-content/uploads/2023/08/1-12.jpg HTTP/1.1" 200 130315 "http://aurorawifi.ru/provider/filmy-i-serialy/" "Mozilla/5.0 (iPhone; CPU iPhone OS 17_1_2 like Mac OS X) AppleWebKit/605.1.15 (KHTML, like Gecko) Version/17.1.2 Mobile/15E148 Safari/604.1"
::1 - - [11/Dec/2023:01:15:08 +0300] "OPTIONS * HTTP/1.0" 200 126 "-" "Apache/2.4.41 (Ubuntu) (internal dummy connection)"
200.200.200.60 - - [11/Dec/2023:01:15:07 +0300] "GET /provider/filmy-i-serialy/page/3/ HTTP/1.1" 200 11391 "http://aurorawifi.ru/provider/filmy-i-serialy/page/2/" "Mozilla/5.0 (iPhone; CPU iPhone OS 17_1_2 like Mac OS X) AppleWebKit/605.1.15 (KHTML, like Gecko) Version/17.1.2 Mobile/15E148 Safari/604.1"
200.200.200.60 - - [11/Dec/2023:01:15:08 +0300] "GET /wp-content/uploads/2023/07/ivan-groznyj.jpg HTTP/1.1" 200 101256 "http://aurorawifi.ru/provider/filmy-i-serialy/page/2/" "Mozilla/5.0 (iPhone; CPU iPhone OS 17_1_2 like Mac OS X) AppleWebKit/605.1.15 (KHTML, like Gecko) Version/17.1.2 Mobile/15E148 Safari/604.1"
200.200.200.60 - - [11/Dec/2023:01:15:08 +0300] "GET /wp-content/uploads/2023/08/600x900-14.webp HTTP/1.1" 200 61561 "http://aurorawifi.ru/provider/filmy-i-serialy/page/2/" "Mozilla/5.0 (iPhone; CPU iPhone OS 17_1_2 like Mac OS X) AppleWebKit/605.1.15 (KHTML, like Gecko) Version/17.1.2 Mobile/15E148 Safari/604.1"
200.200.200.60 - - [11/Dec/2023:01:15:08 +0300] "GET /wp-content/uploads/2023/07/bespridannicza.jpg HTTP/1.1" 200 131766 "http://aurorawifi.ru/provider/filmy-i-serialy/page/2/" "Mozilla/5.0 (iPhone; CPU iPhone OS 17_1_2 like Mac OS X) AppleWebKit/605.1.15 (KHTML, like Gecko) Version/17.1.2 Mobile/15E148 Safari/604.1"
200.200.200.60 - - [11/Dec/2023:01:15:08 +0300] "GET /wp-content/uploads/2023/07/pyshka.jpg HTTP/1.1" 200 87853 "http://aurorawifi.ru/provider/filmy-i-serialy/page/2/" "Mozilla/5.0 (iPhone; CPU iPhone OS 17_1_2 like Mac OS X) AppleWebKit/605.1.15 (KHTML, like Gecko) Version/17.1.2 Mobile/15E148 Safari/604.1"
200.200.200.60 - - [11/Dec/2023:01:15:08 +0300] "GET /wp-content/uploads/2023/07/nebesnyj-tihohod.jpg HTTP/1.1" 200 153680 "http://aurorawifi.ru/provider/filmy-i-serialy/page/2/" "Mozilla/5.0 (iPhone; CPU iPhone OS 17_1_2 like Mac OS X) AppleWebKit/605.1.15 (KHTML, like Gecko) Version/17.1.2 Mobile/15E148 Safari/604.1"
200.200.200.60 - - [11/Dec/2023:01:15:08 +0300] "GET /wp-content/uploads/2023/07/medved.jpg HTTP/1.1" 200 144681 "http://aurorawifi.ru/provider/filmy-i-serialy/page/2/" "Mozilla/5.0 (iPhone; CPU iPhone OS 17_1_2 like Mac OS X) AppleWebKit/605.1.15 (KHTML, like Gecko) Version/17.1.2 Mobile/15E148 Safari/604.1"
200.200.200.60 - - [11/Dec/2023:01:15:08 +0300] "GET /wp-content/uploads/2023/08/600x900-13.webp HTTP/1.1" 200 81221 "http://aurorawifi.ru/provider/filmy-i-serialy/page/2/" "Mozilla/5.0 (iPhone; CPU iPhone OS 17_1_2 like Mac OS X) AppleWebKit/605.1.15 (KHTML, like Gecko) Version/17.1.2 Mobile/15E148 Safari/604.1"
200.200.200.60 - - [11/Dec/2023:01:15:08 +0300] "GET /wp-content/uploads/2023/07/po-shhuchemu-velenyu.jpg HTTP/1.1" 200 508943 "http://aurorawifi.ru/provider/filmy-i-serialy/page/2/" "Mozilla/5.0 (iPhone; CPU iPhone OS 17_1_2 like Mac OS X) AppleWebKit/605.1.15 (KHTML, like Gecko) Version/17.1.2 Mobile/15E148 Safari/604.1"
200.200.200.60 - - [11/Dec/2023:01:15:10 +0300] "GET /wp-content/uploads/2023/08/600x900-11.webp HTTP/1.1" 200 96157 "http://aurorawifi.ru/provider/filmy-i-serialy/page/2/" "Mozilla/5.0 (iPhone; CPU iPhone OS 17_1_2 like Mac OS X) AppleWebKit/605.1.15 (KHTML, like Gecko) Version/17.1.2 Mobile/15E148 Safari/604.1"
200.200.200.60 - - [11/Dec/2023:01:15:10 +0300] "GET /wp-content/uploads/2023/08/600x900-12.webp HTTP/1.1" 200 189020 "http://aurorawifi.ru/provider/filmy-i-serialy/page/2/" "Mozilla/5.0 (iPhone; CPU iPhone OS 17_1_2 like Mac OS X) AppleWebKit/605.1.15 (KHTML, like Gecko) Version/17.1.2 Mobile/15E148 Safari/604.1"
200.200.200.60 - - [11/Dec/2023:01:15:10 +0300] "GET /wp-content/uploads/2023/08/600x900-10.webp HTTP/1.1" 200 66149 "http://aurorawifi.ru/provider/filmy-i-serialy/page/2/" "Mozilla/5.0 (iPhone; CPU iPhone OS 17_1_2 like Mac OS X) AppleWebKit/605.1.15 (KHTML, like Gecko) Version/17.1.2 Mobile/15E148 Safari/604.1"
200.200.200.60 - - [11/Dec/2023:01:15:10 +0300] "GET /wp-content/uploads/2023/08/600x900-9.webp HTTP/1.1" 200 114356 "http://aurorawifi.ru/provider/filmy-i-serialy/page/2/" "Mozilla/5.0 (iPhone; CPU iPhone OS 17_1_2 like Mac OS X) AppleWebKit/605.1.15 (KHTML, like Gecko) Version/17.1.2 Mobile/15E148 Safari/604.1"
200.200.200.60 - - [11/Dec/2023:01:15:11 +0300] "GET /wp-content/uploads/2023/08/600x900-8.webp HTTP/1.1" 200 74897 "http://aurorawifi.ru/provider/filmy-i-serialy/page/2/" "Mozilla/5.0 (iPhone; CPU iPhone OS 17_1_2 like Mac OS X) AppleWebKit/605.1.15 (KHTML, like Gecko) Version/17.1.2 Mobile/15E148 Safari/604.1"
200.200.200.60 - - [11/Dec/2023:01:15:11 +0300] "GET /wp-content/uploads/2023/07/ledyanaya-istoriya.jpg HTTP/1.1" 200 113927 "http://aurorawifi.ru/provider/filmy-i-serialy/page/2/" "Mozilla/5.0 (iPhone; CPU iPhone OS 17_1_2 like Mac OS X) AppleWebKit/605.1.15 (KHTML, like Gecko) Version/17.1.2 Mobile/15E148 Safari/604.1"
200.200.200.60 - - [11/Dec/2023:01:15:11 +0300] "GET /wp-content/uploads/2023/08/600x900-7.webp HTTP/1.1" 200 69447 "http://aurorawifi.ru/provider/filmy-i-serialy/page/2/" "Mozilla/5.0 (iPhone; CPU iPhone OS 17_1_2 like Mac OS X) AppleWebKit/605.1.15 (KHTML, like Gecko) Version/17.1.2 Mobile/15E148 Safari/604.1"
200.200.200.60 - - [11/Dec/2023:01:15:11 +0300] "GET /wp-content/uploads/2023/08/dolzhnik-424x600-1.jpg HTTP/1.1" 200 69956 "http://aurorawifi.ru/provider/filmy-i-serialy/page/2/" "Mozilla/5.0 (iPhone; CPU iPhone OS 17_1_2 like Mac OS X) AppleWebKit/605.1.15 (KHTML, like Gecko) Version/17.1.2 Mobile/15E148 Safari/604.1"
200.200.200.60 - - [11/Dec/2023:01:15:12 +0300] "GET /wp-content/uploads/2023/08/600x900-5.webp HTTP/1.1" 200 138082 "http://aurorawifi.ru/provider/filmy-i-serialy/page/2/" "Mozilla/5.0 (iPhone; CPU iPhone OS 17_1_2 like Mac OS X) AppleWebKit/605.1.15 (KHTML, like Gecko) Version/17.1.2 Mobile/15E148 Safari/604.1"
200.200.200.60 - - [11/Dec/2023:01:15:12 +0300] "GET /wp-content/uploads/2023/08/600x900-6.webp HTTP/1.1" 200 99179 "http://aurorawifi.ru/provider/filmy-i-serialy/page/2/" "Mozilla/5.0 (iPhone; CPU iPhone OS 17_1_2 like Mac OS X) AppleWebKit/605.1.15 (KHTML, like Gecko) Version/17.1.2 Mobile/15E148 Safari/604.1"
200.200.200.60 - - [11/Dec/2023:01:15:13 +0300] "GET /wp-content/uploads/2023/08/600x900-4.webp HTTP/1.1" 200 80941 "http://aurorawifi.ru/provider/filmy-i-serialy/page/2/" "Mozilla/5.0 (iPhone; CPU iPhone OS 17_1_2 like Mac OS X) AppleWebKit/605.1.15 (KHTML, like Gecko) Version/17.1.2 Mobile/15E148 Safari/604.1"
200.200.200.60 - - [11/Dec/2023:01:15:13 +0300] "GET /wp-content/uploads/2023/08/600x900-3.webp HTTP/1.1" 200 111940 "http://aurorawifi.ru/provider/filmy-i-serialy/page/2/" "Mozilla/5.0 (iPhone; CPU iPhone OS 17_1_2 like Mac OS X) AppleWebKit/605.1.15 (KHTML, like Gecko) Version/17.1.2 Mobile/15E148 Safari/604.1"
200.200.200.248 - - [11/Dec/2023:01:15:12 +0300] "GET /wp-json/wp-statistics/v2/online?wp_statistics_hit_rest=yes&track_all=1&current_page_type=post_type_video&current_page_id=13082&search_query&page_uri=L3ZpZGVvL3BvLWtvbGVuby9wby1rb2xlbm8tc2VyaXlhLTEv HTTP/1.1" 200 626 "http://auroraeifi.ru/video/po-koleno/po-koleno-seriya-1/" "Mozilla/5.0 (Linux; arm_64; Android 12; SM-G991B) AppleWebKit/537.36 (KHTML, like Gecko) Chrome/118.0.5993.2332 YaApp_Android/23.110.1 YaSearchBrowser/23.110.1 BroPP/1.0 SA/3 Mobile Safari/537.36"
200.200.200.60 - - [11/Dec/2023:01:15:15 +0300] "GET /wp-json/wp-statistics/v2/online?wp_statistics_hit_rest=yes&track_all=0&current_page_type=tax&current_page_id=2925&search_query&page_uri=L3Byb3ZpZGVyL2ZpbG15LWktc2VyaWFseS8 HTTP/1.1" 200 625 "http://aurorawifi.ru/provider/filmy-i-serialy/page/3/" "Mozilla/5.0 (iPhone; CPU iPhone OS 17_1_2 like Mac OS X) AppleWebKit/605.1.15 (KHTML, like Gecko) Version/17.1.2 Mobile/15E148 Safari/604.1"
200.200.200.238 - - [11/Dec/2023:01:15:17 +0300] "GET /wp-json/wp-statistics/v2/online?wp_statistics_hit_rest=yes&track_all=1&current_page_type=post_type_music&current_page_id=14861&search_query&page_uri=L211c2ljL20tYS1rLw= HTTP/1.1" 200 626 "http://aurorawifi.ru/music/m-a-k/" "Mozilla/5.0 (Linux; arm_64; Android 12; M2102J20SG) AppleWebKit/537.36 (KHTML, like Gecko) Chrome/118.0.5993.709 YaSearchBrowser/23.111.1 BroPP/1.0 YaSearchApp/23.111.1 webOmni SA/3 Mobile Safari/537.36"
200.200.200.60 - - [11/Dec/2023:01:15:18 +0300] "GET /magazine/ HTTP/1.1" 200 9680 "http://aurorawifi.ru/main/" "Mozilla/5.0 (iPhone; CPU iPhone OS 17_1_2 like Mac OS X) AppleWebKit/605.1.15 (KHTML, like Gecko) Version/17.1.2 Mobile/15E148 Safari/604.1"
200.200.200.60 - - [11/Dec/2023:01:15:18 +0300] "GET /wp-content/uploads/2023/11/snimok-ekrana-2023-11-14-161646.png HTTP/1.1" 200 546958 "http://aurorawifi.ru/magazine/" "Mozilla/5.0 (iPhone; CPU iPhone OS 17_1_2 like Mac OS X) AppleWebKit/605.1.15 (KHTML, like Gecko) Version/17.1.2 Mobile/15E148 Safari/604.1"
200.200.200.60 - - [11/Dec/2023:01:15:18 +0300] "GET /wp-content/uploads/2023/08/aurora_march_2022-1_page-0001-1200x1536.jpg HTTP/1.1" 200 461060 "http://aurorawifi.ru/magazine/" "Mozilla/5.0 (iPhone; CPU iPhone OS 17_1_2 like Mac OS X) AppleWebKit/605.1.15 (KHTML, like Gecko) Version/17.1.2 Mobile/15E148 Safari/604.1"
